Microchip MPLAB XC8 Compiler V1.38 ()

Linker command line:

-W-3 --edf=/Applications/microchip/xc8/v1.38/dat/en_msgs.txt -cs \
  -h+dist/default/production/Head_Device.production.sym \
  --cmf=dist/default/production/Head_Device.production.cmf -z -Q18F2480 \
  -o/tmp/xccqCq14z -Mdist/default/production/Head_Device.production.map -E1 \
  -ver=XC8 -ASTACK=0ACh-02ffh -pstack=STACK -ACODE=00h-03FFFh \
  -ACONST=00h-03FFFh -ASMALLCONST=0300h-03FFhx61 -AMEDIUMCONST=0300h-03FFFh \
  -ACOMRAM=01h-05Fh -AABS1=00h-02FFh -ABIGRAM=01h-02FFh \
  -ARAM=060h-0FFh,0100h-01FFhx2 -ABANK0=060h-0FFh -ABANK1=0100h-01FFh \
  -ABANK2=0200h-02FFh -ASFR=0D00h-0DFFhx2,0F00h-0F5Fh,0F60h-0FFFh \
  -preset_vec=00h,intcode=08h,intcodelo,powerup,init,end_init \
  -pramtop=0300h -psmallconst=SMALLCONST -pmediumconst=MEDIUMCONST \
  -pconst=CONST -AFARRAM=00h-00h -ACONFIG=0300000h-030000Dh -pconfig=CONFIG \
  -AIDLOC=0200000h-0200007h -pidloc=IDLOC -AEEDATA=0F00000h-0F000FFh \
  -peeprom_data=EEDATA \
  -prdata=COMRAM,nvrram=COMRAM,nvbit=COMRAM,rbss=COMRAM,rbit=COMRAM \
  -pfarbss=FARRAM,fardata=FARRAM,nvFARRAM=FARRAM \
  -pintsave_regs=BIGRAM,bigbss=BIGRAM,bigdata=BIGRAM -pbss=RAM \
  -pidata=CODE,irdata=CODE,ibigdata=CODE,ifardata=CODE -prparam=COMRAM \
  /tmp/xcSnX90Vx.obj dist/default/production/Head_Device.production.obj 

Object code version is 3.11

Machine type is 18F2480

Call graph: (short form)




                Name                               Link     Load   Length Selector   Space Scale
/tmp/xcSnX90Vx.obj
                end_init                             16       16        4        4       0
                reset_vec                             0        0        4        0       0
                idloc                            200000   200000        8   200000       0
                config                           300000   300000        E   300000       0
dist/default/production/Head_Device.production.obj
                intcode                               8        8        E        4       0
                temp                                 4F       4F        1        1       1
                smallconst                          300      300       BE      180       0
                text38                             1192     1192        2      1DF       0
                text37                             1190     1190        2      1DF       0
                text36                             1174     1174        8      1DF       0
                text35                             1182     1182        6      1DF       0
                intcode_body                        916      916       C2      1DF       0
                text33                              FE8      FE8       36      1DF       0
                text32                             10EC     10EC       1E      1DF       0
                text31                             1152     1152        E      1DF       0
                text30                              D04      D04       70      1DF       0
                text29                             10C6     10C6       26      1DF       0
                text28                              9D8      9D8       B4      1DF       0
                text27                              D74      D74       6E      1DF       0
                text26                              DE2      DE2       6A      1DF       0
                text25                             117C     117C        6      1DF       0
                text24                             1160     1160        C      1DF       0
                text23                             10A0     10A0       26      1DF       0
                text22                             101E     101E       2E      1DF       0
                text21                              742      742       EC      1DF       0
                text20                              E4C      E4C       68      1DF       0
                text19                             1188     1188        4      1DF       0
                text18                              F66      F66       4A      1DF       0
                text17                             1076     1076       2A      1DF       0
                text16                              54C      54C       FE      1DF       0
                text15                              C94      C94       70      1DF       0
                text14                              FB0      FB0       38      1DF       0
                text13                              B9E      B9E       84      1DF       0
                text12                             1144     1144        E      1DF       0
                text11                              F12      F12       54      1DF       0
                text10                              3BE      3BE      18E      1DF       0
                text9                               A8C      A8C       8E      1DF       0
                text8                               C22      C22       72      1DF       0
                text7                              111E     111E       14      1DF       0
                text6                              110A     110A       14      1DF       0
                text5                               64A      64A       F8      1DF       0
                text4                              1132     1132       12      1DF       0
                text3                               82E      82E       E8      1DF       0
                text2                              118E     118E        2      1DF       0
                text1                              104C     104C       2A      1DF       0
                text0                               B1A      B1A       84      1DF       0
                cstackCOMRAM                          1        1       2C        1       1
                cstackBANK0                          9A       9A       10       60       1
                dataBANK0                            AA       AA        2       60       1
                bssBANK0                             60       60       3A       60       1
                dataCOMRAM                           47       47        8        1       1
                bssCOMRAM                            2D       2D       1A        1       1
                cinit                               EB4      EB4       5E      1DF       0
                idataBANK0                         118C     118C        2      1DF       0
                idataCOMRAM                        116C     116C        8      1DF       0

TOTAL           Name                               Link     Load   Length     Space
        CLASS   STACK          

        CLASS   CODE           
                end_init                             16       16        4         0
                intcode                               8        8        E         0
                reset_vec                             0        0        4         0
                text38                             1192     1192        2         0
                text37                             1190     1190        2         0
                text36                             1174     1174        8         0
                text35                             1182     1182        6         0
                intcode_body                        916      916       C2         0
                text33                              FE8      FE8       36         0
                text32                             10EC     10EC       1E         0
                text31                             1152     1152        E         0
                text30                              D04      D04       70         0
                text29                             10C6     10C6       26         0
                text28                              9D8      9D8       B4         0
                text27                              D74      D74       6E         0
                text26                              DE2      DE2       6A         0
                text25                             117C     117C        6         0
                text24                             1160     1160        C         0
                text23                             10A0     10A0       26         0
                text22                             101E     101E       2E         0
                text21                              742      742       EC         0
                text20                              E4C      E4C       68         0
                text19                             1188     1188        4         0
                text18                              F66      F66       4A         0
                text17                             1076     1076       2A         0
                text16                              54C      54C       FE         0
                text15                              C94      C94       70         0
                text14                              FB0      FB0       38         0
                text13                              B9E      B9E       84         0
                text12                             1144     1144        E         0
                text11                              F12      F12       54         0
                text10                              3BE      3BE      18E         0
                text9                               A8C      A8C       8E         0
                text8                               C22      C22       72         0
                text7                              111E     111E       14         0
                text6                              110A     110A       14         0
                text5                               64A      64A       F8         0
                text4                              1132     1132       12         0
                text3                               82E      82E       E8         0
                text2                              118E     118E        2         0
                text1                              104C     104C       2A         0
                text0                               B1A      B1A       84         0
                cinit                               EB4      EB4       5E         0
                idataBANK0                         118C     118C        2         0
                idataCOMRAM                        116C     116C        8         0

        CLASS   CONST          

        CLASS   SMALLCONST     
                smallconst                          300      300       BE         0

        CLASS   MEDIUMCONST    

        CLASS   COMRAM         
                temp                                 4F       4F        1         1
                cstackCOMRAM                          1        1       2C         1
                dataCOMRAM                           47       47        8         1
                bssCOMRAM                            2D       2D       1A         1

        CLASS   ABS1           

        CLASS   BIGRAM         

        CLASS   RAM            

        CLASS   BANK0          
                cstackBANK0                          9A       9A       10         1
                dataBANK0                            AA       AA        2         1
                bssBANK0                             60       60       3A         1

        CLASS   BANK1          

        CLASS   BANK2          

        CLASS   SFR            

        CLASS   FARRAM         

        CLASS   CONFIG         
                config                           300000   300000        E         0

        CLASS   IDLOC          
                idloc                            200000   200000        8         0

        CLASS   EEDATA         



SEGMENTS        Name                           Load    Length   Top    Selector   Space  Class

                reset_vec                      000000  000004  000004         0       0  CODE    
                cstackCOMRAM                   000001  00004F  000050         1       1  COMRAM  
                intcode                        000008  000012  00001A         4       0  CODE    
                bssBANK0                       000060  00004C  0000AC        60       1  BANK0   
                smallconst                     000300  0000BE  0003BE       180       0  SMALLCON
                text10                         0003BE  000DD6  001194       1DF       0  CODE    
                idloc                          200000  000008  200008    200000       0  IDLOC   
                config                         300000  00000E  30000E    300000       0  CONFIG  


UNUSED ADDRESS RANGES

        Name                Unused          Largest block    Delta
        BANK0            0000AC-0000FF               54
        BANK1            000100-0001FF              100
        BANK2            000200-0002FF              100
        BIGRAM           000050-00005F               10
                         0000AC-0002FF              254
        CODE             000004-000007                4
                         00001A-0002FF              2E6
                         001194-003FFF             2E6C
        COMRAM           000050-00005F               10
        CONST            000004-000007                4
                         00001A-0002FF              2E6
                         001194-003FFF             2E6C
        EEDATA           F00000-F000FF              100
        MEDIUMCONST      001194-003FFF             2E6C
        RAM              0000AC-0002FF              100
        SFR              000D00-000FFF              100
        SMALLCONST       001194-003FFF              100
        STACK            0000AC-0002FF              254

                                  Symbol Table

?_RunButtonDebounceSM                cstackBANK0  00009B
?_RunCan_XmitService                 cstackBANK0  00009B
?___awmod                            cstackCOMRAM 000011
?___wmul                             cstackCOMRAM 000017
?_printf                             cstackCOMRAM 000011
Can_XmitService@MyPriority           bssCOMRAM    00003C
CheckButtonEvents@CurrentButtonState cstackBANK0  0000A2
CheckButtonEvents@ReturnVal          cstackBANK0  00009E
CheckButtonEvents@ThisEvent          cstackBANK0  00009F
ES_CheckUserEvents@i                 cstackBANK0  0000A3
ES_DeQueue@NumLeft                   cstackCOMRAM 000024
ES_DeQueue@SaveCrit                  cstackCOMRAM 000023
ES_DeQueue@pBlock                    cstackCOMRAM 00001D
ES_DeQueue@pReturnEvent              cstackCOMRAM 00001F
ES_DeQueue@pThisQueue                cstackCOMRAM 000025
ES_EnQueueFIFO@Event2Add             cstackCOMRAM 00001F
ES_EnQueueFIFO@SaveCrit              cstackCOMRAM 000025
ES_EnQueueFIFO@pBlock                cstackCOMRAM 00001D
ES_EnQueueFIFO@pThisQueue            cstackCOMRAM 000026
ES_GetMSBitSet@LoopCntr              cstackCOMRAM 00001A
ES_GetMSBitSet@Nybble2Test           cstackCOMRAM 000019
ES_GetMSBitSet@ReturnVal             cstackCOMRAM 000018
ES_GetMSBitSet@Val2Check             cstackCOMRAM 000011
ES_InitQueue@BlockSize               cstackCOMRAM 000013
ES_InitQueue@pBlock                  cstackCOMRAM 000011
ES_InitQueue@pThisQueue              cstackCOMRAM 000014
ES_Initialize@NewRate                cstackBANK0  00009F
ES_Initialize@i                      cstackBANK0  0000A1
ES_PostAll@ThisEvent                 cstackCOMRAM 000028
ES_PostAll@i                         cstackBANK0  00009A
ES_PostToService@TheEvent            cstackCOMRAM 000028
ES_PostToService@WhichService        cstackBANK0  00009A
ES_Run@HighestPrior                  cstackBANK0  0000A8
ES_Run@ThisEvent                     bssCOMRAM    000043
ES_Timer_Init@Rate                   cstackCOMRAM 000013
ES_Timer_InitTimer@NewTime           cstackCOMRAM 000011
ES_Timer_InitTimer@Num               cstackCOMRAM 000015
ES_Timer_StopTimer@Num               cstackCOMRAM 000015
ES_Timer_Tick_Resp@NeedsProcessing   bssCOMRAM    000030
ES_Timer_Tick_Resp@NewEvent          bssCOMRAM    00002D
ES_Timer_Tick_Resp@NextTimer2Process bssCOMRAM    00003D
ISR@LastTime                         bssCOMRAM    000032
ISR@NextTime                         bssCOMRAM    000034
InitCan_XmitService@Priority         cstackBANK0  00009E
InitCan_XmitService@ThisEvent        cstackBANK0  00009B
InitializeButtonDebounce@Priority    cstackCOMRAM 000016
PostButtonDebounceSM@ThisEvent       cstackBANK0  00009B
PostCan_XmitService@ThisEvent        cstackBANK0  00009B
RunButtonDebounceSM@ReturnEvent      cstackBANK0  00009E
RunButtonDebounceSM@ThisEvent        cstackBANK0  00009B
RunCan_XmitService@ReturnEvent       cstackBANK0  0000A0
RunCan_XmitService@ThisEvent         cstackBANK0  00009B
XmitData@DataBytes                   cstackCOMRAM 000011
XmitData@numBytes                    cstackCOMRAM 000013
_ADCON1                              (abs)        000FC1
_BRGCON1bits                         (abs)        000F70
_BRGCON2bits                         (abs)        000F71
_BRGCON3bits                         (abs)        000F72
_BitNum2SetMask                      smallconst   000301
_BusErrorResponse                    text38       001192
_CANCON                              (abs)        000F6F
_CANSTATbits                         (abs)        000F6E
_CCP1CON                             (abs)        000FBD
_CCP1IF                              (abs)        007CF2
_CCPR1H                              (abs)        000FBF
_CCPR1L                              (abs)        000FBE
_CIOCON                              (abs)        000F73
_CanErrorResponse                    text37       001190
_CanRCVResponse                      text36       001174
_CanXmitResponse                     text35       001182
_Check4Keystroke                     text19       001188
_CheckButtonEvents                   text20       000E4C
_CurrentState                        bssCOMRAM    00003E
_DistList00                          smallconst   000362
_ECANCON                             (abs)        000F77
_ERRIE                               (abs)        007D1D
_ERRIF                               (abs)        007D25
_ES_CheckUserEvents                  text18       000F66
_ES_DeQueue                          text16       00054C
_ES_EnQueueFIFO                      text28       0009D8
_ES_EventList                        smallconst   00035E
_ES_GetMSBitSet                      text8        000C22
_ES_InitQueue                        text33       000FE8
_ES_Initialize                       text21       000742
_ES_PostAll                          text15       000C94
_ES_PostToService                    text27       000D74
_ES_Run                              text3        00082E
_ES_Timer_Init                       text31       001152
_ES_Timer_InitTimer                  text26       000DE2
_ES_Timer_StopTimer                  text14       000FB0
_ES_Timer_Tick_Resp                  text5        00064A
_EventQueues                         smallconst   000358
_GIE                                 (abs)        007F97
_GetInputLine                        text25       00117C
_INTCON                              (abs)        000FF2
_IRCF0                               (abs)        007E9C
_IRCF1                               (abs)        007E9D
_IRCF2                               (abs)        007E9E
_IRXIE                               (abs)        007D1F
_IRXIF                               (abs)        007D27
_ISR                                 intcode      000008
_IdleData                            bssCOMRAM    000046
_InitButtonHW                        text24       001160
_InitCanHardware                     text13       000B9E
_InitCan_XmitService                 text22       00101E
_InitPins                            text12       001144
_InitializeButtonDebounce            text23       0010A0
_IsListening                         bssCOMRAM    00003F
_LATB                                (abs)        000F8A
_LATC                                (abs)        000F8B
_LastButtonState                     bssCOMRAM    000040
_ListeningCenterData                 dataBANK0    0000AA
_ListeningIdleData                   dataCOMRAM   000047
_ListeningLeftData                   dataCOMRAM   000049
_ListeningRightData                  dataCOMRAM   00004B
_LoadingData                         dataCOMRAM   00004D
_MyPriority                          bssCOMRAM    000041
_Nybble2MSBitNum                     smallconst   000341
_PEIE                                (abs)        007F96
_PIE1                                (abs)        000F9D
_PORTB                               (abs)        000F81
_PORTC                               (abs)        000F82
_PostButtonDebounceSM                text6        00110A
_PostCan_XmitService                 text7        00111E
_Queue0                              bssBANK0     000082
_Queue1                              bssBANK0     00008E
_RXB0CONbits                         (abs)        000F60
_RXB0IE                              (abs)        007D18
_RXB0IF                              (abs)        007D20
_RXF0EIDH                            (abs)        000F02
_RXF0EIDL                            (abs)        000F03
_RXF0SIDH                            (abs)        000F00
_RXF0SIDL                            (abs)        000F01
_RXM0EIDH                            (abs)        000F1A
_RXM0EIDL                            (abs)        000F1B
_RXM0SIDH                            (abs)        000F18
_RXM0SIDL                            (abs)        000F19
_Ready                               bssCOMRAM    000036
_RunButtonDebounceSM                 text9        000A8C
_RunCan_XmitService                  text10       0003BE
_SCS1                                (abs)        007E99
_ServDescList                        smallconst   000350
_SpeakingData                        dataCOMRAM   00004E
_SysTickCounter                      bssCOMRAM    000038
_T1CON                               (abs)        000FCD
_TMR_ActiveFlags                     bssCOMRAM    00003A
_TMR_TimerArray                      bssBANK0     000060
_TRISBbits                           (abs)        000F93
_TXB0CONbits                         (abs)        000F40
_TXB0D0                              (abs)        000F46
_TXB0D1                              (abs)        000F47
_TXB0DLC                             (abs)        000F45
_TXB0EIDH                            (abs)        000F43
_TXB0EIDL                            (abs)        000F44
_TXB0IE                              (abs)        007D1A
_TXB0IF                              (abs)        007D22
_TXB0SIDH                            (abs)        000F41
_TXB0SIDL                            (abs)        000F42
_TickCount                           bssCOMRAM    000042
_Timer2PostFunc                      smallconst   000321
_XmitData                            text11       000F12
__CFG_BOREN$OFF                      (abs)        000000
__CFG_MCLRE$ON                       (abs)        000000
__CFG_OSC$IRCIO67                    (abs)        000000
__CFG_PBADEN$OFF                     (abs)        000000
__CFG_PWRT$OFF                       (abs)        000000
__CFG_WDT$OFF                        (abs)        000000
__HRAM                               (abs)        000000
__HW_Process_Pending_Ints            text4        001132
__HW_Timer_Init                      text32       0010EC
__HW_Timer_Init@Rate                 cstackCOMRAM 000011
__Habs1                              abs1         000000
__Hbank0                             bank0        000000
__Hbank1                             bank1        000000
__Hbank2                             bank2        000000
__Hbigbss                            bigbss       000000
__Hbigdata                           bigdata      000000
__Hbigram                            bigram       000000
__Hbss                               bss          000000
__HbssBANK0                          bssBANK0     000000
__HbssCOMRAM                         bssCOMRAM    000000
__Hcinit                             cinit        000000
__Hclrtext                           clrtext      000000
__Hcomram                            comram       000000
__Hconfig                            config       30000E
__Hconst                             const        000000
__HcstackBANK0                       cstackBANK0  000000
__HcstackCOMRAM                      cstackCOMRAM 000000
__Hdata                              data         000000
__HdataBANK0                         dataBANK0    000000
__HdataCOMRAM                        dataCOMRAM   000000
__Heeprom_data                       eeprom_data  000000
__Hend_init                          end_init     00001A
__Hfarbss                            farbss       000000
__Hfardata                           fardata      000000
__Hibigdata                          ibigdata     000000
__Hidata                             idata        000000
__HidataBANK0                        idataBANK0   000000
__HidataCOMRAM                       idataCOMRAM  000000
__Hidloc                             idloc        200008
__Hifardata                          ifardata     000000
__Hinit                              init         000016
__Hintcode                           intcode      000016
__Hintcode_body                      intcode_body 000000
__Hintcodelo                         intcodelo    000016
__Hintentry                          intentry     000000
__Hintret                            intret       000000
__Hintsave_regs                      intsave_regs 000000
__Hirdata                            irdata       000000
__Hmediumconst                       mediumconst  000000
__HnvFARRAM                          nvFARRAM     000000
__Hnvbit                             nvbit        000000
__Hnvrram                            nvrram       000000
__Hparam                             rparam       000000
__Hpowerup                           powerup      000016
__Hram                               ram          000000
__Hramtop                            ramtop       000300
__Hrbit                              rbit         000000
__Hrbss                              rbss         000000
__Hrdata                             rdata        000000
__Hreset_vec                         reset_vec    000004
__Hrparam                            rparam       000000
__Hsfr                               sfr          000000
__Hsmallconst                        smallconst   0003BE
__Hspace_0                           (abs)        30000E
__Hspace_1                           (abs)        0000AC
__Hspace_2                           (abs)        000000
__Hstack                             stack        000000
__Hstruct                            struct       000000
__Htemp                              temp         000050
__Htext                              text         000000
__Htext0                             text0        000000
__Htext1                             text1        000000
__Htext10                            text10       000000
__Htext11                            text11       000000
__Htext12                            text12       000000
__Htext13                            text13       000000
__Htext14                            text14       000000
__Htext15                            text15       000000
__Htext16                            text16       000000
__Htext17                            text17       000000
__Htext18                            text18       000000
__Htext19                            text19       000000
__Htext2                             text2        000000
__Htext20                            text20       000000
__Htext21                            text21       000000
__Htext22                            text22       000000
__Htext23                            text23       000000
__Htext24                            text24       000000
__Htext25                            text25       000000
__Htext26                            text26       000000
__Htext27                            text27       000000
__Htext28                            text28       000000
__Htext29                            text29       000000
__Htext3                             text3        000000
__Htext30                            text30       000000
__Htext31                            text31       000000
__Htext32                            text32       000000
__Htext33                            text33       000000
__Htext35                            text35       000000
__Htext36                            text36       000000
__Htext37                            text37       000000
__Htext38                            text38       000000
__Htext39                            text39       000000
__Htext4                             text4        000000
__Htext5                             text5        000000
__Htext6                             text6        000000
__Htext7                             text7        000000
__Htext8                             text8        000000
__Htext9                             text9        000000
__LRAM                               (abs)        000001
__Labs1                              abs1         000000
__Lbank0                             bank0        000000
__Lbank1                             bank1        000000
__Lbank2                             bank2        000000
__Lbigbss                            bigbss       000000
__Lbigdata                           bigdata      000000
__Lbigram                            bigram       000000
__Lbss                               bss          000000
__LbssBANK0                          bssBANK0     000000
__LbssCOMRAM                         bssCOMRAM    000000
__Lcinit                             cinit        000000
__Lclrtext                           clrtext      000000
__Lcomram                            comram       000000
__Lconfig                            config       300000
__Lconst                             const        000000
__LcstackBANK0                       cstackBANK0  000000
__LcstackCOMRAM                      cstackCOMRAM 000000
__Ldata                              data         000000
__LdataBANK0                         dataBANK0    000000
__LdataCOMRAM                        dataCOMRAM   000000
__Leeprom_data                       eeprom_data  000000
__Lend_init                          end_init     000016
__Lfarbss                            farbss       000000
__Lfardata                           fardata      000000
__Libigdata                          ibigdata     000000
__Lidata                             idata        000000
__LidataBANK0                        idataBANK0   000000
__LidataCOMRAM                       idataCOMRAM  000000
__Lidloc                             idloc        200000
__Lifardata                          ifardata     000000
__Linit                              init         000016
__Lintcode                           intcode      000008
__Lintcode_body                      intcode_body 000000
__Lintcodelo                         intcodelo    000016
__Lintentry                          intentry     000000
__Lintret                            intret       000000
__Lintsave_regs                      intsave_regs 000000
__Lirdata                            irdata       000000
__Lmediumconst                       mediumconst  000000
__LnvFARRAM                          nvFARRAM     000000
__Lnvbit                             nvbit        000000
__Lnvrram                            nvrram       000000
__Lparam                             rparam       000000
__Lpowerup                           powerup      000016
__Lram                               ram          000000
__Lramtop                            ramtop       000300
__Lrbit                              rbit         000000
__Lrbss                              rbss         000000
__Lrdata                             rdata        000000
__Lreset_vec                         reset_vec    000000
__Lrparam                            rparam       000000
__Lsfr                               sfr          000000
__Lsmallconst                        smallconst   000300
__Lspace_0                           (abs)        000000
__Lspace_1                           (abs)        000000
__Lspace_2                           (abs)        000000
__Lstack                             stack        000000
__Lstruct                            struct       000000
__Ltemp                              temp         00004F
__Ltext                              text         000000
__Ltext0                             text0        000000
__Ltext1                             text1        000000
__Ltext10                            text10       000000
__Ltext11                            text11       000000
__Ltext12                            text12       000000
__Ltext13                            text13       000000
__Ltext14                            text14       000000
__Ltext15                            text15       000000
__Ltext16                            text16       000000
__Ltext17                            text17       000000
__Ltext18                            text18       000000
__Ltext19                            text19       000000
__Ltext2                             text2        000000
__Ltext20                            text20       000000
__Ltext21                            text21       000000
__Ltext22                            text22       000000
__Ltext23                            text23       000000
__Ltext24                            text24       000000
__Ltext25                            text25       000000
__Ltext26                            text26       000000
__Ltext27                            text27       000000
__Ltext28                            text28       000000
__Ltext29                            text29       000000
__Ltext3                             text3        000000
__Ltext30                            text30       000000
__Ltext31                            text31       000000
__Ltext32                            text32       000000
__Ltext33                            text33       000000
__Ltext35                            text35       000000
__Ltext36                            text36       000000
__Ltext37                            text37       000000
__Ltext38                            text38       000000
__Ltext39                            text39       000000
__Ltext4                             text4        000000
__Ltext5                             text5        000000
__Ltext6                             text6        000000
__Ltext7                             text7        000000
__Ltext8                             text8        000000
__Ltext9                             text9        000000
__PRIMASK_temp                       bssBANK0     000080
__S0                                 (abs)        30000E
__S1                                 (abs)        0000AC
__S2                                 (abs)        000000
___awmod                             text30       000D04
___awmod@counter                     cstackCOMRAM 000015
___awmod@dividend                    cstackCOMRAM 000011
___awmod@divisor                     cstackCOMRAM 000013
___awmod@sign                        cstackCOMRAM 000016
___inthi_sp                          stack        000000
___intlo_sp                          stack        000000
___lbmod                             text17       001076
___lbmod@counter                     cstackCOMRAM 000013
___lbmod@dividend                    cstackCOMRAM 000012
___lbmod@divisor                     cstackCOMRAM 000011
___lbmod@rem                         cstackCOMRAM 000014
___param_bank                        (abs)        000010
___rparam_used                       (abs)        000001
___sp                                stack        000000
___wmul                              text29       0010C6
___wmul@multiplicand                 cstackCOMRAM 000019
___wmul@multiplier                   cstackCOMRAM 000017
___wmul@product                      cstackCOMRAM 00001B
__accesstop                          (abs)        000060
__activetblptr                       (abs)        000002
__end_of_BitNum2SetMask              smallconst   000321
__end_of_BusErrorResponse            text38       001194
__end_of_CanErrorResponse            text37       001192
__end_of_CanRCVResponse              text36       00117C
__end_of_CanXmitResponse             text35       001188
__end_of_Check4Keystroke             text19       00118C
__end_of_CheckButtonEvents           text20       000EB4
__end_of_DistList00                  smallconst   000364
__end_of_ES_CheckUserEvents          text18       000FB0
__end_of_ES_DeQueue                  text16       00064A
__end_of_ES_EnQueueFIFO              text28       000A8C
__end_of_ES_EventList                smallconst   000362
__end_of_ES_GetMSBitSet              text8        000C94
__end_of_ES_InitQueue                text33       00101E
__end_of_ES_Initialize               text21       00082E
__end_of_ES_PostAll                  text15       000D04
__end_of_ES_PostToService            text27       000DE2
__end_of_ES_Run                      text3        000916
__end_of_ES_Timer_Init               text31       001160
__end_of_ES_Timer_InitTimer          text26       000E4C
__end_of_ES_Timer_StopTimer          text14       000FE8
__end_of_ES_Timer_Tick_Resp          text5        000742
__end_of_EventQueues                 smallconst   00035E
__end_of_GetInputLine                text25       001182
__end_of_ISR                         intcode_body 0009D8
__end_of_InitButtonHW                text24       00116C
__end_of_InitCanHardware             text13       000C22
__end_of_InitCan_XmitService         text22       00104C
__end_of_InitPins                    text12       001152
__end_of_InitializeButtonDebounce    text23       0010C6
__end_of_Nybble2MSBitNum             smallconst   000350
__end_of_PostButtonDebounceSM        text6        00111E
__end_of_PostCan_XmitService         text7        001132
__end_of_RunButtonDebounceSM         text9        000B1A
__end_of_RunCan_XmitService          text10       00054C
__end_of_ServDescList                smallconst   000358
__end_of_Timer2PostFunc              smallconst   000341
__end_of_XmitData                    text11       000F66
__end_of__HW_Process_Pending_Ints    text4        001144
__end_of__HW_Timer_Init              text32       00110A
__end_of___awmod                     text30       000D74
__end_of___lbmod                     text17       0010A0
__end_of___wmul                      text29       0010EC
__end_of__initialization             cinit        000F04
__end_of_main                        text0        000B9E
__end_of_printf                      text1        001076
__end_of_putch                       text2        001190
__initialization                     cinit        000EB4
__mediumconst                        mediumconst  000000
__pbssBANK0                          bssBANK0     000060
__pbssCOMRAM                         bssCOMRAM    00002D
__pcinit                             cinit        000EB4
__pcstackBANK0                       cstackBANK0  00009A
__pcstackCOMRAM                      cstackCOMRAM 000001
__pdataBANK0                         dataBANK0    0000AA
__pdataCOMRAM                        dataCOMRAM   000047
__pidataBANK0                        idataBANK0   00118C
__pidataCOMRAM                       idataCOMRAM  00116C
__pintcode                           intcode      000008
__pintcode_body                      intcode_body 000916
__psmallconst                        smallconst   000300
__ptext0                             text0        000B1A
__ptext1                             text1        00104C
__ptext10                            text10       0003BE
__ptext11                            text11       000F12
__ptext12                            text12       001144
__ptext13                            text13       000B9E
__ptext14                            text14       000FB0
__ptext15                            text15       000C94
__ptext16                            text16       00054C
__ptext17                            text17       001076
__ptext18                            text18       000F66
__ptext19                            text19       001188
__ptext2                             text2        00118E
__ptext20                            text20       000E4C
__ptext21                            text21       000742
__ptext22                            text22       00101E
__ptext23                            text23       0010A0
__ptext24                            text24       001160
__ptext25                            text25       00117C
__ptext26                            text26       000DE2
__ptext27                            text27       000D74
__ptext28                            text28       0009D8
__ptext29                            text29       0010C6
__ptext3                             text3        00082E
__ptext30                            text30       000D04
__ptext31                            text31       001152
__ptext32                            text32       0010EC
__ptext33                            text33       000FE8
__ptext35                            text35       001182
__ptext36                            text36       001174
__ptext37                            text37       001190
__ptext38                            text38       001192
__ptext39                            text39       000000
__ptext4                             text4        001132
__ptext5                             text5        00064A
__ptext6                             text6        00110A
__ptext7                             text7        00111E
__ptext8                             text8        000C22
__ptext9                             text9        000A8C
__ramtop                             ramtop       000300
__size_of_BusErrorResponse           (abs)        000000
__size_of_CanErrorResponse           (abs)        000000
__size_of_CanRCVResponse             (abs)        000000
__size_of_CanXmitResponse            (abs)        000000
__size_of_Check4Keystroke            (abs)        000000
__size_of_CheckButtonEvents          (abs)        000000
__size_of_ES_CheckUserEvents         (abs)        000000
__size_of_ES_DeQueue                 (abs)        000000
__size_of_ES_EnQueueFIFO             (abs)        000000
__size_of_ES_GetMSBitSet             (abs)        000000
__size_of_ES_InitQueue               (abs)        000000
__size_of_ES_Initialize              (abs)        000000
__size_of_ES_PostAll                 (abs)        000000
__size_of_ES_PostToService           (abs)        000000
__size_of_ES_Run                     (abs)        000000
__size_of_ES_Timer_Init              (abs)        000000
__size_of_ES_Timer_InitTimer         (abs)        000000
__size_of_ES_Timer_StopTimer         (abs)        000000
__size_of_ES_Timer_Tick_Resp         (abs)        000000
__size_of_GetInputLine               (abs)        000000
__size_of_ISR                        (abs)        000000
__size_of_InitButtonHW               (abs)        000000
__size_of_InitCanHardware            (abs)        000000
__size_of_InitCan_XmitService        (abs)        000000
__size_of_InitPins                   (abs)        000000
__size_of_InitializeButtonDebounce   (abs)        000000
__size_of_PostButtonDebounceSM       (abs)        000000
__size_of_PostCan_XmitService        (abs)        000000
__size_of_RunButtonDebounceSM        (abs)        000000
__size_of_RunCan_XmitService         (abs)        000000
__size_of_XmitData                   (abs)        000000
__size_of__HW_Process_Pending_Ints   (abs)        000000
__size_of__HW_Timer_Init             (abs)        000000
__size_of___awmod                    (abs)        000000
__size_of___lbmod                    (abs)        000000
__size_of___wmul                     (abs)        000000
__size_of_main                       (abs)        000000
__size_of_printf                     (abs)        000000
__size_of_putch                      (abs)        000000
__smallconst                         smallconst   000300
_main                                text0        000B1A
_printf                              text1        00104C
_putch                               text2        00118E
btemp                                temp         00004F
end_of_initialization                cinit        000F04
int$flags                            temp         00004F
int_func                             intcode_body 000916
intlevel0                            text         000000
intlevel1                            text         000000
intlevel2                            text         000000
intlevel3                            text         000000
main@ErrorType                       cstackBANK0  0000A9
printf@ap                            cstackCOMRAM 000013
printf@c                             cstackCOMRAM 000015
printf@f                             cstackCOMRAM 000011
stackhi                              (abs)        0002FF
stacklo                              (abs)        0000AC
start                                init         000016
start_initialization                 cinit        000EB4


FUNCTION INFORMATION:

 *************** function _main *****************
 Defined at:
		line 25 in file "main.c"
 Parameters:    Size  Location     Type
		None
 Auto vars:     Size  Location     Type
  ErrorType       1   15[BANK0 ] enum E15644
 Return value:  Size  Location     Type
                  2  361[None  ] int 
 Registers used:
		wreg, fsr1l, fsr1h, fsr2l, fsr2h, status,2, status,0, pclat, tosl, tblptrl, tblptrh, tblptru, prodl, prodh, cstack
 Tracked objects:
		On entry : 
		On exit  : 
		Unchanged: 
 Data sizes:     COMRAM   BANK0   BANK1   BANK2
      Params:         0       0       0       0
      Locals:         0       1       0       0
      Temps:          0       0       0       0
      Totals:         0       1       0       0
Total ram usage:        1 bytes
 Hardware stack levels required when called:    9
 This function calls:
		_ES_Initialize
		_ES_Run
		_printf
 This function is called by:
		Startup code after reset
 This function uses a non-reentrant model


 *************** function _printf *****************
 Defined at:
		line 464 in file "/Applications/microchip/xc8/v1.38/sources/common/doprnt.c"
 Parameters:    Size  Location     Type
  f               2   16[COMRAM] PTR const unsigned char 
		 -> STR_4(15), STR_3(23), STR_2(24), STR_1(27), 
 Auto vars:     Size  Location     Type
  tmpval          4    0        struct .
  cp              3    0        PTR const unsigned char 
  ap              2   18[COMRAM] PTR void [1]
		 -> ?_printf(2), 
  len             2    0        unsigned int 
  val             2    0        unsigned int 
  c               1   20[COMRAM] char 
  flag            1    0        unsigned char 
  prec            1    0        char 
 Return value:  Size  Location     Type
                  2   16[COMRAM] int 
 Registers used:
		wreg, status,2, status,0, tblptrl, tblptrh, tblptru, cstack
 Tracked objects:
		On entry : 
		On exit  : 
		Unchanged: 
 Data sizes:     COMRAM   BANK0   BANK1   BANK2
      Params:         2       0       0       0
      Locals:         3       0       0       0
      Temps:          0       0       0       0
      Totals:         5       0       0       0
Total ram usage:        5 bytes
 Hardware stack levels used:    1
 Hardware stack levels required when called:    3
 This function calls:
		_putch
 This function is called by:
		_main
 This function uses a non-reentrant model


 *************** function _putch *****************
 Defined at:
		line 7 in file "/Applications/microchip/xc8/v1.38/sources/common/putch.c"
 Parameters:    Size  Location     Type
  c               1    wreg     unsigned char 
 Auto vars:     Size  Location     Type
  c               1    0[COMRAM] unsigned char 
 Return value:  Size  Location     Type
                  1    wreg      void 
 Registers used:
		wreg
 Tracked objects:
		On entry : 
		On exit  : 
		Unchanged: 
 Data sizes:     COMRAM   BANK0   BANK1   BANK2
      Params:         0       0       0       0
      Locals:         0       0       0       0
      Temps:          0       0       0       0
      Totals:         0       0       0       0
Total ram usage:        0 bytes
 Hardware stack levels used:    1
 Hardware stack levels required when called:    2
 This function calls:
		Nothing
 This function is called by:
		_printf
 This function uses a non-reentrant model


 *************** function _ES_Run *****************
 Defined at:
		line 277 in file "ES_Framework.c"
 Parameters:    Size  Location     Type
		None
 Auto vars:     Size  Location     Type
  HighestPrior    1   14[BANK0 ] unsigned char 
 Return value:  Size  Location     Type
                  1    wreg      enum E15492
 Registers used:
		wreg, fsr1l, fsr1h, fsr2l, fsr2h, status,2, status,0, pclat, tosl, tblptrl, tblptrh, tblptru, prodl, prodh, cstack
 Tracked objects:
		On entry : 
		On exit  : 
		Unchanged: 
 Data sizes:     COMRAM   BANK0   BANK1   BANK2
      Params:         0       0       0       0
      Locals:         0       1       0       0
      Temps:          0       4       0       0
      Totals:         0       5       0       0
Total ram usage:        5 bytes
 Hardware stack levels used:    1
 Hardware stack levels required when called:    8
 This function calls:
		_ES_CheckUserEvents
		_ES_DeQueue
		_ES_GetMSBitSet
		_RunButtonDebounceSM
		_RunCan_XmitService
		__HW_Process_Pending_Ints
 This function is called by:
		_main
 This function uses a non-reentrant model


 *************** function __HW_Process_Pending_Ints *****************
 Defined at:
		line 220 in file "ES_Port.c"
 Parameters:    Size  Location     Type
		None
 Auto vars:     Size  Location     Type
		None
 Return value:  Size  Location     Type
                  1    wreg      unsigned char 
 Registers used:
		wreg, fsr1l, fsr1h, fsr2l, fsr2h, status,2, status,0, pclat, tosl, tblptrl, tblptrh, tblptru, prodl, prodh, cstack
 Tracked objects:
		On entry : 
		On exit  : 
		Unchanged: 
 Data sizes:     COMRAM   BANK0   BANK1   BANK2
      Params:         0       0       0       0
      Locals:         0       0       0       0
      Temps:          0       0       0       0
      Totals:         0       0       0       0
Total ram usage:        0 bytes
 Hardware stack levels used:    1
 Hardware stack levels required when called:    7
 This function calls:
		_ES_Timer_Tick_Resp
 This function is called by:
		_ES_Run
 This function uses a non-reentrant model


 *************** function _ES_Timer_Tick_Resp *****************
 Defined at:
		line 284 in file "ES_Timers.c"
 Parameters:    Size  Location     Type
		None
 Auto vars:     Size  Location     Type
		None
 Return value:  Size  Location     Type
                  1    wreg      void 
 Registers used:
		wreg, fsr1l, fsr1h, fsr2l, fsr2h, status,2, status,0, pclat, tosl, tblptrl, tblptrh, tblptru, prodl, prodh, cstack
 Tracked objects:
		On entry : 
		On exit  : 
		Unchanged: 
 Data sizes:     COMRAM   BANK0   BANK1   BANK2
      Params:         0       0       0       0
      Locals:         0       0       0       0
      Temps:          0       4       0       0
      Totals:         0       4       0       0
Total ram usage:        4 bytes
 Hardware stack levels used:    1
 Hardware stack levels required when called:    6
 This function calls:
		Absolute function
		_ES_GetMSBitSet
		_PostButtonDebounceSM
		_PostCan_XmitService
 This function is called by:
		__HW_Process_Pending_Ints
 This function uses a non-reentrant model


 *************** function _PostButtonDebounceSM *****************
 Defined at:
		line 75 in file "Button.c"
 Parameters:    Size  Location     Type
  ThisEvent       3    1[BANK0 ] struct ES_Event_t
 Auto vars:     Size  Location     Type
		None
 Return value:  Size  Location     Type
                  1    wreg      unsigned char 
 Registers used:
		wreg, fsr1l, fsr1h, fsr2l, fsr2h, status,2, status,0, tblptrl, tblptrh, tblptru, prodl, prodh, cstack
 Tracked objects:
		On entry : 
		On exit  : 
		Unchanged: 
 Data sizes:     COMRAM   BANK0   BANK1   BANK2
      Params:         0       3       0       0
      Locals:         0       0       0       0
      Temps:          0       0       0       0
      Totals:         0       3       0       0
Total ram usage:        3 bytes
 Hardware stack levels used:    1
 Hardware stack levels required when called:    5
 This function calls:
		_ES_PostToService
 This function is called by:
		_CheckButtonEvents
		_ES_Timer_Tick_Resp
 This function uses a non-reentrant model


 *************** function _PostCan_XmitService *****************
 Defined at:
		line 118 in file "Can_XmitService.c"
 Parameters:    Size  Location     Type
  ThisEvent       3    1[BANK0 ] struct ES_Event_t
 Auto vars:     Size  Location     Type
		None
 Return value:  Size  Location     Type
                  1    wreg      unsigned char 
 Registers used:
		wreg, fsr1l, fsr1h, fsr2l, fsr2h, status,2, status,0, tblptrl, tblptrh, tblptru, prodl, prodh, cstack
 Tracked objects:
		On entry : 
		On exit  : 
		Unchanged: 
 Data sizes:     COMRAM   BANK0   BANK1   BANK2
      Params:         0       3       0       0
      Locals:         0       0       0       0
      Temps:          0       0       0       0
      Totals:         0       3       0       0
Total ram usage:        3 bytes
 Hardware stack levels used:    1
 Hardware stack levels required when called:    5
 This function calls:
		_ES_PostToService
 This function is called by:
		_ES_Timer_Tick_Resp
		_PostToList
 This function uses a non-reentrant model


 *************** function _ES_GetMSBitSet *****************
 Defined at:
		line 79 in file "ES_LookupTables.c"
 Parameters:    Size  Location     Type
  Val2Check       2   16[COMRAM] unsigned int 
 Auto vars:     Size  Location     Type
  LoopCntr        1   25[COMRAM] char 
  Nybble2Test     1   24[COMRAM] unsigned char 
  ReturnVal       1   23[COMRAM] unsigned char 
 Return value:  Size  Location     Type
                  1    wreg      unsigned char 
 Registers used:
		wreg, status,2, status,0, tblptrl, tblptrh, tblptru, prodl, prodh
 Tracked objects:
		On entry : 
		On exit  : 
		Unchanged: 
 Data sizes:     COMRAM   BANK0   BANK1   BANK2
      Params:         2       0       0       0
      Locals:         3       0       0       0
      Temps:          5       0       0       0
      Totals:        10       0       0       0
Total ram usage:       10 bytes
 Hardware stack levels used:    1
 Hardware stack levels required when called:    2
 This function calls:
		Nothing
 This function is called by:
		_ES_Run
		_ES_Timer_Tick_Resp
 This function uses a non-reentrant model


 *************** function _RunButtonDebounceSM *****************
 Defined at:
		line 83 in file "Button.c"
 Parameters:    Size  Location     Type
  ThisEvent       3    1[BANK0 ] struct ES_Event_t
 Auto vars:     Size  Location     Type
  ReturnEvent     3    4[BANK0 ] struct ES_Event_t
 Return value:  Size  Location     Type
                  3    1[BANK0 ] struct ES_Event_t
 Registers used:
		wreg, fsr1l, fsr1h, fsr2l, fsr2h, status,2, status,0, tblptrl, tblptrh, tblptru, prodl, prodh, cstack
 Tracked objects:
		On entry : 
		On exit  : 
		Unchanged: 
 Data sizes:     COMRAM   BANK0   BANK1   BANK2
      Params:         0       3       0       0
      Locals:         0       3       0       0
      Temps:          0       0       0       0
      Totals:         0       6       0       0
Total ram usage:        6 bytes
 Hardware stack levels used:    1
 Hardware stack levels required when called:    5
 This function calls:
		_ES_PostAll
		_ES_Timer_InitTimer
 This function is called by:
		_ES_Run
 This function uses a non-reentrant model


 *************** function _RunCan_XmitService *****************
 Defined at:
		line 138 in file "Can_XmitService.c"
 Parameters:    Size  Location     Type
  ThisEvent       3    1[BANK0 ] struct ES_Event_t
 Auto vars:     Size  Location     Type
  ReturnEvent     3    6[BANK0 ] struct ES_Event_t
 Return value:  Size  Location     Type
                  3    1[BANK0 ] struct ES_Event_t
 Registers used:
		wreg, fsr2l, fsr2h, status,2, status,0, tblptrl, tblptrh, tblptru, prodl, prodh, cstack
 Tracked objects:
		On entry : 
		On exit  : 
		Unchanged: 
 Data sizes:     COMRAM   BANK0   BANK1   BANK2
      Params:         0       3       0       0
      Locals:         0       3       0       0
      Temps:          0       2       0       0
      Totals:         0       8       0       0
Total ram usage:        8 bytes
 Hardware stack levels used:    1
 Hardware stack levels required when called:    3
 This function calls:
		_ES_Timer_InitTimer
		_ES_Timer_StopTimer
		_InitCanHardware
		_InitPins
		_XmitData
 This function is called by:
		_ES_Run
 This function uses a non-reentrant model


 *************** function _XmitData *****************
 Defined at:
		line 300 in file "Can_XmitService.c"
 Parameters:    Size  Location     Type
  DataBytes       2   16[COMRAM] PTR unsigned char 
		 -> ListeningCenterData(2), ListeningRightData(2), ListeningLeftData(2), ListeningIdleData(2), 
		 -> LoadingData(1), SpeakingData(1), IdleData(1), 
  numBytes        1   18[COMRAM] unsigned char 
 Auto vars:     Size  Location     Type
		None
 Return value:  Size  Location     Type
                  1    wreg      void 
 Registers used:
		wreg, fsr2l, fsr2h, status,2, status,0
 Tracked objects:
		On entry : 
		On exit  : 
		Unchanged: 
 Data sizes:     COMRAM   BANK0   BANK1   BANK2
      Params:         3       0       0       0
      Locals:         0       0       0       0
      Temps:          0       0       0       0
      Totals:         3       0       0       0
Total ram usage:        3 bytes
 Hardware stack levels used:    1
 Hardware stack levels required when called:    2
 This function calls:
		Nothing
 This function is called by:
		_RunCan_XmitService
 This function uses a non-reentrant model


 *************** function _InitPins *****************
 Defined at:
		line 289 in file "Can_XmitService.c"
 Parameters:    Size  Location     Type
		None
 Auto vars:     Size  Location     Type
		None
 Return value:  Size  Location     Type
                  1    wreg      void 
 Registers used:
		wreg, status,2
 Tracked objects:
		On entry : 
		On exit  : 
		Unchanged: 
 Data sizes:     COMRAM   BANK0   BANK1   BANK2
      Params:         0       0       0       0
      Locals:         0       0       0       0
      Temps:          0       0       0       0
      Totals:         0       0       0       0
Total ram usage:        0 bytes
 Hardware stack levels used:    1
 Hardware stack levels required when called:    2
 This function calls:
		Nothing
 This function is called by:
		_RunCan_XmitService
 This function uses a non-reentrant model


 *************** function _InitCanHardware *****************
 Defined at:
		line 221 in file "Can_XmitService.c"
 Parameters:    Size  Location     Type
		None
 Auto vars:     Size  Location     Type
		None
 Return value:  Size  Location     Type
                  1    wreg      void 
 Registers used:
		wreg, status,2
 Tracked objects:
		On entry : 
		On exit  : 
		Unchanged: 
 Data sizes:     COMRAM   BANK0   BANK1   BANK2
      Params:         0       0       0       0
      Locals:         0       0       0       0
      Temps:          0       0       0       0
      Totals:         0       0       0       0
Total ram usage:        0 bytes
 Hardware stack levels used:    1
 Hardware stack levels required when called:    2
 This function calls:
		Nothing
 This function is called by:
		_RunCan_XmitService
 This function uses a non-reentrant model


 *************** function _ES_Timer_StopTimer *****************
 Defined at:
		line 205 in file "ES_Timers.c"
 Parameters:    Size  Location     Type
  Num             1    wreg     unsigned char 
 Auto vars:     Size  Location     Type
  Num             1   20[COMRAM] unsigned char 
 Return value:  Size  Location     Type
                  1    wreg      enum E15470
 Registers used:
		wreg, status,2, status,0, tblptrl, tblptrh, tblptru, prodl, prodh
 Tracked objects:
		On entry : 
		On exit  : 
		Unchanged: 
 Data sizes:     COMRAM   BANK0   BANK1   BANK2
      Params:         0       0       0       0
      Locals:         1       0       0       0
      Temps:          4       0       0       0
      Totals:         5       0       0       0
Total ram usage:        5 bytes
 Hardware stack levels used:    1
 Hardware stack levels required when called:    2
 This function calls:
		Nothing
 This function is called by:
		_RunCan_XmitService
 This function uses a non-reentrant model


 *************** function _ES_PostAll *****************
 Defined at:
		line 318 in file "ES_Framework.c"
 Parameters:    Size  Location     Type
  ThisEvent       3   39[COMRAM] struct ES_Event_t
 Auto vars:     Size  Location     Type
  i               1    0[BANK0 ] unsigned char 
 Return value:  Size  Location     Type
                  1    wreg      unsigned char 
 Registers used:
		wreg, fsr1l, fsr1h, fsr2l, fsr2h, status,2, status,0, tblptrl, tblptrh, tblptru, prodl, prodh, cstack
 Tracked objects:
		On entry : 
		On exit  : 
		Unchanged: 
 Data sizes:     COMRAM   BANK0   BANK1   BANK2
      Params:         3       0       0       0
      Locals:         0       1       0       0
      Temps:          2       0       0       0
      Totals:         5       1       0       0
Total ram usage:        6 bytes
 Hardware stack levels used:    1
 Hardware stack levels required when called:    4
 This function calls:
		_ES_EnQueueFIFO
 This function is called by:
		_RunButtonDebounceSM
 This function uses a non-reentrant model


 *************** function _ES_DeQueue *****************
 Defined at:
		line 164 in file "ES_Queue.c"
 Parameters:    Size  Location     Type
  pBlock          2   28[COMRAM] PTR struct ES_Event_t
		 -> Queue1(12), Queue0(12), 
  pReturnEvent    2   30[COMRAM] PTR struct ES_Event_t
		 -> ES_Run@ThisEvent(3), ES_RecallEvents@RecalledEvent(3), 
 Auto vars:     Size  Location     Type
  pThisQueue      2   36[COMRAM] PTR struct .
		 -> Queue1(12), Queue0(12), 
  NumLeft         1   35[COMRAM] unsigned char 
  SaveCrit        1   34[COMRAM] unsigned char 
 Return value:  Size  Location     Type
                  1    wreg      unsigned char 
 Registers used:
		wreg, fsr1l, fsr1h, fsr2l, fsr2h, status,2, status,0, prodl, prodh, cstack
 Tracked objects:
		On entry : 
		On exit  : 
		Unchanged: 
 Data sizes:     COMRAM   BANK0   BANK1   BANK2
      Params:         4       0       0       0
      Locals:         4       0       0       0
      Temps:          2       0       0       0
      Totals:        10       0       0       0
Total ram usage:       10 bytes
 Hardware stack levels used:    1
 Hardware stack levels required when called:    3
 This function calls:
		___lbmod
		___wmul
 This function is called by:
		_ES_Run
		_ES_RecallEvents
 This function uses a non-reentrant model


 *************** function ___lbmod *****************
 Defined at:
		line 4 in file "/Applications/microchip/xc8/v1.38/sources/common/lbmod.c"
 Parameters:    Size  Location     Type
  dividend        1    wreg     unsigned char 
  divisor         1   16[COMRAM] unsigned char 
 Auto vars:     Size  Location     Type
  dividend        1   17[COMRAM] unsigned char 
  rem             1   19[COMRAM] unsigned char 
  counter         1   18[COMRAM] unsigned char 
 Return value:  Size  Location     Type
                  1    wreg      unsigned char 
 Registers used:
		wreg, status,2, status,0
 Tracked objects:
		On entry : 
		On exit  : 
		Unchanged: 
 Data sizes:     COMRAM   BANK0   BANK1   BANK2
      Params:         1       0       0       0
      Locals:         3       0       0       0
      Temps:          0       0       0       0
      Totals:         4       0       0       0
Total ram usage:        4 bytes
 Hardware stack levels used:    1
 Hardware stack levels required when called:    2
 This function calls:
		Nothing
 This function is called by:
		_ES_DeQueue
 This function uses a non-reentrant model


 *************** function _ES_CheckUserEvents *****************
 Defined at:
		line 46 in file "ES_CheckEvents.c"
 Parameters:    Size  Location     Type
		None
 Auto vars:     Size  Location     Type
  i               1    9[BANK0 ] unsigned char 
 Return value:  Size  Location     Type
                  1    wreg      unsigned char 
 Registers used:
		wreg, fsr1l, fsr1h, fsr2l, fsr2h, status,2, status,0, pclat, tosl, tblptrl, tblptrh, tblptru, prodl, prodh, cstack
 Tracked objects:
		On entry : 
		On exit  : 
		Unchanged: 
 Data sizes:     COMRAM   BANK0   BANK1   BANK2
      Params:         0       0       0       0
      Locals:         0       1       0       0
      Temps:          0       0       0       0
      Totals:         0       1       0       0
Total ram usage:        1 bytes
 Hardware stack levels used:    1
 Hardware stack levels required when called:    7
 This function calls:
		_Check4Keystroke
		_CheckButtonEvents
 This function is called by:
		_ES_Run
 This function uses a non-reentrant model


 *************** function _Check4Keystroke *****************
 Defined at:
		line 62 in file "EventCheckers.c"
 Parameters:    Size  Location     Type
		None
 Auto vars:     Size  Location     Type
		None
 Return value:  Size  Location     Type
                  1    wreg      unsigned char 
 Registers used:
		wreg
 Tracked objects:
		On entry : 
		On exit  : 
		Unchanged: 
 Data sizes:     COMRAM   BANK0   BANK1   BANK2
      Params:         0       0       0       0
      Locals:         0       0       0       0
      Temps:          0       0       0       0
      Totals:         0       0       0       0
Total ram usage:        0 bytes
 Hardware stack levels used:    1
 Hardware stack levels required when called:    2
 This function calls:
		Nothing
 This function is called by:
		_ES_CheckUserEvents
 This function uses a non-reentrant model


 *************** function _CheckButtonEvents *****************
 Defined at:
		line 44 in file "Button.c"
 Parameters:    Size  Location     Type
		None
 Auto vars:     Size  Location     Type
  ThisEvent       3    5[BANK0 ] struct ES_Event_t
  CurrentButto    1    8[BANK0 ] unsigned char 
  ReturnVal       1    4[BANK0 ] unsigned char 
 Return value:  Size  Location     Type
                  1    wreg      unsigned char 
 Registers used:
		wreg, fsr1l, fsr1h, fsr2l, fsr2h, status,2, status,0, tblptrl, tblptrh, tblptru, prodl, prodh, cstack
 Tracked objects:
		On entry : 
		On exit  : 
		Unchanged: 
 Data sizes:     COMRAM   BANK0   BANK1   BANK2
      Params:         0       0       0       0
      Locals:         0       5       0       0
      Temps:          0       0       0       0
      Totals:         0       5       0       0
Total ram usage:        5 bytes
 Hardware stack levels used:    1
 Hardware stack levels required when called:    6
 This function calls:
		_GetInputLine
		_PostButtonDebounceSM
 This function is called by:
		_ES_CheckUserEvents
 This function uses a non-reentrant model


 *************** function _ES_Initialize *****************
 Defined at:
		line 242 in file "ES_Framework.c"
 Parameters:    Size  Location     Type
  NewRate         2    5[BANK0 ] enum E15421
 Auto vars:     Size  Location     Type
  i               1    7[BANK0 ] unsigned char 
 Return value:  Size  Location     Type
                  1    wreg      enum E15492
 Registers used:
		wreg, fsr1l, fsr1h, fsr2l, fsr2h, status,2, status,0, pclat, tosl, tblptrl, tblptrh, tblptru, prodl, prodh, cstack
 Tracked objects:
		On entry : 
		On exit  : 
		Unchanged: 
 Data sizes:     COMRAM   BANK0   BANK1   BANK2
      Params:         0       2       0       0
      Locals:         0       1       0       0
      Temps:          0       0       0       0
      Totals:         0       3       0       0
Total ram usage:        3 bytes
 Hardware stack levels used:    1
 Hardware stack levels required when called:    6
 This function calls:
		_ES_InitQueue
		_ES_Timer_Init
		_InitCan_XmitService
		_InitializeButtonDebounce
 This function is called by:
		_main
 This function uses a non-reentrant model


 *************** function _InitCan_XmitService *****************
 Defined at:
		line 87 in file "Can_XmitService.c"
 Parameters:    Size  Location     Type
  Priority        1    wreg     unsigned char 
 Auto vars:     Size  Location     Type
  Priority        1    4[BANK0 ] unsigned char 
  ThisEvent       3    1[BANK0 ] struct ES_Event_t
 Return value:  Size  Location     Type
                  1    wreg      unsigned char 
 Registers used:
		wreg, fsr1l, fsr1h, fsr2l, fsr2h, status,2, status,0, tblptrl, tblptrh, tblptru, prodl, prodh, cstack
 Tracked objects:
		On entry : 
		On exit  : 
		Unchanged: 
 Data sizes:     COMRAM   BANK0   BANK1   BANK2
      Params:         0       0       0       0
      Locals:         0       4       0       0
      Temps:          0       0       0       0
      Totals:         0       4       0       0
Total ram usage:        4 bytes
 Hardware stack levels used:    1
 Hardware stack levels required when called:    5
 This function calls:
		_ES_PostToService
 This function is called by:
		_ES_Initialize
 This function uses a non-reentrant model


 *************** function _InitializeButtonDebounce *****************
 Defined at:
		line 27 in file "Button.c"
 Parameters:    Size  Location     Type
  Priority        1    wreg     unsigned char 
 Auto vars:     Size  Location     Type
  Priority        1   21[COMRAM] unsigned char 
 Return value:  Size  Location     Type
                  1    wreg      unsigned char 
 Registers used:
		wreg, fsr2l, fsr2h, status,2, status,0, tblptrl, tblptrh, tblptru, prodl, prodh, cstack
 Tracked objects:
		On entry : 
		On exit  : 
		Unchanged: 
 Data sizes:     COMRAM   BANK0   BANK1   BANK2
      Params:         0       0       0       0
      Locals:         1       0       0       0
      Temps:          0       0       0       0
      Totals:         1       0       0       0
Total ram usage:        1 bytes
 Hardware stack levels used:    1
 Hardware stack levels required when called:    3
 This function calls:
		_ES_Timer_InitTimer
		_GetInputLine
		_InitButtonHW
 This function is called by:
		_ES_Initialize
 This function uses a non-reentrant model


 *************** function _InitButtonHW *****************
 Defined at:
		line 134 in file "Button.c"
 Parameters:    Size  Location     Type
		None
 Auto vars:     Size  Location     Type
		None
 Return value:  Size  Location     Type
                  1    wreg      void 
 Registers used:
		wreg, status,2
 Tracked objects:
		On entry : 
		On exit  : 
		Unchanged: 
 Data sizes:     COMRAM   BANK0   BANK1   BANK2
      Params:         0       0       0       0
      Locals:         0       0       0       0
      Temps:          0       0       0       0
      Totals:         0       0       0       0
Total ram usage:        0 bytes
 Hardware stack levels used:    1
 Hardware stack levels required when called:    2
 This function calls:
		Nothing
 This function is called by:
		_InitializeButtonDebounce
 This function uses a non-reentrant model


 *************** function _GetInputLine *****************
 Defined at:
		line 129 in file "Button.c"
 Parameters:    Size  Location     Type
		None
 Auto vars:     Size  Location     Type
		None
 Return value:  Size  Location     Type
                  1    wreg      unsigned char 
 Registers used:
		wreg, status,2, status,0
 Tracked objects:
		On entry : 
		On exit  : 
		Unchanged: 
 Data sizes:     COMRAM   BANK0   BANK1   BANK2
      Params:         0       0       0       0
      Locals:         0       0       0       0
      Temps:          0       0       0       0
      Totals:         0       0       0       0
Total ram usage:        0 bytes
 Hardware stack levels used:    1
 Hardware stack levels required when called:    2
 This function calls:
		Nothing
 This function is called by:
		_InitializeButtonDebounce
		_CheckButtonEvents
 This function uses a non-reentrant model


 *************** function _ES_Timer_InitTimer *****************
 Defined at:
		line 229 in file "ES_Timers.c"
 Parameters:    Size  Location     Type
  Num             1    wreg     unsigned char 
  NewTime         2   16[COMRAM] unsigned int 
 Auto vars:     Size  Location     Type
  Num             1   20[COMRAM] unsigned char 
 Return value:  Size  Location     Type
                  1    wreg      enum E15444
 Registers used:
		wreg, fsr2l, fsr2h, status,2, status,0, tblptrl, tblptrh, tblptru, prodl, prodh
 Tracked objects:
		On entry : 
		On exit  : 
		Unchanged: 
 Data sizes:     COMRAM   BANK0   BANK1   BANK2
      Params:         2       0       0       0
      Locals:         1       0       0       0
      Temps:          2       0       0       0
      Totals:         5       0       0       0
Total ram usage:        5 bytes
 Hardware stack levels used:    1
 Hardware stack levels required when called:    2
 This function calls:
		Nothing
 This function is called by:
		_InitializeButtonDebounce
		_RunButtonDebounceSM
		_RunCan_XmitService
 This function uses a non-reentrant model


 *************** function _ES_PostToService *****************
 Defined at:
		line 351 in file "ES_Framework.c"
 Parameters:    Size  Location     Type
  WhichService    1    wreg     unsigned char 
  TheEvent        3   39[COMRAM] struct ES_Event_t
 Auto vars:     Size  Location     Type
  WhichService    1    0[BANK0 ] unsigned char 
 Return value:  Size  Location     Type
                  1    wreg      unsigned char 
 Registers used:
		wreg, fsr1l, fsr1h, fsr2l, fsr2h, status,2, status,0, tblptrl, tblptrh, tblptru, prodl, prodh, cstack
 Tracked objects:
		On entry : 
		On exit  : 
		Unchanged: 
 Data sizes:     COMRAM   BANK0   BANK1   BANK2
      Params:         3       0       0       0
      Locals:         0       1       0       0
      Temps:          2       0       0       0
      Totals:         5       1       0       0
Total ram usage:        6 bytes
 Hardware stack levels used:    1
 Hardware stack levels required when called:    4
 This function calls:
		_ES_EnQueueFIFO
 This function is called by:
		_PostButtonDebounceSM
		_InitCan_XmitService
		_PostCan_XmitService
 This function uses a non-reentrant model


 *************** function _ES_EnQueueFIFO *****************
 Defined at:
		line 85 in file "ES_Queue.c"
 Parameters:    Size  Location     Type
  pBlock          2   28[COMRAM] PTR struct ES_Event_t
		 -> Queue1(12), Queue0(12), 
  Event2Add       3   30[COMRAM] struct ES_Event_t
 Auto vars:     Size  Location     Type
  pThisQueue      2   37[COMRAM] PTR struct .
		 -> Queue1(12), Queue0(12), 
  SaveCrit        1   36[COMRAM] unsigned char 
 Return value:  Size  Location     Type
                  1    wreg      unsigned char 
 Registers used:
		wreg, fsr1l, fsr1h, fsr2l, fsr2h, status,2, status,0, prodl, prodh, cstack
 Tracked objects:
		On entry : 
		On exit  : 
		Unchanged: 
 Data sizes:     COMRAM   BANK0   BANK1   BANK2
      Params:         5       0       0       0
      Locals:         3       0       0       0
      Temps:          3       0       0       0
      Totals:        11       0       0       0
Total ram usage:       11 bytes
 Hardware stack levels used:    1
 Hardware stack levels required when called:    3
 This function calls:
		___awmod
		___wmul
 This function is called by:
		_ES_PostAll
		_ES_PostToService
 This function uses a non-reentrant model


 *************** function ___wmul *****************
 Defined at:
		line 15 in file "/Applications/microchip/xc8/v1.38/sources/common/Umul16.c"
 Parameters:    Size  Location     Type
  multiplier      2   22[COMRAM] unsigned int 
  multiplicand    2   24[COMRAM] unsigned int 
 Auto vars:     Size  Location     Type
  product         2   26[COMRAM] unsigned int 
 Return value:  Size  Location     Type
                  2   22[COMRAM] unsigned int 
 Registers used:
		wreg, status,2, status,0, prodl, prodh
 Tracked objects:
		On entry : 
		On exit  : 
		Unchanged: 
 Data sizes:     COMRAM   BANK0   BANK1   BANK2
      Params:         4       0       0       0
      Locals:         2       0       0       0
      Temps:          0       0       0       0
      Totals:         6       0       0       0
Total ram usage:        6 bytes
 Hardware stack levels used:    1
 Hardware stack levels required when called:    2
 This function calls:
		Nothing
 This function is called by:
		_ES_EnQueueFIFO
		_ES_DeQueue
		_ES_EnQueueLIFO
 This function uses a non-reentrant model


 *************** function ___awmod *****************
 Defined at:
		line 8 in file "/Applications/microchip/xc8/v1.38/sources/common/awmod.c"
 Parameters:    Size  Location     Type
  dividend        2   16[COMRAM] int 
  divisor         2   18[COMRAM] int 
 Auto vars:     Size  Location     Type
  sign            1   21[COMRAM] unsigned char 
  counter         1   20[COMRAM] unsigned char 
 Return value:  Size  Location     Type
                  2   16[COMRAM] int 
 Registers used:
		wreg, status,2, status,0
 Tracked objects:
		On entry : 
		On exit  : 
		Unchanged: 
 Data sizes:     COMRAM   BANK0   BANK1   BANK2
      Params:         4       0       0       0
      Locals:         2       0       0       0
      Temps:          0       0       0       0
      Totals:         6       0       0       0
Total ram usage:        6 bytes
 Hardware stack levels used:    1
 Hardware stack levels required when called:    2
 This function calls:
		Nothing
 This function is called by:
		_ES_EnQueueFIFO
 This function uses a non-reentrant model


 *************** function _ES_Timer_Init *****************
 Defined at:
		line 130 in file "ES_Timers.c"
 Parameters:    Size  Location     Type
  Rate            2   18[COMRAM] enum E15421
 Auto vars:     Size  Location     Type
		None
 Return value:  Size  Location     Type
                  1    wreg      void 
 Registers used:
		wreg, status,2, cstack
 Tracked objects:
		On entry : 
		On exit  : 
		Unchanged: 
 Data sizes:     COMRAM   BANK0   BANK1   BANK2
      Params:         2       0       0       0
      Locals:         0       0       0       0
      Temps:          0       0       0       0
      Totals:         2       0       0       0
Total ram usage:        2 bytes
 Hardware stack levels used:    1
 Hardware stack levels required when called:    3
 This function calls:
		__HW_Timer_Init
 This function is called by:
		_ES_Initialize
 This function uses a non-reentrant model


 *************** function __HW_Timer_Init *****************
 Defined at:
		line 71 in file "ES_Port.c"
 Parameters:    Size  Location     Type
  Rate            2   16[COMRAM] enum E15412
 Auto vars:     Size  Location     Type
		None
 Return value:  Size  Location     Type
                  1    wreg      void 
 Registers used:
		wreg, status,2
 Tracked objects:
		On entry : 
		On exit  : 
		Unchanged: 
 Data sizes:     COMRAM   BANK0   BANK1   BANK2
      Params:         2       0       0       0
      Locals:         0       0       0       0
      Temps:          0       0       0       0
      Totals:         2       0       0       0
Total ram usage:        2 bytes
 Hardware stack levels used:    1
 Hardware stack levels required when called:    2
 This function calls:
		Nothing
 This function is called by:
		_ES_Timer_Init
 This function uses a non-reentrant model


 *************** function _ES_InitQueue *****************
 Defined at:
		line 58 in file "ES_Queue.c"
 Parameters:    Size  Location     Type
  pBlock          2   16[COMRAM] PTR struct ES_Event_t
		 -> Queue1(12), Queue0(12), 
  BlockSize       1   18[COMRAM] unsigned char 
 Auto vars:     Size  Location     Type
  pThisQueue      2   19[COMRAM] PTR struct .
		 -> Queue1(12), Queue0(12), 
 Return value:  Size  Location     Type
                  1    wreg      unsigned char 
 Registers used:
		wreg, fsr2l, fsr2h, status,2, status,0
 Tracked objects:
		On entry : 
		On exit  : 
		Unchanged: 
 Data sizes:     COMRAM   BANK0   BANK1   BANK2
      Params:         3       0       0       0
      Locals:         2       0       0       0
      Temps:          0       0       0       0
      Totals:         5       0       0       0
Total ram usage:        5 bytes
 Hardware stack levels used:    1
 Hardware stack levels required when called:    2
 This function calls:
		Nothing
 This function is called by:
		_ES_Initialize
 This function uses a non-reentrant model


 *************** function _ISR *****************
 Defined at:
		line 111 in file "ES_Port.c"
 Parameters:    Size  Location     Type
		None
 Auto vars:     Size  Location     Type
		None
 Return value:  Size  Location     Type
                  1    wreg      void 
 Registers used:
		wreg, status,2, status,0, cstack
 Tracked objects:
		On entry : 
		On exit  : 
		Unchanged: 
 Data sizes:     COMRAM   BANK0   BANK1   BANK2
      Params:         0       0       0       0
      Locals:         0       0       0       0
      Temps:         16       0       0       0
      Totals:        16       0       0       0
Total ram usage:       16 bytes
 Hardware stack levels used:    1
 Hardware stack levels required when called:    1
 This function calls:
		_BusErrorResponse
		_CanErrorResponse
		_CanRCVResponse
		_CanXmitResponse
 This function is called by:
		Interrupt level 2
 This function uses a non-reentrant model


 *************** function _CanXmitResponse *****************
 Defined at:
		line 196 in file "Can_XmitService.c"
 Parameters:    Size  Location     Type
		None
 Auto vars:     Size  Location     Type
		None
 Return value:  Size  Location     Type
                  1    wreg      void 
 Registers used:
		None
 Tracked objects:
		On entry : 
		On exit  : 
		Unchanged: 
 Data sizes:     COMRAM   BANK0   BANK1   BANK2
      Params:         0       0       0       0
      Locals:         0       0       0       0
      Temps:          0       0       0       0
      Totals:         0       0       0       0
Total ram usage:        0 bytes
 Hardware stack levels used:    1
 This function calls:
		Nothing
 This function is called by:
		_ISR
 This function uses a non-reentrant model


 *************** function _CanRCVResponse *****************
 Defined at:
		line 201 in file "Can_XmitService.c"
 Parameters:    Size  Location     Type
		None
 Auto vars:     Size  Location     Type
		None
 Return value:  Size  Location     Type
                  1    wreg      void 
 Registers used:
		None
 Tracked objects:
		On entry : 
		On exit  : 
		Unchanged: 
 Data sizes:     COMRAM   BANK0   BANK1   BANK2
      Params:         0       0       0       0
      Locals:         0       0       0       0
      Temps:          0       0       0       0
      Totals:         0       0       0       0
Total ram usage:        0 bytes
 Hardware stack levels used:    1
 This function calls:
		Nothing
 This function is called by:
		_ISR
 This function uses a non-reentrant model


 *************** function _CanErrorResponse *****************
 Defined at:
		line 208 in file "Can_XmitService.c"
 Parameters:    Size  Location     Type
		None
 Auto vars:     Size  Location     Type
		None
 Return value:  Size  Location     Type
                  1    wreg      void 
 Registers used:
		None
 Tracked objects:
		On entry : 
		On exit  : 
		Unchanged: 
 Data sizes:     COMRAM   BANK0   BANK1   BANK2
      Params:         0       0       0       0
      Locals:         0       0       0       0
      Temps:          0       0       0       0
      Totals:         0       0       0       0
Total ram usage:        0 bytes
 Hardware stack levels used:    1
 This function calls:
		Nothing
 This function is called by:
		_ISR
 This function uses a non-reentrant model


 *************** function _BusErrorResponse *****************
 Defined at:
		line 213 in file "Can_XmitService.c"
 Parameters:    Size  Location     Type
		None
 Auto vars:     Size  Location     Type
		None
 Return value:  Size  Location     Type
                  1    wreg      void 
 Registers used:
		None
 Tracked objects:
		On entry : 
		On exit  : 
		Unchanged: 
 Data sizes:     COMRAM   BANK0   BANK1   BANK2
      Params:         0       0       0       0
      Locals:         0       0       0       0
      Temps:          0       0       0       0
      Totals:         0       0       0       0
Total ram usage:        0 bytes
 Hardware stack levels used:    1
 This function calls:
		Nothing
 This function is called by:
		_ISR
 This function uses a non-reentrant model



MODULE INFORMATION

Module		Function		Class		Link	Load	Size
ES_Queue.c
		_ES_EnQueueFIFO		CODE           	09D8	0000	181
		_ES_DeQueue    		CODE           	054C	0000	255
		_ES_InitQueue  		CODE           	0FE8	0000	55

ES_Queue.c estimated size: 491

ES_CheckEvents.c
		_ES_CheckUserEvents		CODE           	0F66	0000	75

ES_CheckEvents.c estimated size: 75

/Applications/microchip/xc8/v1.38/sources/common/lbmod.c
		___lbmod       		CODE           	1076	0000	43

/Applications/microchip/xc8/v1.38/sources/common/lbmod.c estimated size: 43

ES_LookupTables.c
		_ES_GetMSBitSet		CODE           	0C22	0000	115

ES_LookupTables.c estimated size: 115

EventCheckers.c
		_Check4Keystroke		CODE           	1188	0000	5

EventCheckers.c estimated size: 5

/Applications/microchip/xc8/v1.38/sources/common/Umul16.c
		___wmul        		CODE           	10C6	0000	39

/Applications/microchip/xc8/v1.38/sources/common/Umul16.c estimated size: 39

Can_XmitService.c
		_InitCan_XmitService		CODE           	101E	0000	47
		_RunCan_XmitService		CODE           	03BE	0000	399
		_InitPins      		CODE           	1144	0000	15
		_CanXmitResponse		CODE           	1182	0000	7
		_CanRCVResponse		CODE           	1174	0000	9
		_BusErrorResponse		CODE           	1192	0000	3
		_PostCan_XmitService		CODE           	111E	0000	21
		_XmitData      		CODE           	0F12	0000	85
		_InitCanHardware		CODE           	0B9E	0000	133
		_CanErrorResponse		CODE           	1190	0000	3

Can_XmitService.c estimated size: 722

ES_Framework.c
		_ES_PostAll    		CODE           	0C94	0000	113
		_ES_PostToService		CODE           	0D74	0000	111
		_ES_Run        		CODE           	082E	0000	233
		_ES_Initialize 		CODE           	0742	0000	237

ES_Framework.c estimated size: 694

Button.c
		_RunButtonDebounceSM		CODE           	0A8C	0000	143
		_InitButtonHW  		CODE           	1160	0000	13
		_PostButtonDebounceSM		CODE           	110A	0000	21
		_GetInputLine  		CODE           	117C	0000	7
		_InitializeButtonDebounce		CODE           	10A0	0000	39
		_CheckButtonEvents		CODE           	0E4C	0000	105

Button.c estimated size: 328

shared
		_BitNum2SetMask		SMALLCONST     	0301	0000	33
		_DistList00    		SMALLCONST     	0362	0000	3
		_ES_EventList  		SMALLCONST     	035E	0000	5
		_Nybble2MSBitNum		SMALLCONST     	0341	0000	16
		_EventQueues   		SMALLCONST     	0358	0000	7
		__initialization		CODE           	0EB4	0000	81
		_Timer2PostFunc		SMALLCONST     	0321	0000	33
		_ServDescList  		SMALLCONST     	0350	0000	9

shared estimated size: 187

ES_Port.c
		_ISR           		CODE           	0008	0000	209
		__HW_Process_Pending_Ints		CODE           	1132	0000	19
		__HW_Timer_Init		CODE           	10EC	0000	31

ES_Port.c estimated size: 259

/Applications/microchip/xc8/v1.38/sources/common/awmod.c
		___awmod       		CODE           	0D04	0000	113

/Applications/microchip/xc8/v1.38/sources/common/awmod.c estimated size: 113

/Applications/microchip/xc8/v1.38/sources/common/putch.c
		_putch         		CODE           	118E	0000	3

/Applications/microchip/xc8/v1.38/sources/common/putch.c estimated size: 3

ES_Timers.c
		_ES_Timer_Init 		CODE           	1152	0000	15
		_ES_Timer_InitTimer		CODE           	0DE2	0000	107
		_ES_Timer_StopTimer		CODE           	0FB0	0000	57
		_ES_Timer_Tick_Resp		CODE           	064A	0000	249

ES_Timers.c estimated size: 428

main.c
		_main          		CODE           	0B1A	0000	133

main.c estimated size: 133

/Applications/microchip/xc8/v1.38/sources/common/doprnt.c
		_printf        		CODE           	104C	0000	43

/Applications/microchip/xc8/v1.38/sources/common/doprnt.c estimated size: 43

