Microchip MPLAB XC8 Compiler V1.38 ()

Linker command line:

-W-3 --edf=C:\Program Files (x86)\Microchip\xc8\v1.38\dat\en_msgs.txt -cs \
  -h+dist/default/production\DotStar_Pattern_Control.production.sym \
  --cmf=dist/default/production\DotStar_Pattern_Control.production.cmf -z \
  -Q18F2480 -oC:\Users\Luke\AppData\Local\Temp\s9qs.2 \
  -Mdist/default/production/DotStar_Pattern_Control.production.map -E1 \
  -ver=XC8 -ASTACK=01B4h-01ffh -pstack=STACK -ACODE=00h-03FFFh \
  -ACONST=00h-03FFFh -ASMALLCONST=0300h-03FFhx61 -AMEDIUMCONST=0300h-03FFFh \
  -ACOMRAM=01h-05Fh -AABS1=00h-02FFh -ABIGRAM=01h-02FFh \
  -ARAM=060h-0FFh,0100h-01FFhx2 -ABANK0=060h-0FFh -ABANK1=0100h-01FFh \
  -ABANK2=0200h-02FFh -ASFR=0D00h-0DFFhx2,0F00h-0F5Fh,0F60h-0FFFh \
  -preset_vec=00h,intcode=08h,intcodelo,powerup,init,end_init \
  -pramtop=0300h -psmallconst=SMALLCONST -pmediumconst=MEDIUMCONST \
  -pconst=CONST -AFARRAM=00h-00h -ACONFIG=0300000h-030000Dh -pconfig=CONFIG \
  -AIDLOC=0200000h-0200007h -pidloc=IDLOC -AEEDATA=0F00000h-0F000FFh \
  -peeprom_data=EEDATA \
  -prdata=COMRAM,nvrram=COMRAM,nvbit=COMRAM,rbss=COMRAM,rbit=COMRAM \
  -pfarbss=FARRAM,fardata=FARRAM,nvFARRAM=FARRAM \
  -pintsave_regs=BIGRAM,bigbss=BIGRAM,bigdata=BIGRAM -pbss=RAM \
  -pidata=CODE,irdata=CODE,ibigdata=CODE,ifardata=CODE -prparam=COMRAM \
  C:\Users\Luke\AppData\Local\Temp\s9qs.obj \
  dist/default/production\DotStar_Pattern_Control.production.obj 

Object code version is 3.11

Machine type is 18F2480

Call graph: (short form)




                Name                               Link     Load   Length Selector   Space Scale
C:\Users\Luke\AppData\Local\Temp\s9qs.obj
                end_init                             16       16        4        4       0
                reset_vec                             0        0        4        0       0
                idloc                            200000   200000        8   200000       0
                config                           300000   300000        E   300000       0
dist/default/production\DotStar_Pattern_Control.production.obj
                intcode                               8        8        E        4       0
                temp                                 3E       3E        1        1       1
                smallconst                          300      300       BE      180       0
                text49                             12A2     12A2       70      1DF       0
                text48                             16A2     16A2       26      1DF       0
                text47                              D52      D52       B4      1DF       0
                text46                             1312     1312       6A      1DF       0
                text45                             17B6     17B6       16      1DF       0
                text44                             17A0     17A0       16      1DF       0
                intcode_body                        E06      E06       A6      1DF       0
                text42                             1536     1536       3C      1DF       0
                text41                             173E     173E       1C      1DF       0
                text40                             17DA     17DA        E      1DF       0
                text39                              9D0      9D0       F0      1DF       0
                text38                              F50      F50       A2      1DF       0
                text37                             15AC     15AC       36      1DF       0
                text36                              BAC      BAC       E2      1DF       0
                text35                             122C     122C       76      1DF       0
                text34                             17CC     17CC        E      1DF       0
                text33                             16C8     16C8       22      1DF       0
                text32                             1802     1802        6      1DF       0
                text31                             1572     1572       3A      1DF       0
                text30                             137C     137C       52      1DF       0
                text29                              AC0      AC0       EC      1DF       0
                text28                             180E     180E        4      C07       0
                text27                             1466     1466       4A      1DF       0
                text26                             14B0     14B0       44      1DF       0
                text25                              69E      69E      128      1DF       0
                text24                             13CE     13CE       4E      1DF       0
                text23                             17FA     17FA        8      1DF       0
                text22                             1722     1722       1C      1DF       0
                text21                             178A     178A       16      1DF       0
                text20                             164A     164A       32      1DF       0
                text19                             141C     141C       4A      1DF       0
                text18                             14F4     14F4       42      1DF       0
                text17                             11AC     11AC       80      1DF       0
                text16                              FF2      FF2       9A      1DF       0
                text15                              3BE      3BE      19E      1DF       0
                text14                             167C     167C       26      1DF       0
                text13                             1706     1706       1C      1DF       0
                text12                             17F2     17F2        8      1DF       0
                text11                             16EA     16EA       1C      1DF       0
                text10                             175A     175A       1A      1DF       0
                text9                              17E8     17E8        A      1DF       0
                text8                               55C      55C      142      1DF       0
                text7                               C8E      C8E       C4      1DF       0
                text6                               EAC      EAC       A4      1DF       0
                text5                               7C6      7C6      116      1DF       0
                text4                              1774     1774       16      1DF       0
                text3                               8DC      8DC       F4      1DF       0
                text2                              1812     1812        2      C07       0
                text1                              1616     1616       34      1DF       0
                text0                              111C     111C       90      1DF       0
                cstackCOMRAM                          1        1       33        1       1
                cstackBANK0                          BB       BB       3B       60       1
                bssBANK2                            200      200       F8      200       1
                dataBANK1                           180      180       34      100       1
                bssBANK1                            100      100       80      100       1
                dataBANK0                            F6       F6        5       60       1
                bssBANK0                             60       60       5B       60       1
                dataCOMRAM                           3D       3D        1        1       1
                bssCOMRAM                            34       34        9        1       1
                cinit                              108C     108C       90      1DF       0
                idataBANK1                         15E2     15E2       34      1DF       0
                idataBANK0                         1808     1808        5      1DF       0
                idataCOMRAM                        1814     1814        1      C07       0

TOTAL           Name                               Link     Load   Length     Space
        CLASS   STACK          

        CLASS   CODE           
                end_init                             16       16        4         0
                intcode                               8        8        E         0
                reset_vec                             0        0        4         0
                text49                             12A2     12A2       70         0
                text48                             16A2     16A2       26         0
                text47                              D52      D52       B4         0
                text46                             1312     1312       6A         0
                text45                             17B6     17B6       16         0
                text44                             17A0     17A0       16         0
                intcode_body                        E06      E06       A6         0
                text42                             1536     1536       3C         0
                text41                             173E     173E       1C         0
                text40                             17DA     17DA        E         0
                text39                              9D0      9D0       F0         0
                text38                              F50      F50       A2         0
                text37                             15AC     15AC       36         0
                text36                              BAC      BAC       E2         0
                text35                             122C     122C       76         0
                text34                             17CC     17CC        E         0
                text33                             16C8     16C8       22         0
                text32                             1802     1802        6         0
                text31                             1572     1572       3A         0
                text30                             137C     137C       52         0
                text29                              AC0      AC0       EC         0
                text28                             180E     180E        4         0
                text27                             1466     1466       4A         0
                text26                             14B0     14B0       44         0
                text25                              69E      69E      128         0
                text24                             13CE     13CE       4E         0
                text23                             17FA     17FA        8         0
                text22                             1722     1722       1C         0
                text21                             178A     178A       16         0
                text20                             164A     164A       32         0
                text19                             141C     141C       4A         0
                text18                             14F4     14F4       42         0
                text17                             11AC     11AC       80         0
                text16                              FF2      FF2       9A         0
                text15                              3BE      3BE      19E         0
                text14                             167C     167C       26         0
                text13                             1706     1706       1C         0
                text12                             17F2     17F2        8         0
                text11                             16EA     16EA       1C         0
                text10                             175A     175A       1A         0
                text9                              17E8     17E8        A         0
                text8                               55C      55C      142         0
                text7                               C8E      C8E       C4         0
                text6                               EAC      EAC       A4         0
                text5                               7C6      7C6      116         0
                text4                              1774     1774       16         0
                text3                               8DC      8DC       F4         0
                text2                              1812     1812        2         0
                text1                              1616     1616       34         0
                text0                              111C     111C       90         0
                cinit                              108C     108C       90         0
                idataBANK1                         15E2     15E2       34         0
                idataBANK0                         1808     1808        5         0
                idataCOMRAM                        1814     1814        1         0

        CLASS   CONST          

        CLASS   SMALLCONST     
                smallconst                          300      300       BE         0

        CLASS   MEDIUMCONST    

        CLASS   COMRAM         
                temp                                 3E       3E        1         1
                cstackCOMRAM                          1        1       33         1
                dataCOMRAM                           3D       3D        1         1
                bssCOMRAM                            34       34        9         1

        CLASS   ABS1           

        CLASS   BIGRAM         

        CLASS   RAM            

        CLASS   BANK0          
                cstackBANK0                          BB       BB       3B         1
                dataBANK0                            F6       F6        5         1
                bssBANK0                             60       60       5B         1

        CLASS   BANK1          
                dataBANK1                           180      180       34         1
                bssBANK1                            100      100       80         1

        CLASS   BANK2          
                bssBANK2                            200      200       F8         1

        CLASS   SFR            

        CLASS   FARRAM         

        CLASS   CONFIG         
                config                           300000   300000        E         0

        CLASS   IDLOC          
                idloc                            200000   200000        8         0

        CLASS   EEDATA         



SEGMENTS        Name                           Load    Length   Top    Selector   Space  Class

                reset_vec                      000000  000004  000004         0       0  CODE    
                cstackCOMRAM                   000001  00003E  00003F         1       1  COMRAM  
                intcode                        000008  000012  00001A         4       0  CODE    
                bssBANK0                       000060  00009B  0000FB        60       1  BANK0   
                bssBANK1                       000100  0000B4  0001B4       100       1  BANK1   
                bssBANK2                       000200  0000F8  0002F8       200       1  BANK2   
                smallconst                     000300  0000BE  0003BE       180       0  SMALLCON
                text15                         0003BE  00144F  00180D       1DF       0  CODE    
                text28                         00180E  000007  001815       C07       0  CODE    
                idloc                          200000  000008  200008    200000       0  IDLOC   
                config                         300000  00000E  30000E    300000       0  CONFIG  


UNUSED ADDRESS RANGES

        Name                Unused          Largest block    Delta
        BANK0            0000FB-0000FF                5
        BANK1            0001B4-0001FF               4C
        BANK2            0002F8-0002FF                8
        BIGRAM           00003F-00005F               21
                         0000FB-0000FF                5
                         0001B4-0001FF               4C
                         0002F8-0002FF                8
        CODE             000004-000007                4
                         00001A-0002FF              2E6
                         00180D-00180D                1
                         001815-003FFF             27EB
        COMRAM           00003F-00005F               21
        CONST            000004-000007                4
                         00001A-0002FF              2E6
                         00180D-00180D                1
                         001815-003FFF             27EB
        EEDATA           F00000-F000FF              100
        MEDIUMCONST      00180D-00180D                1
                         001815-003FFF             27EB
        RAM              0000FB-0000FF                5
                         0001B4-0001FF               4C
                         0002F8-0002FF                8
        SFR              000D00-000FFF              100
        SMALLCONST       00180D-00180D                1
                         001815-003FFF              100
        STACK            0001B4-0001FF               4C

                                  Symbol Table

?_GetNextFrame                       cstackBANK0  0000BB
?_RunPatternControlService           cstackBANK0  0000E3
?_RunSPI32ControlService             cstackBANK0  0000E3
?_UpdatePattern                      cstackBANK0  0000C4
?___awmod                            cstackBANK0  0000BB
?___llmod                            cstackBANK0  0000BB
?___wmul                             cstackBANK0  0000C1
?_printf                             cstackBANK0  0000BB
?i2___awmod                          cstackCOMRAM 000001
?i2___wmul                           cstackCOMRAM 000007
DotStar_Init@i                       cstackBANK0  0000BE
DotStar_Init@numPixels               cstackBANK0  0000BD
DotStar_Show@pixelPointer            cstackBANK0  0000E1
ES_CheckUserEvents@i                 cstackBANK0  0000BB
ES_DeQueue@NumLeft                   cstackBANK0  0000CE
ES_DeQueue@SaveCrit                  cstackBANK0  0000CD
ES_DeQueue@pBlock                    cstackBANK0  0000C7
ES_DeQueue@pReturnEvent              cstackBANK0  0000C9
ES_DeQueue@pThisQueue                cstackBANK0  0000CF
ES_EnQueueFIFO@Event2Add             cstackBANK0  0000C9
ES_EnQueueFIFO@SaveCrit              cstackBANK0  0000CF
ES_EnQueueFIFO@pBlock                cstackBANK0  0000C7
ES_EnQueueFIFO@pThisQueue            cstackBANK0  0000D0
ES_GetMSBitSet@LoopCntr              cstackBANK0  0000C4
ES_GetMSBitSet@Nybble2Test           cstackBANK0  0000C3
ES_GetMSBitSet@ReturnVal             cstackBANK0  0000C2
ES_GetMSBitSet@Val2Check             cstackBANK0  0000BB
ES_InitQueue@BlockSize               cstackBANK0  0000BD
ES_InitQueue@pBlock                  cstackBANK0  0000BB
ES_InitQueue@pThisQueue              cstackBANK0  0000BE
ES_Initialize@NewRate                cstackBANK0  0000DC
ES_Initialize@i                      cstackBANK0  0000DE
ES_PostToService@TheEvent            cstackBANK0  0000D2
ES_PostToService@WhichService        cstackBANK0  0000D7
ES_Run@HighestPrior                  cstackBANK0  0000F4
ES_Run@ThisEvent                     bssBANK0     0000B8
ES_Timer_Init@Rate                   cstackBANK0  0000BD
ES_Timer_InitTimer@NewTime           cstackBANK0  0000BB
ES_Timer_InitTimer@Num               cstackBANK0  0000BF
ES_Timer_StopTimer@Num               cstackBANK0  0000BF
ES_Timer_Tick_Resp@NeedsProcessing   bssBANK0     00008B
ES_Timer_Tick_Resp@NewEvent          bssBANK0     000088
ES_Timer_Tick_Resp@NextTimer2Process bssBANK0     000095
ISR@LastTime                         bssCOMRAM    000034
ISR@NextTime                         bssCOMRAM    000036
InitPatternControlService@Priority   cstackBANK0  0000DB
InitPatternControlService@ThisEvent  cstackBANK0  0000D8
InitSPI32ControlService@Priority     cstackBANK0  0000DB
InitSPI32ControlService@ThisEvent    cstackBANK0  0000D8
Pattern_RGBPatterns@Length           bssBANK0     000096
Pattern_RGBPatterns@PatternConfigs   bssBANK0     00008D
PostPatternControlService@ThisEvent  cstackBANK0  0000D8
PostSPI32ControlService@ThisEvent    cstackBANK0  0000D8
RunPatternControlService@ReturnEvent cstackBANK0  0000E6
RunPatternControlService@ThisEvent   cstackBANK0  0000E3
RunPatternControlService@testEvent   cstackBANK0  0000E9
RunSPI32ControlService@ReturnEvent   cstackBANK0  0000ED
RunSPI32ControlService@ThisEvent     cstackBANK0  0000E3
SPI32_ControlService@CurrentState    bssBANK0     000097
SPI32_ControlService@MyPriority      bssBANK0     000098
SPI32_EOTResponse@EOTevent           cstackCOMRAM 000021
SPI32_SendByte@newByte               cstackBANK0  0000BB
SPI32_TransmitFrames@framePointer    cstackBANK0  0000DB
SPI32_TransmitFrames@numFrames       cstackBANK0  0000DD
SPI32_TransmitFrames@transmitEvent   cstackBANK0  0000DE
SetupPattern@configs                 cstackBANK0  0000BB
SetupPattern@numPixels               cstackBANK0  0000BD
UpdatePattern@brightness             cstackBANK0  0000CA
UpdatePattern@i                      cstackBANK0  0000D0
UpdatePattern@patternID              cstackBANK0  0000CF
_ADCON1                              (abs)        000FC1
_BitNum2SetMask                      smallconst   000301
_CCP1CON                             (abs)        000FBD
_CCP1IF                              (abs)        007CF2
_CCPR1H                              (abs)        000FBF
_CCPR1L                              (abs)        000FBE
_Check4Keystroke                     text28       00180E
_CurrentFrame                        bssBANK0     000080
_CurrentState                        bssBANK0     000099
_DistList00                          smallconst   000360
_DotStar_Init                        text39       0009D0
_DotStar_Off                         text13       001706
_DotStar_Show                        text18       0014F4
_ES_CheckUserEvents                  text27       001466
_ES_DeQueue                          text25       00069E
_ES_EnQueueFIFO                      text36       000BAC
_ES_EventList                        smallconst   00035E
_ES_GetMSBitSet                      text6        000EAC
_ES_InitQueue                        text42       001536
_ES_Initialize                       text29       000AC0
_ES_PostToService                    text35       00122C
_ES_Run                              text3        0008DC
_ES_Timer_Init                       text40       0017DA
_ES_Timer_InitTimer                  text17       0011AC
_ES_Timer_StopTimer                  text24       0013CE
_ES_Timer_Tick_Resp                  text5        0007C6
_EventQueues                         smallconst   000358
_FrameIndex                          bssBANK0     00009A
_FramePointer                        bssBANK0     00008F
_GIE                                 (abs)        007F97
_GenColors                           dataBANK1    000180
_GetNextFrame                        text10       00175A
_HW_Init                             text33       0016C8
_INTCON                              (abs)        000FF2
_IRCF0                               (abs)        007E9C
_IRCF1                               (abs)        007E9D
_IRCF2                               (abs)        007E9E
_ISR                                 intcode      000008
_InitPatternControlService           text30       00137C
_InitSPI32ControlService             text31       001572
_LATC                                (abs)        000F8B
_Length                              bssBANK0     00009B
_MyPriority                          bssBANK0     00009C
_NumFrames                           bssBANK0     00009D
_Nybble2MSBitNum                     smallconst   000341
_OffFrames                           bssBANK2     000200
_PIE1                                (abs)        000F9D
_PORTC                               (abs)        000F82
_PatternConfigs                      dataBANK0    0000F6
_PatternStepCounter                  bssBANK0     00009E
_PausePattern                        text23       0017FA
_PixelFrames                         bssBANK1     000100
_PixelPattern                        bssBANK2     000280
_PostPatternControlService           text21       00178A
_PostSPI32ControlService             text22       001722
_PostSPI32ControlService$intlevel0   text22       001728
_Queue0                              bssBANK0     0000A0
_Queue1                              bssBANK0     0000AC
_Ready                               bssBANK0     000091
_ResetPattern                        text12       0017F2
_RunPatternControlService            text7        000C8E
_RunSPI32ControlService              text8        00055C
_SCS1                                (abs)        007E99
_SPI32_EOTResponse                   text44       0017A0
_SPI32_Init                          text32       001802
_SPI32_SendByte                      text9        0017E8
_SPI32_TransmitFrames                text20       00164A
_SSPADD                              (abs)        000FC8
_SSPBUF                              (abs)        000FC9
_SSPCON1                             (abs)        000FC6
_SSPIE                               (abs)        007CEB
_SSPIF                               (abs)        007CF3
_SSPSTAT                             (abs)        000FC7
_ServDescList                        smallconst   000350
_SetupPattern                        text34       0017CC
_ShowPattern                         text14       00167C
_StopPattern                         text11       0016EA
_SysTickCounter                      bssCOMRAM    000038
_T1CON                               (abs)        000FCD
_TMR_ActiveFlags                     bssBANK0     000093
_TMR_TimerArray                      bssBANK0     000060
_TRISC                               (abs)        000F94
_TestColor                           bssBANK0     000084
_TickCount                           bssBANK0     00009F
_Timer2PostFunc                      smallconst   000321
_UpdatePattern                       text15       0003BE
_UpdatePattern$635                   cstackBANK0  0000CB
__CFG_BOREN$OFF                      (abs)        000000
__CFG_MCLRE$ON                       (abs)        000000
__CFG_OSC$IRCIO67                    (abs)        000000
__CFG_PBADEN$OFF                     (abs)        000000
__CFG_PWRT$OFF                       (abs)        000000
__CFG_WDT$OFF                        (abs)        000000
__HRAM                               (abs)        000000
__HW_Process_Pending_Ints            text4        001774
__HW_Timer_Init                      text41       00173E
__HW_Timer_Init@Rate                 cstackBANK0  0000BB
__Habs1                              abs1         000000
__Hbank0                             bank0        000000
__Hbank1                             bank1        000000
__Hbank2                             bank2        000000
__Hbigbss                            bigbss       000000
__Hbigdata                           bigdata      000000
__Hbigram                            bigram       000000
__Hbss                               bss          000000
__HbssBANK0                          bssBANK0     000000
__HbssBANK1                          bssBANK1     000000
__HbssBANK2                          bssBANK2     000000
__HbssCOMRAM                         bssCOMRAM    000000
__Hcinit                             cinit        000000
__Hclrtext                           clrtext      000000
__Hcomram                            comram       000000
__Hconfig                            config       30000E
__Hconst                             const        000000
__HcstackBANK0                       cstackBANK0  000000
__HcstackCOMRAM                      cstackCOMRAM 000000
__Hdata                              data         000000
__HdataBANK0                         dataBANK0    000000
__HdataBANK1                         dataBANK1    000000
__HdataCOMRAM                        dataCOMRAM   000000
__Heeprom_data                       eeprom_data  000000
__Hend_init                          end_init     00001A
__Hfarbss                            farbss       000000
__Hfardata                           fardata      000000
__Hibigdata                          ibigdata     000000
__Hidata                             idata        000000
__HidataBANK0                        idataBANK0   000000
__HidataBANK1                        idataBANK1   000000
__HidataCOMRAM                       idataCOMRAM  000000
__Hidloc                             idloc        200008
__Hifardata                          ifardata     000000
__Hinit                              init         000016
__Hintcode                           intcode      000016
__Hintcode_body                      intcode_body 000000
__Hintcodelo                         intcodelo    000016
__Hintentry                          intentry     000000
__Hintret                            intret       000000
__Hintsave_regs                      intsave_regs 000000
__Hirdata                            irdata       000000
__Hmediumconst                       mediumconst  000000
__HnvFARRAM                          nvFARRAM     000000
__Hnvbit                             nvbit        000000
__Hnvrram                            nvrram       000000
__Hparam                             rparam       000000
__Hpowerup                           powerup      000016
__Hram                               ram          000000
__Hramtop                            ramtop       000300
__Hrbit                              rbit         000000
__Hrbss                              rbss         000000
__Hrdata                             rdata        000000
__Hreset_vec                         reset_vec    000004
__Hrparam                            rparam       000000
__Hsfr                               sfr          000000
__Hsmallconst                        smallconst   0003BE
__Hspace_0                           (abs)        30000E
__Hspace_1                           (abs)        0002F8
__Hspace_2                           (abs)        000000
__Hstack                             stack        000000
__Hstruct                            struct       000000
__Htemp                              temp         00003F
__Htext                              text         000000
__Htext0                             text0        000000
__Htext1                             text1        000000
__Htext10                            text10       000000
__Htext11                            text11       000000
__Htext12                            text12       000000
__Htext13                            text13       000000
__Htext14                            text14       000000
__Htext15                            text15       000000
__Htext16                            text16       000000
__Htext17                            text17       000000
__Htext18                            text18       000000
__Htext19                            text19       000000
__Htext2                             text2        000000
__Htext20                            text20       000000
__Htext21                            text21       000000
__Htext22                            text22       000000
__Htext23                            text23       000000
__Htext24                            text24       000000
__Htext25                            text25       000000
__Htext26                            text26       000000
__Htext27                            text27       000000
__Htext28                            text28       000000
__Htext29                            text29       000000
__Htext3                             text3        000000
__Htext30                            text30       000000
__Htext31                            text31       000000
__Htext32                            text32       000000
__Htext33                            text33       000000
__Htext34                            text34       000000
__Htext35                            text35       000000
__Htext36                            text36       000000
__Htext37                            text37       000000
__Htext38                            text38       000000
__Htext39                            text39       000000
__Htext4                             text4        000000
__Htext40                            text40       000000
__Htext41                            text41       000000
__Htext42                            text42       000000
__Htext44                            text44       000000
__Htext45                            text45       000000
__Htext46                            text46       000000
__Htext47                            text47       000000
__Htext48                            text48       000000
__Htext49                            text49       000000
__Htext5                             text5        000000
__Htext50                            text50       000000
__Htext6                             text6        000000
__Htext7                             text7        000000
__Htext8                             text8        000000
__Htext9                             text9        000000
__LRAM                               (abs)        000001
__Labs1                              abs1         000000
__Lbank0                             bank0        000000
__Lbank1                             bank1        000000
__Lbank2                             bank2        000000
__Lbigbss                            bigbss       000000
__Lbigdata                           bigdata      000000
__Lbigram                            bigram       000000
__Lbss                               bss          000000
__LbssBANK0                          bssBANK0     000000
__LbssBANK1                          bssBANK1     000000
__LbssBANK2                          bssBANK2     000000
__LbssCOMRAM                         bssCOMRAM    000000
__Lcinit                             cinit        000000
__Lclrtext                           clrtext      000000
__Lcomram                            comram       000000
__Lconfig                            config       300000
__Lconst                             const        000000
__LcstackBANK0                       cstackBANK0  000000
__LcstackCOMRAM                      cstackCOMRAM 000000
__Ldata                              data         000000
__LdataBANK0                         dataBANK0    000000
__LdataBANK1                         dataBANK1    000000
__LdataCOMRAM                        dataCOMRAM   000000
__Leeprom_data                       eeprom_data  000000
__Lend_init                          end_init     000016
__Lfarbss                            farbss       000000
__Lfardata                           fardata      000000
__Libigdata                          ibigdata     000000
__Lidata                             idata        000000
__LidataBANK0                        idataBANK0   000000
__LidataBANK1                        idataBANK1   000000
__LidataCOMRAM                       idataCOMRAM  000000
__Lidloc                             idloc        200000
__Lifardata                          ifardata     000000
__Linit                              init         000016
__Lintcode                           intcode      000008
__Lintcode_body                      intcode_body 000000
__Lintcodelo                         intcodelo    000016
__Lintentry                          intentry     000000
__Lintret                            intret       000000
__Lintsave_regs                      intsave_regs 000000
__Lirdata                            irdata       000000
__Lmediumconst                       mediumconst  000000
__LnvFARRAM                          nvFARRAM     000000
__Lnvbit                             nvbit        000000
__Lnvrram                            nvrram       000000
__Lparam                             rparam       000000
__Lpowerup                           powerup      000016
__Lram                               ram          000000
__Lramtop                            ramtop       000300
__Lrbit                              rbit         000000
__Lrbss                              rbss         000000
__Lrdata                             rdata        000000
__Lreset_vec                         reset_vec    000000
__Lrparam                            rparam       000000
__Lsfr                               sfr          000000
__Lsmallconst                        smallconst   000300
__Lspace_0                           (abs)        000000
__Lspace_1                           (abs)        000000
__Lspace_2                           (abs)        000000
__Lstack                             stack        000000
__Lstruct                            struct       000000
__Ltemp                              temp         00003E
__Ltext                              text         000000
__Ltext0                             text0        000000
__Ltext1                             text1        000000
__Ltext10                            text10       000000
__Ltext11                            text11       000000
__Ltext12                            text12       000000
__Ltext13                            text13       000000
__Ltext14                            text14       000000
__Ltext15                            text15       000000
__Ltext16                            text16       000000
__Ltext17                            text17       000000
__Ltext18                            text18       000000
__Ltext19                            text19       000000
__Ltext2                             text2        000000
__Ltext20                            text20       000000
__Ltext21                            text21       000000
__Ltext22                            text22       000000
__Ltext23                            text23       000000
__Ltext24                            text24       000000
__Ltext25                            text25       000000
__Ltext26                            text26       000000
__Ltext27                            text27       000000
__Ltext28                            text28       000000
__Ltext29                            text29       000000
__Ltext3                             text3        000000
__Ltext30                            text30       000000
__Ltext31                            text31       000000
__Ltext32                            text32       000000
__Ltext33                            text33       000000
__Ltext34                            text34       000000
__Ltext35                            text35       000000
__Ltext36                            text36       000000
__Ltext37                            text37       000000
__Ltext38                            text38       000000
__Ltext39                            text39       000000
__Ltext4                             text4        000000
__Ltext40                            text40       000000
__Ltext41                            text41       000000
__Ltext42                            text42       000000
__Ltext44                            text44       000000
__Ltext45                            text45       000000
__Ltext46                            text46       000000
__Ltext47                            text47       000000
__Ltext48                            text48       000000
__Ltext49                            text49       000000
__Ltext5                             text5        000000
__Ltext50                            text50       000000
__Ltext6                             text6        000000
__Ltext7                             text7        000000
__Ltext8                             text8        000000
__Ltext9                             text9        000000
__PRIMASK_temp                       bssCOMRAM    00003A
__S0                                 (abs)        30000E
__S1                                 (abs)        0002F8
__S2                                 (abs)        000000
___awmod                             text38       000F50
___awmod@counter                     cstackBANK0  0000BF
___awmod@dividend                    cstackBANK0  0000BB
___awmod@divisor                     cstackBANK0  0000BD
___awmod@sign                        cstackBANK0  0000C0
___inthi_sp                          stack        000000
___intlo_sp                          stack        000000
___lbmod                             text26       0014B0
___lbmod@counter                     cstackBANK0  0000BD
___lbmod@dividend                    cstackBANK0  0000BC
___lbmod@divisor                     cstackBANK0  0000BB
___lbmod@rem                         cstackBANK0  0000BE
___llmod                             text16       000FF2
___llmod@counter                     cstackBANK0  0000C3
___llmod@dividend                    cstackBANK0  0000BB
___llmod@divisor                     cstackBANK0  0000BF
___param_bank                        (abs)        000010
___rparam_used                       (abs)        000001
___sp                                stack        000000
___wmul                              text37       0015AC
___wmul@multiplicand                 cstackBANK0  0000C3
___wmul@multiplier                   cstackBANK0  0000C1
___wmul@product                      cstackBANK0  0000C5
__accesstop                          (abs)        000060
__activetblptr                       (abs)        000002
__end_of_BitNum2SetMask              smallconst   000321
__end_of_Check4Keystroke             text28       001812
__end_of_DistList00                  smallconst   000364
__end_of_DotStar_Init                text39       000AC0
__end_of_DotStar_Off                 text13       001722
__end_of_DotStar_Show                text18       001536
__end_of_ES_CheckUserEvents          text27       0014B0
__end_of_ES_DeQueue                  text25       0007C6
__end_of_ES_EnQueueFIFO              text36       000C8E
__end_of_ES_EventList                smallconst   000360
__end_of_ES_GetMSBitSet              text6        000F50
__end_of_ES_InitQueue                text42       001572
__end_of_ES_Initialize               text29       000BAC
__end_of_ES_PostToService            text35       0012A2
__end_of_ES_Run                      text3        0009D0
__end_of_ES_Timer_Init               text40       0017E8
__end_of_ES_Timer_InitTimer          text17       00122C
__end_of_ES_Timer_StopTimer          text24       00141C
__end_of_ES_Timer_Tick_Resp          text5        0008DC
__end_of_EventQueues                 smallconst   00035E
__end_of_GetNextFrame                text10       001774
__end_of_HW_Init                     text33       0016EA
__end_of_ISR                         intcode_body 000EAC
__end_of_InitPatternControlService   text30       0013CE
__end_of_InitSPI32ControlService     text31       0015AC
__end_of_Nybble2MSBitNum             smallconst   000350
__end_of_PausePattern                text23       001802
__end_of_PostPatternControlService   text21       0017A0
__end_of_PostSPI32ControlService     text22       00173E
__end_of_ResetPattern                text12       0017FA
__end_of_RunPatternControlService    text7        000D52
__end_of_RunSPI32ControlService      text8        00069E
__end_of_SPI32_EOTResponse           text44       0017B6
__end_of_SPI32_Init                  text32       001808
__end_of_SPI32_SendByte              text9        0017F2
__end_of_SPI32_TransmitFrames        text20       00167C
__end_of_ServDescList                smallconst   000358
__end_of_SetupPattern                text34       0017DA
__end_of_ShowPattern                 text14       0016A2
__end_of_StopPattern                 text11       001706
__end_of_Timer2PostFunc              smallconst   000341
__end_of_UpdatePattern               text15       00055C
__end_of__HW_Process_Pending_Ints    text4        00178A
__end_of__HW_Timer_Init              text41       00175A
__end_of___awmod                     text38       000FF2
__end_of___lbmod                     text26       0014F4
__end_of___llmod                     text16       00108C
__end_of___wmul                      text37       0015E2
__end_of__initialization             cinit        00110E
__end_of_main                        text0        0011AC
__end_of_memcpy                      text19       001466
__end_of_printf                      text1        00164A
__end_of_putch                       text2        001814
__end_ofi2_ES_EnQueueFIFO            text47       000E06
__end_ofi2_ES_PostToService          text46       00137C
__end_ofi2_PostSPI32ControlService   text45       0017CC
__end_ofi2___awmod                   text49       001312
__end_ofi2___wmul                    text48       0016C8
__initialization                     cinit        00108C
__mediumconst                        mediumconst  000000
__pbssBANK0                          bssBANK0     000060
__pbssBANK1                          bssBANK1     000100
__pbssBANK2                          bssBANK2     000200
__pbssCOMRAM                         bssCOMRAM    000034
__pcinit                             cinit        00108C
__pcstackBANK0                       cstackBANK0  0000BB
__pcstackCOMRAM                      cstackCOMRAM 000001
__pdataBANK0                         dataBANK0    0000F6
__pdataBANK1                         dataBANK1    000180
__pdataCOMRAM                        dataCOMRAM   00003D
__pidataBANK0                        idataBANK0   001808
__pidataBANK1                        idataBANK1   0015E2
__pidataCOMRAM                       idataCOMRAM  001814
__pintcode                           intcode      000008
__pintcode_body                      intcode_body 000E06
__psmallconst                        smallconst   000300
__ptext0                             text0        00111C
__ptext1                             text1        001616
__ptext10                            text10       00175A
__ptext11                            text11       0016EA
__ptext12                            text12       0017F2
__ptext13                            text13       001706
__ptext14                            text14       00167C
__ptext15                            text15       0003BE
__ptext16                            text16       000FF2
__ptext17                            text17       0011AC
__ptext18                            text18       0014F4
__ptext19                            text19       00141C
__ptext2                             text2        001812
__ptext20                            text20       00164A
__ptext21                            text21       00178A
__ptext22                            text22       001722
__ptext23                            text23       0017FA
__ptext24                            text24       0013CE
__ptext25                            text25       00069E
__ptext26                            text26       0014B0
__ptext27                            text27       001466
__ptext28                            text28       00180E
__ptext29                            text29       000AC0
__ptext3                             text3        0008DC
__ptext30                            text30       00137C
__ptext31                            text31       001572
__ptext32                            text32       001802
__ptext33                            text33       0016C8
__ptext34                            text34       0017CC
__ptext35                            text35       00122C
__ptext36                            text36       000BAC
__ptext37                            text37       0015AC
__ptext38                            text38       000F50
__ptext39                            text39       0009D0
__ptext4                             text4        001774
__ptext40                            text40       0017DA
__ptext41                            text41       00173E
__ptext42                            text42       001536
__ptext44                            text44       0017A0
__ptext45                            text45       0017B6
__ptext46                            text46       001312
__ptext47                            text47       000D52
__ptext48                            text48       0016A2
__ptext49                            text49       0012A2
__ptext5                             text5        0007C6
__ptext50                            text50       000000
__ptext6                             text6        000EAC
__ptext7                             text7        000C8E
__ptext8                             text8        00055C
__ptext9                             text9        0017E8
__ramtop                             ramtop       000300
__size_of_Check4Keystroke            (abs)        000000
__size_of_DotStar_Init               (abs)        000000
__size_of_DotStar_Off                (abs)        000000
__size_of_DotStar_Show               (abs)        000000
__size_of_ES_CheckUserEvents         (abs)        000000
__size_of_ES_DeQueue                 (abs)        000000
__size_of_ES_EnQueueFIFO             (abs)        000000
__size_of_ES_GetMSBitSet             (abs)        000000
__size_of_ES_InitQueue               (abs)        000000
__size_of_ES_Initialize              (abs)        000000
__size_of_ES_PostToService           (abs)        000000
__size_of_ES_Run                     (abs)        000000
__size_of_ES_Timer_Init              (abs)        000000
__size_of_ES_Timer_InitTimer         (abs)        000000
__size_of_ES_Timer_StopTimer         (abs)        000000
__size_of_ES_Timer_Tick_Resp         (abs)        000000
__size_of_GetNextFrame               (abs)        000000
__size_of_HW_Init                    (abs)        000000
__size_of_ISR                        (abs)        000000
__size_of_InitPatternControlService  (abs)        000000
__size_of_InitSPI32ControlService    (abs)        000000
__size_of_PausePattern               (abs)        000000
__size_of_PostPatternControlService  (abs)        000000
__size_of_PostSPI32ControlService    (abs)        000000
__size_of_ResetPattern               (abs)        000000
__size_of_RunPatternControlService   (abs)        000000
__size_of_RunSPI32ControlService     (abs)        000000
__size_of_SPI32_EOTResponse          (abs)        000000
__size_of_SPI32_Init                 (abs)        000000
__size_of_SPI32_SendByte             (abs)        000000
__size_of_SPI32_TransmitFrames       (abs)        000000
__size_of_SetupPattern               (abs)        000000
__size_of_ShowPattern                (abs)        000000
__size_of_StopPattern                (abs)        000000
__size_of_UpdatePattern              (abs)        000000
__size_of__HW_Process_Pending_Ints   (abs)        000000
__size_of__HW_Timer_Init             (abs)        000000
__size_of___awmod                    (abs)        000000
__size_of___lbmod                    (abs)        000000
__size_of___llmod                    (abs)        000000
__size_of___wmul                     (abs)        000000
__size_of_main                       (abs)        000000
__size_of_memcpy                     (abs)        000000
__size_of_printf                     (abs)        000000
__size_of_putch                      (abs)        000000
__size_ofi2_ES_EnQueueFIFO           (abs)        000000
__size_ofi2_ES_PostToService         (abs)        000000
__size_ofi2_PostSPI32ControlService  (abs)        000000
__size_ofi2___awmod                  (abs)        000000
__size_ofi2___wmul                   (abs)        000000
__smallconst                         smallconst   000300
_main                                text0        00111C
_memcpy                              text19       00141C
_printf                              text1        001616
_putch                               text2        001812
btemp                                temp         00003E
end_of_initialization                cinit        00110E
i2ES_EnQueueFIFO@Event2Add           cstackCOMRAM 00000F
i2ES_EnQueueFIFO@SaveCrit            cstackCOMRAM 000015
i2ES_EnQueueFIFO@pBlock              cstackCOMRAM 00000D
i2ES_EnQueueFIFO@pThisQueue          cstackCOMRAM 000016
i2ES_PostToService@TheEvent          cstackCOMRAM 000018
i2ES_PostToService@WhichService      cstackCOMRAM 00001D
i2PostSPI32ControlService@ThisEvent  cstackCOMRAM 00001E
i2_ES_EnQueueFIFO                    text47       000D52
i2_ES_PostToService                  text46       001312
i2_PostSPI32ControlService           text45       0017B6
i2___awmod                           text49       0012A2
i2___awmod@counter                   cstackCOMRAM 000005
i2___awmod@dividend                  cstackCOMRAM 000001
i2___awmod@divisor                   cstackCOMRAM 000003
i2___awmod@sign                      cstackCOMRAM 000006
i2___wmul                            text48       0016A2
i2___wmul@multiplicand               cstackCOMRAM 000009
i2___wmul@multiplier                 cstackCOMRAM 000007
i2___wmul@product                    cstackCOMRAM 00000B
int$flags                            temp         00003E
int_func                             intcode_body 000E06
intlevel0                            text         000000
intlevel1                            text         000000
intlevel2                            text         000000
intlevel3                            text         000000
main@ErrorType                       cstackBANK0  0000F5
memcpy@d                             cstackBANK0  0000C1
memcpy@d1                            cstackBANK0  0000BB
memcpy@n                             cstackBANK0  0000BF
memcpy@s                             cstackBANK0  0000C3
memcpy@s1                            cstackBANK0  0000BD
printf@ap                            cstackBANK0  0000BD
printf@c                             cstackBANK0  0000BF
printf@f                             cstackBANK0  0000BB
stackhi                              (abs)        0001FF
stacklo                              (abs)        0001B4
start                                init         000016
start_initialization                 cinit        00108C


FUNCTION INFORMATION:

 *************** function _main *****************
 Defined at:
		line 25 in file "main.c"
 Parameters:    Size  Location     Type
		None
 Auto vars:     Size  Location     Type
  ErrorType       1   58[BANK0 ] enum E15647
 Return value:  Size  Location     Type
                  2  527[None  ] int 
 Registers used:
		wreg, fsr1l, fsr1h, fsr2l, fsr2h, status,2, status,0, pclat, tosl, tblptrl, tblptrh, tblptru, prodl, prodh, cstack
 Tracked objects:
		On entry : 
		On exit  : 
		Unchanged: 
 Data sizes:     COMRAM   BANK0   BANK1   BANK2
      Params:         0       0       0       0
      Locals:         0       1       0       0
      Temps:          0       0       0       0
      Totals:         0       1       0       0
Total ram usage:        1 bytes
 Hardware stack levels required when called:   15
 This function calls:
		_ES_Initialize
		_ES_Run
		_printf
 This function is called by:
		Startup code after reset
 This function uses a non-reentrant model


 *************** function _printf *****************
 Defined at:
		line 464 in file "C:\Program Files (x86)\Microchip\xc8\v1.38\sources\common\doprnt.c"
 Parameters:    Size  Location     Type
  f               2    0[BANK0 ] PTR const unsigned char 
		 -> STR_4(15), STR_3(23), STR_2(24), STR_1(27), 
 Auto vars:     Size  Location     Type
  tmpval          4    0        struct .
  cp              3    0        PTR const unsigned char 
  ap              2    2[BANK0 ] PTR void [1]
		 -> ?_printf(2), 
  len             2    0        unsigned int 
  val             2    0        unsigned int 
  c               1    4[BANK0 ] char 
  flag            1    0        unsigned char 
  prec            1    0        char 
 Return value:  Size  Location     Type
                  2    0[BANK0 ] int 
 Registers used:
		wreg, status,2, status,0, tblptrl, tblptrh, tblptru, cstack
 Tracked objects:
		On entry : 
		On exit  : 
		Unchanged: 
 Data sizes:     COMRAM   BANK0   BANK1   BANK2
      Params:         0       2       0       0
      Locals:         0       3       0       0
      Temps:          0       0       0       0
      Totals:         0       5       0       0
Total ram usage:        5 bytes
 Hardware stack levels used:    1
 Hardware stack levels required when called:    7
 This function calls:
		_putch
 This function is called by:
		_main
 This function uses a non-reentrant model


 *************** function _putch *****************
 Defined at:
		line 7 in file "C:\Program Files (x86)\Microchip\xc8\v1.38\sources\common\putch.c"
 Parameters:    Size  Location     Type
  c               1    wreg     unsigned char 
 Auto vars:     Size  Location     Type
  c               1    0[COMRAM] unsigned char 
 Return value:  Size  Location     Type
                  1    wreg      void 
 Registers used:
		wreg
 Tracked objects:
		On entry : 
		On exit  : 
		Unchanged: 
 Data sizes:     COMRAM   BANK0   BANK1   BANK2
      Params:         0       0       0       0
      Locals:         0       0       0       0
      Temps:          0       0       0       0
      Totals:         0       0       0       0
Total ram usage:        0 bytes
 Hardware stack levels used:    1
 Hardware stack levels required when called:    6
 This function calls:
		Nothing
 This function is called by:
		_printf
 This function uses a non-reentrant model


 *************** function _ES_Run *****************
 Defined at:
		line 277 in file "ES_Framework.c"
 Parameters:    Size  Location     Type
		None
 Auto vars:     Size  Location     Type
  HighestPrior    1   57[BANK0 ] unsigned char 
 Return value:  Size  Location     Type
                  1    wreg      enum E15495
 Registers used:
		wreg, fsr1l, fsr1h, fsr2l, fsr2h, status,2, status,0, pclat, tosl, tblptrl, tblptrh, tblptru, prodl, prodh, cstack
 Tracked objects:
		On entry : 
		On exit  : 
		Unchanged: 
 Data sizes:     COMRAM   BANK0   BANK1   BANK2
      Params:         0       0       0       0
      Locals:         0       1       0       0
      Temps:          0       4       0       0
      Totals:         0       5       0       0
Total ram usage:        5 bytes
 Hardware stack levels used:    1
 Hardware stack levels required when called:   14
 This function calls:
		_ES_CheckUserEvents
		_ES_DeQueue
		_ES_GetMSBitSet
		_RunPatternControlService
		_RunSPI32ControlService
		__HW_Process_Pending_Ints
 This function is called by:
		_main
 This function uses a non-reentrant model


 *************** function __HW_Process_Pending_Ints *****************
 Defined at:
		line 207 in file "ES_Port.c"
 Parameters:    Size  Location     Type
		None
 Auto vars:     Size  Location     Type
		None
 Return value:  Size  Location     Type
                  1    wreg      unsigned char 
 Registers used:
		wreg, fsr1l, fsr1h, fsr2l, fsr2h, status,2, status,0, pclat, tosl, tblptrl, tblptrh, tblptru, prodl, prodh, cstack
 Tracked objects:
		On entry : 
		On exit  : 
		Unchanged: 
 Data sizes:     COMRAM   BANK0   BANK1   BANK2
      Params:         0       0       0       0
      Locals:         0       0       0       0
      Temps:          0       0       0       0
      Totals:         0       0       0       0
Total ram usage:        0 bytes
 Hardware stack levels used:    1
 Hardware stack levels required when called:   11
 This function calls:
		_ES_Timer_Tick_Resp
 This function is called by:
		_ES_Run
 This function uses a non-reentrant model


 *************** function _ES_Timer_Tick_Resp *****************
 Defined at:
		line 284 in file "ES_Timers.c"
 Parameters:    Size  Location     Type
		None
 Auto vars:     Size  Location     Type
		None
 Return value:  Size  Location     Type
                  1    wreg      void 
 Registers used:
		wreg, fsr1l, fsr1h, fsr2l, fsr2h, status,2, status,0, pclat, tosl, tblptrl, tblptrh, tblptru, prodl, prodh, cstack
 Tracked objects:
		On entry : 
		On exit  : 
		Unchanged: 
 Data sizes:     COMRAM   BANK0   BANK1   BANK2
      Params:         0       0       0       0
      Locals:         0       0       0       0
      Temps:          0       4       0       0
      Totals:         0       4       0       0
Total ram usage:        4 bytes
 Hardware stack levels used:    1
 Hardware stack levels required when called:   10
 This function calls:
		Absolute function
		_ES_GetMSBitSet
		_PostPatternControlService
		_PostSPI32ControlService
 This function is called by:
		__HW_Process_Pending_Ints
 This function uses a non-reentrant model


 *************** function _ES_GetMSBitSet *****************
 Defined at:
		line 79 in file "ES_LookupTables.c"
 Parameters:    Size  Location     Type
  Val2Check       2    0[BANK0 ] unsigned int 
 Auto vars:     Size  Location     Type
  LoopCntr        1    9[BANK0 ] char 
  Nybble2Test     1    8[BANK0 ] unsigned char 
  ReturnVal       1    7[BANK0 ] unsigned char 
 Return value:  Size  Location     Type
                  1    wreg      unsigned char 
 Registers used:
		wreg, status,2, status,0, tblptrl, tblptrh, tblptru, prodl, prodh
 Tracked objects:
		On entry : 
		On exit  : 
		Unchanged: 
 Data sizes:     COMRAM   BANK0   BANK1   BANK2
      Params:         0       2       0       0
      Locals:         0       3       0       0
      Temps:          0       5       0       0
      Totals:         0      10       0       0
Total ram usage:       10 bytes
 Hardware stack levels used:    1
 Hardware stack levels required when called:    6
 This function calls:
		Nothing
 This function is called by:
		_ES_Run
		_ES_Timer_Tick_Resp
 This function uses a non-reentrant model


 *************** function _RunPatternControlService *****************
 Defined at:
		line 157 in file "Pattern_ControlService.c"
 Parameters:    Size  Location     Type
  ThisEvent       3   40[BANK0 ] struct ES_Event_t
 Auto vars:     Size  Location     Type
  testEvent       3   46[BANK0 ] struct ES_Event_t
  ReturnEvent     3   43[BANK0 ] struct ES_Event_t
 Return value:  Size  Location     Type
                  3   40[BANK0 ] struct ES_Event_t
 Registers used:
		wreg, fsr1l, fsr1h, fsr2l, fsr2h, status,2, status,0, tblptrl, tblptrh, tblptru, prodl, prodh, cstack
 Tracked objects:
		On entry : 
		On exit  : 
		Unchanged: 
 Data sizes:     COMRAM   BANK0   BANK1   BANK2
      Params:         0       3       0       0
      Locals:         0       6       0       0
      Temps:          0       0       0       0
      Totals:         0       9       0       0
Total ram usage:        9 bytes
 Hardware stack levels used:    1
 Hardware stack levels required when called:   13
 This function calls:
		_PausePattern
		_PostPatternControlService
		_ShowPattern
		_StopPattern
 This function is called by:
		_ES_Run
 This function uses a non-reentrant model


 *************** function _RunSPI32ControlService *****************
 Defined at:
		line 138 in file "SPI32_ControlService.c"
 Parameters:    Size  Location     Type
  ThisEvent       3   40[BANK0 ] struct ES_Event_t
 Auto vars:     Size  Location     Type
  ReturnEvent     3   50[BANK0 ] struct ES_Event_t
 Return value:  Size  Location     Type
                  3   40[BANK0 ] struct ES_Event_t
 Registers used:
		wreg, fsr2l, fsr2h, status,2, status,0, cstack
 Tracked objects:
		On entry : 
		On exit  : 
		Unchanged: 
 Data sizes:     COMRAM   BANK0   BANK1   BANK2
      Params:         0       3       0       0
      Locals:         0       3       0       0
      Temps:          0       7       0       0
      Totals:         0      13       0       0
Total ram usage:       13 bytes
 Hardware stack levels used:    1
 Hardware stack levels required when called:    7
 This function calls:
		_GetNextFrame
		_SPI32_SendByte
 This function is called by:
		_ES_Run
 This function uses a non-reentrant model


 *************** function _SPI32_SendByte *****************
 Defined at:
		line 84 in file "SPI32_HW.c"
 Parameters:    Size  Location     Type
  newByte         1    wreg     unsigned char 
 Auto vars:     Size  Location     Type
  newByte         1    0[BANK0 ] unsigned char 
 Return value:  Size  Location     Type
                  1    wreg      void 
 Registers used:
		wreg
 Tracked objects:
		On entry : 
		On exit  : 
		Unchanged: 
 Data sizes:     COMRAM   BANK0   BANK1   BANK2
      Params:         0       0       0       0
      Locals:         0       1       0       0
      Temps:          0       0       0       0
      Totals:         0       1       0       0
Total ram usage:        1 bytes
 Hardware stack levels used:    1
 Hardware stack levels required when called:    6
 This function calls:
		Nothing
 This function is called by:
		_RunSPI32ControlService
 This function uses a non-reentrant model


 *************** function _GetNextFrame *****************
 Defined at:
		line 249 in file "SPI32_ControlService.c"
 Parameters:    Size  Location     Type
		None
 Auto vars:     Size  Location     Type
		None
 Return value:  Size  Location     Type
                  4    0[BANK0 ] unsigned long 
 Registers used:
		fsr2l, fsr2h
 Tracked objects:
		On entry : 
		On exit  : 
		Unchanged: 
 Data sizes:     COMRAM   BANK0   BANK1   BANK2
      Params:         0       4       0       0
      Locals:         0       0       0       0
      Temps:          0       0       0       0
      Totals:         0       4       0       0
Total ram usage:        4 bytes
 Hardware stack levels used:    1
 Hardware stack levels required when called:    6
 This function calls:
		Nothing
 This function is called by:
		_RunSPI32ControlService
 This function uses a non-reentrant model


 *************** function _StopPattern *****************
 Defined at:
		line 280 in file "Pattern_ControlService.c"
 Parameters:    Size  Location     Type
		None
 Auto vars:     Size  Location     Type
		None
 Return value:  Size  Location     Type
                  1    wreg      void 
 Registers used:
		wreg, fsr1l, fsr1h, fsr2l, fsr2h, status,2, status,0, tblptrl, tblptrh, tblptru, prodl, prodh, cstack
 Tracked objects:
		On entry : 
		On exit  : 
		Unchanged: 
 Data sizes:     COMRAM   BANK0   BANK1   BANK2
      Params:         0       0       0       0
      Locals:         0       0       0       0
      Temps:          0       0       0       0
      Totals:         0       0       0       0
Total ram usage:        0 bytes
 Hardware stack levels used:    1
 Hardware stack levels required when called:   12
 This function calls:
		_DotStar_Off
		_ES_Timer_StopTimer
		_ResetPattern
 This function is called by:
		_RunPatternControlService
 This function uses a non-reentrant model


 *************** function _ResetPattern *****************
 Defined at:
		line 121 in file "Pattern_RGBPatterns.c"
 Parameters:    Size  Location     Type
		None
 Auto vars:     Size  Location     Type
		None
 Return value:  Size  Location     Type
                  1    wreg      void 
 Registers used:
		wreg, status,2
 Tracked objects:
		On entry : 
		On exit  : 
		Unchanged: 
 Data sizes:     COMRAM   BANK0   BANK1   BANK2
      Params:         0       0       0       0
      Locals:         0       0       0       0
      Temps:          0       0       0       0
      Totals:         0       0       0       0
Total ram usage:        0 bytes
 Hardware stack levels used:    1
 Hardware stack levels required when called:    6
 This function calls:
		Nothing
 This function is called by:
		_StopPattern
 This function uses a non-reentrant model


 *************** function _DotStar_Off *****************
 Defined at:
		line 73 in file "Pattern_DotStarLED.c"
 Parameters:    Size  Location     Type
		None
 Auto vars:     Size  Location     Type
		None
 Return value:  Size  Location     Type
                  1    wreg      void 
 Registers used:
		wreg, fsr1l, fsr1h, fsr2l, fsr2h, status,2, status,0, tblptrl, tblptrh, tblptru, prodl, prodh, cstack
 Tracked objects:
		On entry : 
		On exit  : 
		Unchanged: 
 Data sizes:     COMRAM   BANK0   BANK1   BANK2
      Params:         0       0       0       0
      Locals:         0       0       0       0
      Temps:          0       0       0       0
      Totals:         0       0       0       0
Total ram usage:        0 bytes
 Hardware stack levels used:    1
 Hardware stack levels required when called:   11
 This function calls:
		_SPI32_TransmitFrames
 This function is called by:
		_StopPattern
 This function uses a non-reentrant model


 *************** function _ShowPattern *****************
 Defined at:
		line 270 in file "Pattern_ControlService.c"
 Parameters:    Size  Location     Type
		None
 Auto vars:     Size  Location     Type
		None
 Return value:  Size  Location     Type
                  1    wreg      void 
 Registers used:
		wreg, fsr1l, fsr1h, fsr2l, fsr2h, status,2, status,0, tblptrl, tblptrh, tblptru, prodl, prodh, cstack
 Tracked objects:
		On entry : 
		On exit  : 
		Unchanged: 
 Data sizes:     COMRAM   BANK0   BANK1   BANK2
      Params:         0       0       0       0
      Locals:         0       0       0       0
      Temps:          0       0       0       0
      Totals:         0       0       0       0
Total ram usage:        0 bytes
 Hardware stack levels used:    1
 Hardware stack levels required when called:   12
 This function calls:
		_DotStar_Show
		_ES_Timer_InitTimer
		_UpdatePattern
 This function is called by:
		_RunPatternControlService
 This function uses a non-reentrant model


 *************** function _UpdatePattern *****************
 Defined at:
		line 76 in file "Pattern_RGBPatterns.c"
 Parameters:    Size  Location     Type
		None
 Auto vars:     Size  Location     Type
  i               1   21[BANK0 ] unsigned char 
  patternID       1   20[BANK0 ] unsigned char 
  brightness      1   15[BANK0 ] unsigned char 
 Return value:  Size  Location     Type
                  2    9[BANK0 ] PTR unsigned long 
 Registers used:
		wreg, fsr2l, fsr2h, status,2, status,0, prodl, prodh, cstack
 Tracked objects:
		On entry : 
		On exit  : 
		Unchanged: 
 Data sizes:     COMRAM   BANK0   BANK1   BANK2
      Params:         0       2       0       0
      Locals:         0       7       0       0
      Temps:          0       4       0       0
      Totals:         0      13       0       0
Total ram usage:       13 bytes
 Hardware stack levels used:    1
 Hardware stack levels required when called:    7
 This function calls:
		___awmod
		___llmod
 This function is called by:
		_ShowPattern
 This function uses a non-reentrant model


 *************** function ___llmod *****************
 Defined at:
		line 8 in file "C:\Program Files (x86)\Microchip\xc8\v1.38\sources\common\llmod.c"
 Parameters:    Size  Location     Type
  dividend        4    0[BANK0 ] unsigned long 
  divisor         4    4[BANK0 ] unsigned long 
 Auto vars:     Size  Location     Type
  counter         1    8[BANK0 ] unsigned char 
 Return value:  Size  Location     Type
                  4    0[BANK0 ] unsigned long 
 Registers used:
		wreg, status,2, status,0
 Tracked objects:
		On entry : 
		On exit  : 
		Unchanged: 
 Data sizes:     COMRAM   BANK0   BANK1   BANK2
      Params:         0       8       0       0
      Locals:         0       1       0       0
      Temps:          0       0       0       0
      Totals:         0       9       0       0
Total ram usage:        9 bytes
 Hardware stack levels used:    1
 Hardware stack levels required when called:    6
 This function calls:
		Nothing
 This function is called by:
		_UpdatePattern
 This function uses a non-reentrant model


 *************** function _ES_Timer_InitTimer *****************
 Defined at:
		line 229 in file "ES_Timers.c"
 Parameters:    Size  Location     Type
  Num             1    wreg     unsigned char 
  NewTime         2    0[BANK0 ] unsigned int 
 Auto vars:     Size  Location     Type
  Num             1    4[BANK0 ] unsigned char 
 Return value:  Size  Location     Type
                  1    wreg      enum E15473
 Registers used:
		wreg, fsr2l, fsr2h, status,2, status,0, tblptrl, tblptrh, tblptru, prodl, prodh
 Tracked objects:
		On entry : 
		On exit  : 
		Unchanged: 
 Data sizes:     COMRAM   BANK0   BANK1   BANK2
      Params:         0       2       0       0
      Locals:         0       1       0       0
      Temps:          0       2       0       0
      Totals:         0       5       0       0
Total ram usage:        5 bytes
 Hardware stack levels used:    1
 Hardware stack levels required when called:    6
 This function calls:
		Nothing
 This function is called by:
		_ShowPattern
 This function uses a non-reentrant model


 *************** function _DotStar_Show *****************
 Defined at:
		line 66 in file "Pattern_DotStarLED.c"
 Parameters:    Size  Location     Type
  pixelPointer    2   38[BANK0 ] PTR unsigned long 
		 -> PixelPattern(120), 
 Auto vars:     Size  Location     Type
		None
 Return value:  Size  Location     Type
                  1    wreg      void 
 Registers used:
		wreg, fsr1l, fsr1h, fsr2l, fsr2h, status,2, status,0, tblptrl, tblptrh, tblptru, prodl, prodh, cstack
 Tracked objects:
		On entry : 
		On exit  : 
		Unchanged: 
 Data sizes:     COMRAM   BANK0   BANK1   BANK2
      Params:         0       2       0       0
      Locals:         0       0       0       0
      Temps:          0       0       0       0
      Totals:         0       2       0       0
Total ram usage:        2 bytes
 Hardware stack levels used:    1
 Hardware stack levels required when called:   11
 This function calls:
		_SPI32_TransmitFrames
		_memcpy
 This function is called by:
		_ShowPattern
 This function uses a non-reentrant model


 *************** function _memcpy *****************
 Defined at:
		line 11 in file "C:\Program Files (x86)\Microchip\xc8\v1.38\sources\common\memcpy.c"
 Parameters:    Size  Location     Type
  d1              2    0[BANK0 ] PTR void 
		 -> PixelFrames(128), 
  s1              2    2[BANK0 ] PTR const void 
		 -> PixelPattern(120), 
  n               2    4[BANK0 ] unsigned int 
 Auto vars:     Size  Location     Type
  s               2    8[BANK0 ] PTR const unsigned char 
		 -> PixelPattern(120), 
  d               2    6[BANK0 ] PTR unsigned char 
		 -> PixelFrames(128), 
 Return value:  Size  Location     Type
                  2    0[BANK0 ] PTR void 
 Registers used:
		wreg, fsr1l, fsr1h, fsr2l, fsr2h, status,2, status,0
 Tracked objects:
		On entry : 
		On exit  : 
		Unchanged: 
 Data sizes:     COMRAM   BANK0   BANK1   BANK2
      Params:         0       6       0       0
      Locals:         0       4       0       0
      Temps:          0       0       0       0
      Totals:         0      10       0       0
Total ram usage:       10 bytes
 Hardware stack levels used:    1
 Hardware stack levels required when called:    6
 This function calls:
		Nothing
 This function is called by:
		_DotStar_Show
 This function uses a non-reentrant model


 *************** function _SPI32_TransmitFrames *****************
 Defined at:
		line 230 in file "SPI32_ControlService.c"
 Parameters:    Size  Location     Type
  framePointer    2   32[BANK0 ] PTR unsigned long 
		 -> OffFrames(128), PixelFrames(128), 
  numFrames       1   34[BANK0 ] unsigned char 
 Auto vars:     Size  Location     Type
  transmitEven    3   35[BANK0 ] struct ES_Event_t
 Return value:  Size  Location     Type
                  1    wreg      void 
 Registers used:
		wreg, fsr1l, fsr1h, fsr2l, fsr2h, status,2, status,0, tblptrl, tblptrh, tblptru, prodl, prodh, cstack
 Tracked objects:
		On entry : 
		On exit  : 
		Unchanged: 
 Data sizes:     COMRAM   BANK0   BANK1   BANK2
      Params:         0       3       0       0
      Locals:         0       3       0       0
      Temps:          0       0       0       0
      Totals:         0       6       0       0
Total ram usage:        6 bytes
 Hardware stack levels used:    1
 Hardware stack levels required when called:   10
 This function calls:
		_PostSPI32ControlService
 This function is called by:
		_DotStar_Show
		_DotStar_Off
 This function uses a non-reentrant model


 *************** function _PostPatternControlService *****************
 Defined at:
		line 135 in file "Pattern_ControlService.c"
 Parameters:    Size  Location     Type
  ThisEvent       3   29[BANK0 ] struct ES_Event_t
 Auto vars:     Size  Location     Type
		None
 Return value:  Size  Location     Type
                  1    wreg      unsigned char 
 Registers used:
		wreg, fsr1l, fsr1h, fsr2l, fsr2h, status,2, status,0, tblptrl, tblptrh, tblptru, prodl, prodh, cstack
 Tracked objects:
		On entry : 
		On exit  : 
		Unchanged: 
 Data sizes:     COMRAM   BANK0   BANK1   BANK2
      Params:         0       3       0       0
      Locals:         0       0       0       0
      Temps:          0       0       0       0
      Totals:         0       3       0       0
Total ram usage:        3 bytes
 Hardware stack levels used:    1
 Hardware stack levels required when called:    9
 This function calls:
		_ES_PostToService
 This function is called by:
		_RunPatternControlService
		_ES_Timer_Tick_Resp
		_PostToList
 This function uses a non-reentrant model


 *************** function _PostSPI32ControlService *****************
 Defined at:
		line 117 in file "SPI32_ControlService.c"
 Parameters:    Size  Location     Type
  ThisEvent       3   29[BANK0 ] struct ES_Event_t
 Auto vars:     Size  Location     Type
		None
 Return value:  Size  Location     Type
                  1    wreg      unsigned char 
 Registers used:
		wreg, fsr1l, fsr1h, fsr2l, fsr2h, status,2, status,0, tblptrl, tblptrh, tblptru, prodl, prodh, cstack
 Tracked objects:
		On entry : 
		On exit  : 
		Unchanged: 
 Data sizes:     COMRAM   BANK0   BANK1   BANK2
      Params:         0       3       0       0
      Locals:         0       0       0       0
      Temps:          0       0       0       0
      Totals:         0       3       0       0
Total ram usage:        3 bytes
 Hardware stack levels used:    1
 Hardware stack levels required when called:    9
 This function calls:
		_ES_PostToService
 This function is called by:
		_SPI32_TransmitFrames
		_ES_Timer_Tick_Resp
		_PostToList
 This function uses a non-reentrant model


 *************** function _PausePattern *****************
 Defined at:
		line 293 in file "Pattern_ControlService.c"
 Parameters:    Size  Location     Type
		None
 Auto vars:     Size  Location     Type
		None
 Return value:  Size  Location     Type
                  1    wreg      void 
 Registers used:
		wreg, status,2, status,0, tblptrl, tblptrh, tblptru, prodl, prodh, cstack
 Tracked objects:
		On entry : 
		On exit  : 
		Unchanged: 
 Data sizes:     COMRAM   BANK0   BANK1   BANK2
      Params:         0       0       0       0
      Locals:         0       0       0       0
      Temps:          0       0       0       0
      Totals:         0       0       0       0
Total ram usage:        0 bytes
 Hardware stack levels used:    1
 Hardware stack levels required when called:    7
 This function calls:
		_ES_Timer_StopTimer
 This function is called by:
		_RunPatternControlService
 This function uses a non-reentrant model


 *************** function _ES_Timer_StopTimer *****************
 Defined at:
		line 205 in file "ES_Timers.c"
 Parameters:    Size  Location     Type
  Num             1    wreg     unsigned char 
 Auto vars:     Size  Location     Type
  Num             1    4[BANK0 ] unsigned char 
 Return value:  Size  Location     Type
                  1    wreg      enum E15473
 Registers used:
		wreg, status,2, status,0, tblptrl, tblptrh, tblptru, prodl, prodh
 Tracked objects:
		On entry : 
		On exit  : 
		Unchanged: 
 Data sizes:     COMRAM   BANK0   BANK1   BANK2
[...]
		On entry : 
		On exit  : 
		Unchanged: 
 Data sizes:     COMRAM   BANK0   BANK1   BANK2
      Params:         0       3       0       0
      Locals:         0       1       0       0
      Temps:          0       2       0       0
      Totals:         0       6       0       0
Total ram usage:        6 bytes
 Hardware stack levels used:    1
 Hardware stack levels required when called:    8
 This function calls:
		_ES_EnQueueFIFO
 This function is called by:
		_InitPatternControlService
		_PostPatternControlService
		_InitSPI32ControlService
		_PostSPI32ControlService
 This function uses a non-reentrant model


 *************** function _ES_EnQueueFIFO *****************
 Defined at:
		line 85 in file "ES_Queue.c"
 Parameters:    Size  Location     Type
  pBlock          2   12[BANK0 ] PTR struct ES_Event_t
		 -> Queue1(12), Queue0(12), 
  Event2Add       3   14[BANK0 ] struct ES_Event_t
 Auto vars:     Size  Location     Type
  pThisQueue      2   21[BANK0 ] PTR struct .
		 -> Queue1(12), Queue0(12), 
  SaveCrit        1   20[BANK0 ] unsigned char 
 Return value:  Size  Location     Type
                  1    wreg      unsigned char 
 Registers used:
		wreg, fsr1l, fsr1h, fsr2l, fsr2h, status,2, status,0, prodl, prodh, cstack
 Tracked objects:
		On entry : 
		On exit  : 
		Unchanged: 
 Data sizes:     COMRAM   BANK0   BANK1   BANK2
      Params:         0       5       0       0
      Locals:         0       3       0       0
      Temps:          0       3       0       0
      Totals:         0      11       0       0
Total ram usage:       11 bytes
 Hardware stack levels used:    1
 Hardware stack levels required when called:    7
 This function calls:
		___awmod
		___wmul
 This function is called by:
		_ES_PostToService
		_ES_PostAll
 This function uses a non-reentrant model


 *************** function ___wmul *****************
 Defined at:
		line 15 in file "C:\Program Files (x86)\Microchip\xc8\v1.38\sources\common\Umul16.c"
 Parameters:    Size  Location     Type
  multiplier      2    6[BANK0 ] unsigned int 
  multiplicand    2    8[BANK0 ] unsigned int 
 Auto vars:     Size  Location     Type
  product         2   10[BANK0 ] unsigned int 
 Return value:  Size  Location     Type
                  2    6[BANK0 ] unsigned int 
 Registers used:
		wreg, status,2, status,0, prodl, prodh
 Tracked objects:
		On entry : 
		On exit  : 
		Unchanged: 
 Data sizes:     COMRAM   BANK0   BANK1   BANK2
      Params:         0       4       0       0
      Locals:         0       2       0       0
      Temps:          0       0       0       0
      Totals:         0       6       0       0
Total ram usage:        6 bytes
 Hardware stack levels used:    1
 Hardware stack levels required when called:    6
 This function calls:
		Nothing
 This function is called by:
		_ES_EnQueueFIFO
		_ES_DeQueue
		i2_ES_EnQueueFIFO
		_ES_EnQueueLIFO
 This function uses a non-reentrant model


 *************** function ___awmod *****************
 Defined at:
		line 8 in file "C:\Program Files (x86)\Microchip\xc8\v1.38\sources\common\awmod.c"
 Parameters:    Size  Location     Type
  dividend        2    0[BANK0 ] int 
  divisor         2    2[BANK0 ] int 
 Auto vars:     Size  Location     Type
  sign            1    5[BANK0 ] unsigned char 
  counter         1    4[BANK0 ] unsigned char 
 Return value:  Size  Location     Type
                  2    0[BANK0 ] int 
 Registers used:
		wreg, status,2, status,0
 Tracked objects:
		On entry : 
		On exit  : 
		Unchanged: 
 Data sizes:     COMRAM   BANK0   BANK1   BANK2
      Params:         0       4       0       0
      Locals:         0       2       0       0
      Temps:          0       0       0       0
      Totals:         0       6       0       0
Total ram usage:        6 bytes
 Hardware stack levels used:    1
 Hardware stack levels required when called:    6
 This function calls:
		Nothing
 This function is called by:
		_ES_EnQueueFIFO
		_UpdatePattern
		i2_ES_EnQueueFIFO
 This function uses a non-reentrant model


 *************** function _DotStar_Init *****************
 Defined at:
		line 41 in file "Pattern_DotStarLED.c"
 Parameters:    Size  Location     Type
  numPixels       1    wreg     unsigned char 
 Auto vars:     Size  Location     Type
  numPixels       1    2[BANK0 ] unsigned char 
  i               1    3[BANK0 ] unsigned char 
 Return value:  Size  Location     Type
                  1    wreg      void 
 Registers used:
		wreg, fsr2l, fsr2h, status,2, status,0, prodl, prodh
 Tracked objects:
		On entry : 
		On exit  : 
		Unchanged: 
 Data sizes:     COMRAM   BANK0   BANK1   BANK2
      Params:         0       0       0       0
      Locals:         0       2       0       0
      Temps:          0       2       0       0
      Totals:         0       4       0       0
Total ram usage:        4 bytes
 Hardware stack levels used:    1
 Hardware stack levels required when called:    6
 This function calls:
		Nothing
 This function is called by:
		_InitPatternControlService
 This function uses a non-reentrant model


 *************** function _ES_Timer_Init *****************
 Defined at:
		line 130 in file "ES_Timers.c"
 Parameters:    Size  Location     Type
  Rate            2    2[BANK0 ] enum E15424
 Auto vars:     Size  Location     Type
		None
 Return value:  Size  Location     Type
                  1    wreg      void 
 Registers used:
		wreg, status,2, cstack
 Tracked objects:
		On entry : 
		On exit  : 
		Unchanged: 
 Data sizes:     COMRAM   BANK0   BANK1   BANK2
      Params:         0       2       0       0
      Locals:         0       0       0       0
      Temps:          0       0       0       0
      Totals:         0       2       0       0
Total ram usage:        2 bytes
 Hardware stack levels used:    1
 Hardware stack levels required when called:    7
 This function calls:
		__HW_Timer_Init
 This function is called by:
		_ES_Initialize
 This function uses a non-reentrant model


 *************** function __HW_Timer_Init *****************
 Defined at:
		line 71 in file "ES_Port.c"
 Parameters:    Size  Location     Type
  Rate            2    0[BANK0 ] enum E15412
 Auto vars:     Size  Location     Type
		None
 Return value:  Size  Location     Type
                  1    wreg      void 
 Registers used:
		wreg, status,2
 Tracked objects:
		On entry : 
		On exit  : 
		Unchanged: 
 Data sizes:     COMRAM   BANK0   BANK1   BANK2
      Params:         0       2       0       0
      Locals:         0       0       0       0
      Temps:          0       0       0       0
      Totals:         0       2       0       0
Total ram usage:        2 bytes
 Hardware stack levels used:    1
 Hardware stack levels required when called:    6
 This function calls:
		Nothing
 This function is called by:
		_ES_Timer_Init
 This function uses a non-reentrant model


 *************** function _ES_InitQueue *****************
 Defined at:
		line 58 in file "ES_Queue.c"
 Parameters:    Size  Location     Type
  pBlock          2    0[BANK0 ] PTR struct ES_Event_t
		 -> Queue1(12), Queue0(12), 
  BlockSize       1    2[BANK0 ] unsigned char 
 Auto vars:     Size  Location     Type
  pThisQueue      2    3[BANK0 ] PTR struct .
		 -> Queue1(12), Queue0(12), 
 Return value:  Size  Location     Type
                  1    wreg      unsigned char 
 Registers used:
		wreg, fsr2l, fsr2h, status,2, status,0
 Tracked objects:
		On entry : 
		On exit  : 
		Unchanged: 
 Data sizes:     COMRAM   BANK0   BANK1   BANK2
      Params:         0       3       0       0
      Locals:         0       2       0       0
      Temps:          0       0       0       0
      Totals:         0       5       0       0
Total ram usage:        5 bytes
 Hardware stack levels used:    1
 Hardware stack levels required when called:    6
 This function calls:
		Nothing
 This function is called by:
		_ES_Initialize
 This function uses a non-reentrant model


 *************** function _ISR *****************
 Defined at:
		line 111 in file "ES_Port.c"
 Parameters:    Size  Location     Type
		None
 Auto vars:     Size  Location     Type
		None
 Return value:  Size  Location     Type
                  1    wreg      void 
 Registers used:
		wreg, fsr1l, fsr1h, fsr2l, fsr2h, status,2, status,0, tblptrl, tblptrh, tblptru, prodl, prodh, cstack
 Tracked objects:
		On entry : 
		On exit  : 
		Unchanged: 
 Data sizes:     COMRAM   BANK0   BANK1   BANK2
      Params:         0       0       0       0
      Locals:         0       0       0       0
      Temps:         16       0       0       0
      Totals:        16       0       0       0
Total ram usage:       16 bytes
 Hardware stack levels used:    1
 Hardware stack levels required when called:    5
 This function calls:
		_SPI32_EOTResponse
 This function is called by:
		Interrupt level 2
 This function uses a non-reentrant model


 *************** function _SPI32_EOTResponse *****************
 Defined at:
		line 156 in file "SPI32_HW.c"
 Parameters:    Size  Location     Type
		None
 Auto vars:     Size  Location     Type
  EOTevent        3   32[COMRAM] struct ES_Event_t
 Return value:  Size  Location     Type
                  1    wreg      void 
 Registers used:
		wreg, fsr1l, fsr1h, fsr2l, fsr2h, status,2, status,0, tblptrl, tblptrh, tblptru, prodl, prodh, cstack
 Tracked objects:
		On entry : 
		On exit  : 
		Unchanged: 
 Data sizes:     COMRAM   BANK0   BANK1   BANK2
      Params:         0       0       0       0
      Locals:         3       0       0       0
      Temps:          0       0       0       0
      Totals:         3       0       0       0
Total ram usage:        3 bytes
 Hardware stack levels used:    1
 Hardware stack levels required when called:    4
 This function calls:
		i2_PostSPI32ControlService
 This function is called by:
		_ISR
 This function uses a non-reentrant model


 *************** function i2_PostSPI32ControlService *****************
 Defined at:
		line 117 in file "SPI32_ControlService.c"
 Parameters:    Size  Location     Type
  ThisEvent       3   29[COMRAM] struct ES_Event_t
 Auto vars:     Size  Location     Type
		None
 Return value:  Size  Location     Type
                  1    wreg      unsigned char 
 Registers used:
		wreg, fsr1l, fsr1h, fsr2l, fsr2h, status,2, status,0, tblptrl, tblptrh, tblptru, prodl, prodh, cstack
 Tracked objects:
		On entry : 
		On exit  : 
		Unchanged: 
 Data sizes:     COMRAM   BANK0   BANK1   BANK2
      Params:         3       0       0       0
      Locals:         0       0       0       0
      Temps:          0       0       0       0
      Totals:         3       0       0       0
Total ram usage:        3 bytes
 Hardware stack levels used:    1
 Hardware stack levels required when called:    3
 This function calls:
		i2_ES_PostToService
 This function is called by:
		_SPI32_EOTResponse
 This function uses a non-reentrant model


 *************** function i2_ES_PostToService *****************
 Defined at:
		line 351 in file "ES_Framework.c"
 Parameters:    Size  Location     Type
  WhichService    1    wreg     unsigned char 
  TheEvent        3   23[COMRAM] struct ES_Event_t
 Auto vars:     Size  Location     Type
  WhichService    1   28[COMRAM] unsigned char 
 Return value:  Size  Location     Type
                  1    wreg      unsigned char 
 Registers used:
		wreg, fsr1l, fsr1h, fsr2l, fsr2h, status,2, status,0, tblptrl, tblptrh, tblptru, prodl, prodh, cstack
 Tracked objects:
		On entry : 
		On exit  : 
		Unchanged: 
 Data sizes:     COMRAM   BANK0   BANK1   BANK2
      Params:         3       0       0       0
      Locals:         1       0       0       0
      Temps:          2       0       0       0
      Totals:         6       0       0       0
Total ram usage:        6 bytes
 Hardware stack levels used:    1
 Hardware stack levels required when called:    2
 This function calls:
		i2_ES_EnQueueFIFO
 This function is called by:
		i2_PostSPI32ControlService
 This function uses a non-reentrant model


 *************** function i2_ES_EnQueueFIFO *****************
 Defined at:
		line 85 in file "ES_Queue.c"
 Parameters:    Size  Location     Type
  pBlock          2   12[COMRAM] PTR struct ES_Event_t
		 -> Queue1(12), Queue0(12), 
  Event2Add       3   14[COMRAM] struct ES_Event_t
 Auto vars:     Size  Location     Type
  ES_EnQueueFI    2   21[COMRAM] PTR struct .
		 -> Queue1(12), Queue0(12), 
  ES_EnQueueFI    1   20[COMRAM] unsigned char 
 Return value:  Size  Location     Type
                  1    wreg      unsigned char 
 Registers used:
		wreg, fsr1l, fsr1h, fsr2l, fsr2h, status,2, status,0, prodl, prodh, cstack
 Tracked objects:
		On entry : 
		On exit  : 
		Unchanged: 
 Data sizes:     COMRAM   BANK0   BANK1   BANK2
      Params:         5       0       0       0
      Locals:         3       0       0       0
      Temps:          3       0       0       0
      Totals:        11       0       0       0
Total ram usage:       11 bytes
 Hardware stack levels used:    1
 Hardware stack levels required when called:    1
 This function calls:
		i2___awmod
		i2___wmul
 This function is called by:
		i2_ES_PostToService
 This function uses a non-reentrant model


 *************** function i2___wmul *****************
 Defined at:
		line 15 in file "C:\Program Files (x86)\Microchip\xc8\v1.38\sources\common\Umul16.c"
 Parameters:    Size  Location     Type
  multiplier      2    6[COMRAM] unsigned int 
  multiplicand    2    8[COMRAM] unsigned int 
 Auto vars:     Size  Location     Type
  __wmul          2   10[COMRAM] unsigned int 
 Return value:  Size  Location     Type
                  2    6[COMRAM] unsigned int 
 Registers used:
		wreg, status,2, status,0, prodl, prodh
 Tracked objects:
		On entry : 
		On exit  : 
		Unchanged: 
 Data sizes:     COMRAM   BANK0   BANK1   BANK2
      Params:         4       0       0       0
      Locals:         2       0       0       0
      Temps:          0       0       0       0
      Totals:         6       0       0       0
Total ram usage:        6 bytes
 Hardware stack levels used:    1
 This function calls:
		Nothing
 This function is called by:
		i2_ES_EnQueueFIFO
 This function uses a non-reentrant model


 *************** function i2___awmod *****************
 Defined at:
		line 8 in file "C:\Program Files (x86)\Microchip\xc8\v1.38\sources\common\awmod.c"
 Parameters:    Size  Location     Type
  dividend        2    0[COMRAM] int 
  divisor         2    2[COMRAM] int 
 Auto vars:     Size  Location     Type
  __awmod         1    5[COMRAM] unsigned char 
  __awmod         1    4[COMRAM] unsigned char 
 Return value:  Size  Location     Type
                  2    0[COMRAM] int 
 Registers used:
		wreg, status,2, status,0
 Tracked objects:
		On entry : 
		On exit  : 
		Unchanged: 
 Data sizes:     COMRAM   BANK0   BANK1   BANK2
      Params:         4       0       0       0
      Locals:         2       0       0       0
      Temps:          0       0       0       0
      Totals:         6       0       0       0
Total ram usage:        6 bytes
 Hardware stack levels used:    1
 This function calls:
		Nothing
 This function is called by:
		i2_ES_EnQueueFIFO
 This function uses a non-reentrant model



MODULE INFORMATION

Module		Function		Class		Link	Load	Size
ES_Queue.c
		_ES_EnQueueFIFO		CODE           	0BAC	0000	227
		_ES_DeQueue    		CODE           	069E	0000	297
		_ES_InitQueue  		CODE           	1536	0000	61

ES_Queue.c estimated size: 585

C:\Program Files (x86)\Microchip\xc8\v1.38\sources\common\memcpy.c
		_memcpy        		CODE           	141C	0000	75

C:\Program Files (x86)\Microchip\xc8\v1.38\sources\common\memcpy.c estimated size: 75

C:\Program Files (x86)\Microchip\xc8\v1.38\sources\common\awmod.c
		___awmod       		CODE           	0F50	0000	163

C:\Program Files (x86)\Microchip\xc8\v1.38\sources\common\awmod.c estimated size: 163

C:\Program Files (x86)\Microchip\xc8\v1.38\sources\common\putch.c
		_putch         		CODE           	1812	0000	3

C:\Program Files (x86)\Microchip\xc8\v1.38\sources\common\putch.c estimated size: 3

ES_CheckEvents.c
		_ES_CheckUserEvents		CODE           	1466	0000	75

ES_CheckEvents.c estimated size: 75

Pattern_DotStarLED.c
		_DotStar_Off   		CODE           	1706	0000	29
		_DotStar_Init  		CODE           	09D0	0000	241
		_DotStar_Show  		CODE           	14F4	0000	67

Pattern_DotStarLED.c estimated size: 337

C:\Program Files (x86)\Microchip\xc8\v1.38\sources\common\llmod.c
		___llmod       		CODE           	0FF2	0000	155

C:\Program Files (x86)\Microchip\xc8\v1.38\sources\common\llmod.c estimated size: 155

Pattern_RGBPatterns.c
		_ResetPattern  		CODE           	17F2	0000	9
		_SetupPattern  		CODE           	17CC	0000	15
		_UpdatePattern 		CODE           	03BE	0000	415

Pattern_RGBPatterns.c estimated size: 439

C:\Program Files (x86)\Microchip\xc8\v1.38\sources\common\Umul16.c
		___wmul        		CODE           	15AC	0000	55

C:\Program Files (x86)\Microchip\xc8\v1.38\sources\common\Umul16.c estimated size: 55

ES_LookupTables.c
		_ES_GetMSBitSet		CODE           	0EAC	0000	165

ES_LookupTables.c estimated size: 165

SPI32_ControlService.c
		_PostSPI32ControlService		CODE           	1722	0000	29
		_GetNextFrame  		CODE           	175A	0000	27
		_InitSPI32ControlService		CODE           	1572	0000	59
		_RunSPI32ControlService		CODE           	055C	0000	323
		_SPI32_TransmitFrames		CODE           	164A	0000	51

SPI32_ControlService.c estimated size: 489

EventCheckers.c
		_Check4Keystroke		CODE           	180E	0000	5

EventCheckers.c estimated size: 5

ES_Framework.c
		_ES_PostToService		CODE           	122C	0000	119
		_ES_Run        		CODE           	08DC	0000	245
		_ES_Initialize 		CODE           	0AC0	0000	237

ES_Framework.c estimated size: 601

C:\Program Files (x86)\Microchip\xc8\v1.38\sources\common\lbmod.c
		___lbmod       		CODE           	14B0	0000	69

C:\Program Files (x86)\Microchip\xc8\v1.38\sources\common\lbmod.c estimated size: 69

SPI32_HW.c
		_SPI32_EOTResponse		CODE           	17A0	0000	23
		_SPI32_Init    		CODE           	1802	0000	7
		_SPI32_SendByte		CODE           	17E8	0000	11
		_HW_Init       		CODE           	16C8	0000	35

SPI32_HW.c estimated size: 76

shared
		_BitNum2SetMask		SMALLCONST     	0301	0000	33
		_DistList00    		SMALLCONST     	0360	0000	5
		i2_ES_EnQueueFIFO		CODE           	0D52	0000	181
		_ES_EventList  		SMALLCONST     	035E	0000	3
		i2___wmul      		CODE           	16A2	0000	39
		i2_ES_PostToService		CODE           	1312	0000	107
		_Nybble2MSBitNum		SMALLCONST     	0341	0000	16
		_EventQueues   		SMALLCONST     	0358	0000	7
		__initialization		CODE           	108C	0000	131
		i2___awmod     		CODE           	12A2	0000	113
		_Timer2PostFunc		SMALLCONST     	0321	0000	33
		_ServDescList  		SMALLCONST     	0350	0000	9
		i2_PostSPI32ControlService		CODE           	17B6	0000	23

shared estimated size: 700

Pattern_ControlService.c
		_InitPatternControlService		CODE           	137C	0000	83
		_ShowPattern   		CODE           	167C	0000	39
		_RunPatternControlService		CODE           	0C8E	0000	197
		_PostPatternControlService		CODE           	178A	0000	23
		_PausePattern  		CODE           	17FA	0000	9
		_StopPattern   		CODE           	16EA	0000	29

Pattern_ControlService.c estimated size: 380

ES_Port.c
		_ISR           		CODE           	0008	0000	181
		__HW_Process_Pending_Ints		CODE           	1774	0000	23
		__HW_Timer_Init		CODE           	173E	0000	29

ES_Port.c estimated size: 233

C:\Program Files (x86)\Microchip\xc8\v1.38\sources\common\doprnt.c
		_printf        		CODE           	1616	0000	53

C:\Program Files (x86)\Microchip\xc8\v1.38\sources\common\doprnt.c estimated size: 53

ES_Timers.c
		_ES_Timer_Init 		CODE           	17DA	0000	15
		_ES_Timer_InitTimer		CODE           	11AC	0000	129
		_ES_Timer_StopTimer		CODE           	13CE	0000	79
		_ES_Timer_Tick_Resp		CODE           	07C6	0000	279

ES_Timers.c estimated size: 502

main.c
		_main          		CODE           	111C	0000	145

main.c estimated size: 145

