Microchip MPLAB XC8 Compiler V1.38 ()

Linker command line:

-W-3 --edf=C:\Program Files (x86)\Microchip\xc8\v1.38\dat\en_msgs.txt -cs \
  -h+dist/default/production\DotStar_Pattern_Control.production.sym \
  --cmf=dist/default/production\DotStar_Pattern_Control.production.cmf -z \
  -Q18F2480 -oC:\Users\Luke\AppData\Local\Temp\scrk.2 \
  -Mdist/default/production/DotStar_Pattern_Control.production.map -E1 \
  -ver=XC8 -ASTACK=0F9h-0ffh -pstack=STACK -ACODE=00h-03FFFh \
  -ACONST=00h-03FFFh -ASMALLCONST=0300h-03FFhx61 -AMEDIUMCONST=0300h-03FFFh \
  -ACOMRAM=01h-05Fh -AABS1=00h-02FFh -ABIGRAM=01h-02FFh \
  -ARAM=060h-0FFh,0100h-01FFhx2 -ABANK0=060h-0FFh -ABANK1=0100h-01FFh \
  -ABANK2=0200h-02FFh -ASFR=0D00h-0DFFhx2,0F00h-0F5Fh,0F60h-0FFFh \
  -preset_vec=00h,intcode=08h,intcodelo,powerup,init,end_init \
  -pramtop=0300h -psmallconst=SMALLCONST -pmediumconst=MEDIUMCONST \
  -pconst=CONST -AFARRAM=00h-00h -ACONFIG=0300000h-030000Dh -pconfig=CONFIG \
  -AIDLOC=0200000h-0200007h -pidloc=IDLOC -AEEDATA=0F00000h-0F000FFh \
  -peeprom_data=EEDATA \
  -prdata=COMRAM,nvrram=COMRAM,nvbit=COMRAM,rbss=COMRAM,rbit=COMRAM \
  -pfarbss=FARRAM,fardata=FARRAM,nvFARRAM=FARRAM \
  -pintsave_regs=BIGRAM,bigbss=BIGRAM,bigdata=BIGRAM -pbss=RAM \
  -pidata=CODE,irdata=CODE,ibigdata=CODE,ifardata=CODE -prparam=COMRAM \
  C:\Users\Luke\AppData\Local\Temp\scrk.obj \
  dist/default/production\DotStar_Pattern_Control.production.obj 

Object code version is 3.11

Machine type is 18F2480

Call graph: (short form)




                Name                               Link     Load   Length Selector   Space Scale
C:\Users\Luke\AppData\Local\Temp\scrk.obj
                end_init                             16       16        4        4       0
                reset_vec                             0        0        4        0       0
                idloc                            200000   200000        8   200000       0
                config                           300000   300000        E   300000       0
dist/default/production\DotStar_Pattern_Control.production.obj
                intcode                               8        8        E        4       0
                temp                                 58       58        1        1       1
                smallconst                          300      300       BE      180       0
                text72                             2BA4     2BA4        2      1DF       0
                text71                             2BA2     2BA2        2      1DF       0
                text70                             2B4A     2B4A        E      1DF       0
                text69                             221E     221E       84      1DF       0
                text68                             2946     2946       2C      1DF       0
                text67                             29E6     29E6       26      1DF       0
                text66                             2AD2     2AD2       1A      1DF       0
                text65                             2B64     2B64        C      1DF       0
                text64                             250A     250A       70      1DF       0
                text63                             29C0     29C0       26      1DF       0
                text62                             1E40     1E40       B4      1DF       0
                text61                             257A     257A       6A      1DF       0
                text60                             2B18     2B18       16      1DF       0
                text59                             1FA2     1FA2       AA      1DF       0
                text58                             2B58     2B58        C      1DF       0
                text57                             2B90     2B90        6      1DF       0
                text56                             2B02     2B02       16      1DF       0
                text55                             26DE     26DE       4E      1DF       0
                text54                             2870     2870       3A      1DF       0
                intcode_body                       1BEC     1BEC       CE      1DF       0
                text52                             27FA     27FA       3C      1DF       0
                text51                             2A2E     2A2E       1E      1DF       0
                text50                             2B3C     2B3C        E      1DF       0
                text49                             23A0     23A0       7C      1DF       0
                text48                             2AB8     2AB8       1A      1DF       0
                text47                             2B70     2B70        A      1DF       0
                text46                             1EF4     1EF4       AE      1DF       0
                text45                             20F0     20F0       A2      1DF       0
                text44                             28AA     28AA       36      1DF       0
                text43                             1B0A     1B0A       E2      1DF       0
                text42                             2494     2494       76      1DF       0
                text41                             2B2E     2B2E        E      1DF       0
                text40                             2A0C     2A0C       22      1DF       0
                text39                             2B8A     2B8A        6      1DF       0
                text38                             2836     2836       3A      1DF       0
                text37                             25E4     25E4       5A      1DF       0
                text36                             1A1E     1A1E       EC      1DF       0
                text35                             2B9A     2B9A        4      1DF       0
                text34                             272C     272C       4A      1DF       0
                text33                             2776     2776       44      1DF       0
                text32                             13BA     13BA      128      1DF       0
                text31                             2690     2690       4E      1DF       0
                text30                             2B82     2B82        8      1DF       0
                text29                             241C     241C       78      1DF       0
                text28                              3BE      3BE      458      1DF       0
                text27                             2A68     2A68       1C      1DF       0
                text26                             2A4C     2A4C       1C      1DF       0
                text25                             2914     2914       32      1DF       0
                text24                             14E2     14E2      126      1DF       0
                text23                             22A2     22A2       80      1DF       0
                text22                             2B96     2B96        4      1DF       0
                text21                             1D82     1D82       BE      1DF       0
                text20                              816      816      2BE      1DF       0
                text19                              D40      D40      236      1DF       0
                text18                             1198     1198      222      1DF       0
                text17                              F76      F76      222      1DF       0
                text16                             1824     1824      106      1DF       0
                text15                              AD4      AD4      26C      1DF       0
                text14                             299A     299A       26      1DF       0
                text13                             27BA     27BA       40      1DF       0
                text12                             2A9E     2A9E       1A      1DF       0
                text11                             2972     2972       28      1DF       0
                text10                             2A84     2A84       1A      1DF       0
                text9                              263E     263E       52      1DF       0
                text8                              171E     171E      106      1DF       0
                text7                              1CBA     1CBA       C8      1DF       0
                text6                              204C     204C       A4      1DF       0
                text5                              1608     1608      116      1DF       0
                text4                              2AEC     2AEC       16      1DF       0
                text3                              192A     192A       F4      1DF       0
                text2                              2BA0     2BA0        2      1DF       0
                text1                              28E0     28E0       34      1DF       0
                text0                              2192     2192       8C      1DF       0
                cstackCOMRAM                          1        1       35        1       1
                cstackBANK0                          60       60       6D       60       1
                bssBIGRAM                           1C4      1C4      13C      1C4       1
                bssBANK1                            100      100       C4      100       1
                dataBANK0                            F1       F1        8       60       1
                bssBANK0                             CD       CD       24       60       1
                dataCOMRAM                           56       56        2        1       1
                bssCOMRAM                            36       36       20        1       1
                cinit                              2322     2322       7E      1DF       0
                idataBANK0                         2B7A     2B7A        8      1DF       0
                idataCOMRAM                        2B9E     2B9E        2      1DF       0

TOTAL           Name                               Link     Load   Length     Space
        CLASS   STACK          

        CLASS   CODE           
                end_init                             16       16        4         0
                intcode                               8        8        E         0
                reset_vec                             0        0        4         0
                text72                             2BA4     2BA4        2         0
                text71                             2BA2     2BA2        2         0
                text70                             2B4A     2B4A        E         0
                text69                             221E     221E       84         0
                text68                             2946     2946       2C         0
                text67                             29E6     29E6       26         0
                text66                             2AD2     2AD2       1A         0
                text65                             2B64     2B64        C         0
                text64                             250A     250A       70         0
                text63                             29C0     29C0       26         0
                text62                             1E40     1E40       B4         0
                text61                             257A     257A       6A         0
                text60                             2B18     2B18       16         0
                text59                             1FA2     1FA2       AA         0
                text58                             2B58     2B58        C         0
                text57                             2B90     2B90        6         0
                text56                             2B02     2B02       16         0
                text55                             26DE     26DE       4E         0
                text54                             2870     2870       3A         0
                intcode_body                       1BEC     1BEC       CE         0
                text52                             27FA     27FA       3C         0
                text51                             2A2E     2A2E       1E         0
                text50                             2B3C     2B3C        E         0
                text49                             23A0     23A0       7C         0
                text48                             2AB8     2AB8       1A         0
                text47                             2B70     2B70        A         0
                text46                             1EF4     1EF4       AE         0
                text45                             20F0     20F0       A2         0
                text44                             28AA     28AA       36         0
                text43                             1B0A     1B0A       E2         0
                text42                             2494     2494       76         0
                text41                             2B2E     2B2E        E         0
                text40                             2A0C     2A0C       22         0
                text39                             2B8A     2B8A        6         0
                text38                             2836     2836       3A         0
                text37                             25E4     25E4       5A         0
                text36                             1A1E     1A1E       EC         0
                text35                             2B9A     2B9A        4         0
                text34                             272C     272C       4A         0
                text33                             2776     2776       44         0
                text32                             13BA     13BA      128         0
                text31                             2690     2690       4E         0
                text30                             2B82     2B82        8         0
                text29                             241C     241C       78         0
                text28                              3BE      3BE      458         0
                text27                             2A68     2A68       1C         0
                text26                             2A4C     2A4C       1C         0
                text25                             2914     2914       32         0
                text24                             14E2     14E2      126         0
                text23                             22A2     22A2       80         0
                text22                             2B96     2B96        4         0
                text21                             1D82     1D82       BE         0
                text20                              816      816      2BE         0
                text19                              D40      D40      236         0
                text18                             1198     1198      222         0
                text17                              F76      F76      222         0
                text16                             1824     1824      106         0
                text15                              AD4      AD4      26C         0
                text14                             299A     299A       26         0
                text13                             27BA     27BA       40         0
                text12                             2A9E     2A9E       1A         0
                text11                             2972     2972       28         0
                text10                             2A84     2A84       1A         0
                text9                              263E     263E       52         0
                text8                              171E     171E      106         0
                text7                              1CBA     1CBA       C8         0
                text6                              204C     204C       A4         0
                text5                              1608     1608      116         0
                text4                              2AEC     2AEC       16         0
                text3                              192A     192A       F4         0
                text2                              2BA0     2BA0        2         0
                text1                              28E0     28E0       34         0
                text0                              2192     2192       8C         0
                cinit                              2322     2322       7E         0
                idataBANK0                         2B7A     2B7A        8         0
                idataCOMRAM                        2B9E     2B9E        2         0

        CLASS   CONST          

        CLASS   SMALLCONST     
                smallconst                          300      300       BE         0

        CLASS   MEDIUMCONST    

        CLASS   COMRAM         
                temp                                 58       58        1         1
                cstackCOMRAM                          1        1       35         1
                dataCOMRAM                           56       56        2         1
                bssCOMRAM                            36       36       20         1

        CLASS   ABS1           

        CLASS   BIGRAM         
                bssBIGRAM                           1C4      1C4      13C         1

        CLASS   RAM            

        CLASS   BANK0          
                cstackBANK0                          60       60       6D         1
                dataBANK0                            F1       F1        8         1
                bssBANK0                             CD       CD       24         1

        CLASS   BANK1          
                bssBANK1                            100      100       C4         1

        CLASS   BANK2          

        CLASS   SFR            

        CLASS   FARRAM         

        CLASS   CONFIG         
                config                           300000   300000        E         0

        CLASS   IDLOC          
                idloc                            200000   200000        8         0

        CLASS   EEDATA         



SEGMENTS        Name                           Load    Length   Top    Selector   Space  Class

                reset_vec                      000000  000004  000004         0       0  CODE    
                cstackCOMRAM                   000001  000058  000059         1       1  COMRAM  
                intcode                        000008  000012  00001A         4       0  CODE    
                cstackBANK0                    000060  000099  0000F9        60       1  BANK0   
                bssBANK1                       000100  0000C4  0001C4       100       1  BANK1   
                bssBIGRAM                      0001C4  00013C  000300       1C4       1  BIGRAM  
                smallconst                     000300  0000BE  0003BE       180       0  SMALLCON
                text28                         0003BE  0027E8  002BA6       1DF       0  CODE    
                idloc                          200000  000008  200008    200000       0  IDLOC   
                config                         300000  00000E  30000E    300000       0  CONFIG  


UNUSED ADDRESS RANGES

        Name                Unused          Largest block    Delta
        BANK0            0000F9-0000FF                7
        BIGRAM           000059-00005F                7
                         0000F9-0000FF                7
        CODE             000004-000007                4
                         00001A-0002FF              2E6
                         002BA6-003FFF             145A
        COMRAM           000059-00005F                7
        CONST            000004-000007                4
                         00001A-0002FF              2E6
                         002BA6-003FFF             145A
        EEDATA           F00000-F000FF              100
        MEDIUMCONST      002BA6-003FFF             145A
        RAM              0000F9-0000FF                7
        SFR              000D00-000FFF              100
        SMALLCONST       002BA6-003FFF              100
        STACK            0000F9-0000FF                7

                                  Symbol Table

?_GetNextFrame                        cstackBANK0  000060
?_ListeningPattern                    cstackBANK0  000068
?_PatternOff                          cstackBANK0  000060
?_RunPatternControlService            cstackBANK0  0000BA
?_RunSPI32ControlService              cstackBANK0  0000BA
?_SpeakingPattern                     cstackBANK0  000068
?_ThinkingPattern                     cstackBANK0  000068
?_UpdatePattern                       cstackBANK0  000082
?___awdiv                             cstackBANK0  000060
?___awmod                             cstackBANK0  000060
?___lwdiv                             cstackBANK0  00006C
?___wmul                              cstackBANK0  000066
?_printf                              cstackBANK0  000060
?i2___awdiv                           cstackCOMRAM 000001
?i2___awmod                           cstackCOMRAM 000001
?i2___wmul                            cstackCOMRAM 000007
DotStar_Init@brightness               cstackBANK0  000060
DotStar_Init@numPixels                cstackBANK0  000063
DotStar_SetBrightness@brightness      cstackCOMRAM 000001
DotStar_Show@i                        cstackBANK0  0000B9
DotStar_Show@patternPointer           cstackBANK0  0000A5
ES_CheckUserEvents@i                  cstackBANK0  000060
ES_DeQueue@NumLeft                    cstackBANK0  000073
ES_DeQueue@SaveCrit                   cstackBANK0  000072
ES_DeQueue@pBlock                     cstackBANK0  00006C
ES_DeQueue@pReturnEvent               cstackBANK0  00006E
ES_DeQueue@pThisQueue                 cstackBANK0  000074
ES_EnQueueFIFO@Event2Add              cstackBANK0  00006E
ES_EnQueueFIFO@SaveCrit               cstackBANK0  000074
ES_EnQueueFIFO@pBlock                 cstackBANK0  00006C
ES_EnQueueFIFO@pThisQueue             cstackBANK0  000075
ES_GetMSBitSet@LoopCntr               cstackBANK0  000069
ES_GetMSBitSet@Nybble2Test            cstackBANK0  000068
ES_GetMSBitSet@ReturnVal              cstackBANK0  000067
ES_GetMSBitSet@Val2Check              cstackBANK0  000060
ES_InitQueue@BlockSize                cstackBANK0  000062
ES_InitQueue@pBlock                   cstackBANK0  000060
ES_InitQueue@pThisQueue               cstackBANK0  000063
ES_Initialize@NewRate                 cstackBANK0  000081
ES_Initialize@i                       cstackBANK0  000083
ES_PostToService@TheEvent             cstackBANK0  000077
ES_PostToService@WhichService         cstackBANK0  00007C
ES_Run@HighestPrior                   cstackBANK0  0000CB
ES_Run@ThisEvent                      bssBANK0     0000ED
ES_Timer_Init@Rate                    cstackBANK0  000062
ES_Timer_InitTimer@NewTime            cstackBANK0  000060
ES_Timer_InitTimer@Num                cstackBANK0  000064
ES_Timer_StopTimer@Num                cstackBANK0  000064
ES_Timer_Tick_Resp@NeedsProcessing    bssBANK0     0000D8
ES_Timer_Tick_Resp@NewEvent           bssBANK0     0000D5
ES_Timer_Tick_Resp@NextTimer2Process  bssBANK0     0000E2
HSV_to_RGB@HSV_Value                  cstackBANK0  000073
HSV_to_RGB@b                          cstackBANK0  000097
HSV_to_RGB@fpart                      cstackBANK0  000091
HSV_to_RGB@g                          cstackBANK0  000095
HSV_to_RGB@h                          cstackBANK0  00008D
HSV_to_RGB@p                          cstackBANK0  0000A1
HSV_to_RGB@q                          cstackBANK0  000099
HSV_to_RGB@r                          cstackBANK0  000093
HSV_to_RGB@region                     cstackBANK0  00008F
HSV_to_RGB@s                          cstackBANK0  00009F
HSV_to_RGB@t                          cstackBANK0  00009B
HSV_to_RGB@v                          cstackBANK0  0000A3
ISR@LastTime                          bssCOMRAM    00003A
ISR@NextTime                          bssCOMRAM    00003C
IdlePattern@fade_thresh               cstackBANK0  000079
IdlePattern@hue                       cstackBANK0  00007C
IdlePattern@i                         cstackBANK0  00007F
IdlePattern@pulseWidth                cstackBANK0  00007D
IdlePattern@rising                    dataBANK0    0000F1
IdlePattern@sat                       cstackBANK0  00007A
IdlePattern@val                       cstackBANK0  00007B
IdlePattern@x                         cstackBANK0  00007E
InitPatternControlService@Priority    cstackBANK0  000080
InitPatternControlService@ThisEvent   cstackBANK0  00007D
InitSPI32ControlService@Priority      cstackBANK0  000080
InitSPI32ControlService@ThisEvent     cstackBANK0  00007D
ListeningPattern@head                 cstackBANK0  000081
ListeningPattern@hue                  cstackBANK0  00007E
ListeningPattern@listeningLoc         cstackBANK0  000077
ListeningPattern@pixel                cstackBANK0  000068
ListeningPattern@pixelHSV             cstackBANK0  000075
ListeningPattern@sat                  cstackBANK0  00007C
ListeningPattern@stepCount            cstackBANK0  000069
ListeningPattern@val                  cstackBANK0  00007D
ListeningPattern@x                    cstackBANK0  00007F
ListeningPattern@y                    cstackBANK0  000080
PatternOff@i                          cstackBANK0  000062
Pattern_RGBPatterns@Length            bssBANK0     0000E3
Pattern_RGBPatterns@PatternConfigs    bssBANK0     0000DA
PostPatternControlService@ThisEvent   cstackBANK0  00007D
PostSPI32ControlService@ThisEvent     cstackBANK0  00007D
ProcessReceive@Event2Post             cstackCOMRAM 000023
ProcessReceive@LastButton             dataCOMRAM   000056
RunPatternControlService@ReturnEvent  cstackBANK0  0000BD
RunPatternControlService@ThisEvent    cstackBANK0  0000BA
RunPatternControlService@testEvent    cstackBANK0  0000C0
RunSPI32ControlService@ReturnEvent    cstackBANK0  0000C4
RunSPI32ControlService@ThisEvent      cstackBANK0  0000BA
SPI32_ControlService@CurrentState     bssBANK0     0000E4
SPI32_ControlService@MyPriority       bssBANK0     0000E5
SPI32_EOTResponse@EOTevent            cstackCOMRAM 000021
SPI32_SendFrame@newFrame              cstackBANK0  000060
SPI32_TransmitFrames@framePointer     cstackBANK0  000080
SPI32_TransmitFrames@numFrames        cstackBANK0  000082
SPI32_TransmitFrames@transmitEvent    cstackBANK0  000083
SetBrightness@brightness              cstackCOMRAM 000009
SetBrightness@newBrightness           cstackCOMRAM 00000A
SetListLoc@LL                         cstackCOMRAM 000009
SetListLoc@newLocation                cstackCOMRAM 00000B
SetPattern@PatternID                  cstackCOMRAM 000001
SetupPattern@configs                  cstackBANK0  000060
SetupPattern@numPixels                cstackBANK0  000062
SpeakingPattern@head                  cstackBANK0  00007F
SpeakingPattern@hue                   cstackBANK0  00007D
SpeakingPattern@pixel                 cstackBANK0  000068
SpeakingPattern@pixelHSV              cstackBANK0  000075
SpeakingPattern@sat                   cstackBANK0  00007B
SpeakingPattern@stepCount             cstackBANK0  000069
SpeakingPattern@val                   cstackBANK0  00007C
SpeakingPattern@x                     cstackBANK0  00007E
ThinkingPattern@head                  cstackBANK0  00007F
ThinkingPattern@hue                   cstackBANK0  00007D
ThinkingPattern@pixel                 cstackBANK0  000068
ThinkingPattern@pixelHSV              cstackBANK0  000075
ThinkingPattern@sat                   cstackBANK0  00007B
ThinkingPattern@stepCount             cstackBANK0  000069
ThinkingPattern@val                   cstackBANK0  00007C
ThinkingPattern@x                     cstackBANK0  00007E
UpdatePattern@i                       cstackBANK0  000085
UpdatePattern@i_704                   cstackBANK0  000086
UpdatePattern@i_705                   cstackBANK0  000087
UpdatePattern@i_706                   cstackBANK0  000088
UpdatePattern@i_708                   cstackBANK0  000089
UpdatePattern@patternID               cstackBANK0  000084
WelcomePattern@hue                    cstackBANK0  000068
WelcomePattern@i                      cstackBANK0  000069
WelcomePattern@rising                 dataBANK0    0000F2
WelcomePattern@sat                    cstackBANK0  000066
WelcomePattern@val                    cstackBANK0  000067
_ADCON1                               (abs)        000FC1
_BRGCON1bits                          (abs)        000F70
_BRGCON2bits                          (abs)        000F71
_BRGCON3bits                          (abs)        000F72
_BitNum2SetMask                       smallconst   000301
_Brightness                           bssBANK0     0000F0
_CANCON                               (abs)        000F6F
_CANSTATbits                          (abs)        000F6E
_CAN_BusErrorResponse                 text72       002BA4
_CAN_ErrorResponse                    text71       002BA2
_CAN_Init                             text47       002B70
_CAN_RCVResponse                      text58       002B58
_CAN_XmitResponse                     text57       002B90
_CCP1CON                              (abs)        000FBD
_CCP1IF                               (abs)        007CF2
_CCPR1H                               (abs)        000FBF
_CCPR1L                               (abs)        000FBE
_CIOCON                               (abs)        000F73
_Check4Keystroke                      text35       002B9A
_CurrentFrame                         bssBANK0     0000CD
_CurrentPattern                       bssCOMRAM    000047
_CurrentState                         bssBANK0     0000E6
_CycleCounter                         bssBANK0     0000D1
_DistList00                           smallconst   000360
_DotStar_Init                         text46       001EF4
_DotStar_SetBrightness                text70       002B4A
_DotStar_Show                         text24       0014E2
_ECANCON                              (abs)        000F77
_ERRIE                                (abs)        007D1D
_ERRIF                                (abs)        007D25
_ES_CheckUserEvents                   text34       00272C
_ES_DeQueue                           text32       0013BA
_ES_EnQueueFIFO                       text43       001B0A
_ES_EventList                         smallconst   00035E
_ES_GetMSBitSet                       text6        00204C
_ES_InitQueue                         text52       0027FA
_ES_Initialize                        text36       001A1E
_ES_PostToService                     text42       002494
_ES_Run                               text3        00192A
_ES_Timer_Init                        text50       002B3C
_ES_Timer_InitTimer                   text23       0022A2
_ES_Timer_StopTimer                   text31       002690
_ES_Timer_Tick_Resp                   text5        001608
_EventQueues                          smallconst   000358
_FrameByte                            dataBANK0    0000F3
_FrameIndex                           bssBANK0     0000E7
_FramePointer                         bssBANK0     0000DC
_GIE                                  (abs)        007F97
_GetListLoc                           text22       002B96
_GetNextFrame                         text10       002A84
_HSV_to_RGB                           text28       0003BE
_HSV_to_RGB$2017                      cstackBANK0  00009D
_HW_Init                              text40       002A0C
_INTCON                               (abs)        000FF2
_IRXIE                                (abs)        007D1F
_IRXIF                                (abs)        007D27
_ISR                                  intcode      000008
_IdlePattern                          text20       000816
_IdlePattern$728                      cstackBANK0  000071
_IdlePattern$729                      cstackBANK0  000073
_IdlePattern$730                      cstackBANK0  000075
_IdlePattern$731                      cstackBANK0  000077
_InitCanHardware                      text49       0023A0
_InitPatternControlService            text37       0025E4
_InitPins                             text48       002AB8
_InitSPI32ControlService              text38       002836
_LATA                                 (abs)        000F89
_LATB                                 (abs)        000F8A
_LATC                                 (abs)        000F8B
_Length                               bssBANK0     0000E8
_ListLoc                              bssCOMRAM    000048
_ListeningPattern                     text19       000D40
_ListeningPattern$755                 cstackBANK0  000078
_ListeningPattern$756                 cstackBANK0  00007A
_MaxBrightness                        dataCOMRAM   000057
_MyPriority                           bssBANK0     0000E9
_NumFrames                            bssBANK0     0000EA
_Nybble2MSBitNum                      smallconst   000341
_PEIE                                 (abs)        007F96
_PIE1                                 (abs)        000F9D
_PORTA                                (abs)        000F80
_PORTB                                (abs)        000F81
_PORTC                                (abs)        000F82
_PatternConfigs                       dataBANK0    0000F4
_PatternOff                           text13       0027BA
_PatternStepCounter                   bssBANK0     0000EB
_PausePattern                         text30       002B82
_PixelFrames                          bssBIGRAM    0001C4
_PixelPattern                         bssBANK1     000120
_PostPatternControlService            text26       002A4C
_PostPatternControlService$intlevel0  text26       002A52
_PostSPI32ControlService              text27       002A68
_PostSPI32ControlService$intlevel0    text27       002A6E
_ProcessReceive                       text59       001FA2
_ProcessReceive$1398                  cstackCOMRAM 000021
_Queue0                               bssCOMRAM    00004A
_Queue1                               bssBANK1     0001B8
_RXB0CONbits                          (abs)        000F60
_RXB0D0                               (abs)        000F66
_RXB0D1                               (abs)        000F67
_RXB0D2                               (abs)        000F68
_RXB0EIDH                             (abs)        000F63
_RXB0EIDL                             (abs)        000F64
_RXB0IE                               (abs)        007D18
_RXB0IF                               (abs)        007D20
_RXB0SIDH                             (abs)        000F61
_RXB0SIDL                             (abs)        000F62
_RXF0EIDH                             (abs)        000F02
_RXF0EIDL                             (abs)        000F03
_RXF0SIDH                             (abs)        000F00
_RXF0SIDL                             (abs)        000F01
_RXM0EIDH                             (abs)        000F1A
_RXM0EIDL                             (abs)        000F1B
_RXM0SIDH                             (abs)        000F18
_RXM0SIDL                             (abs)        000F19
_Ready                                bssBANK0     0000DE
_ResetPattern                         text12       002A9E
_RunPatternControlService             text7        001CBA
_RunSPI32ControlService               text8        00171E
_SPI32_EOTResponse                    text54       002870
_SPI32_Init                           text39       002B8A
_SPI32_SendFrame                      text9        00263E
_SPI32_TransmitFrames                 text25       002914
_SSPADD                               (abs)        000FC8
_SSPBUF                               (abs)        000FC9
_SSPCON1                              (abs)        000FC6
_SSPIE                                (abs)        007CEB
_SSPIF                                (abs)        007CF3
_SSPSTAT                              (abs)        000FC7
_ServDescList                         smallconst   000350
_SetBrightness                        text68       002946
_SetListLoc                           text67       0029E6
_SetPattern                           text65       002B64
_SetupPattern                         text41       002B2E
_ShowPattern                          text14       00299A
_SpeakingPattern                      text18       001198
_SpeakingPattern$767                  cstackBANK0  000077
_SpeakingPattern$768                  cstackBANK0  000079
_StopPattern                          text11       002972
_SysTickCounter                       bssCOMRAM    00003E
_T1CON                                (abs)        000FCD
_TMR_ActiveFlags                      bssBANK0     0000E0
_TMR_TimerArray                       bssBANK1     000100
_TRISA                                (abs)        000F92
_TRISBbits                            (abs)        000F93
_TRISC                                (abs)        000F94
_TXB0CONbits                          (abs)        000F40
_TXB0IE                               (abs)        007D1A
_TXB0IF                               (abs)        007D22
_ThinkingPattern                      text17       000F76
_ThinkingPattern$742                  cstackBANK0  000077
_ThinkingPattern$743                  cstackBANK0  000079
_TickCount                            bssBANK0     0000EC
_Timer2PostFunc                       smallconst   000321
_TransmitFrame                        bssCOMRAM    000036
_UpdatePattern                        text15       000AD4
_WelcomePattern                       text16       001824
_WelcomePattern$717                   cstackBANK0  000064
__CFG_BOREN$OFF                       (abs)        000000
__CFG_MCLRE$ON                        (abs)        000000
__CFG_OSC$HS                          (abs)        000000
__CFG_PBADEN$OFF                      (abs)        000000
__CFG_PWRT$OFF                        (abs)        000000
__CFG_WDT$OFF                         (abs)        000000
__HRAM                                (abs)        000000
__HW_Process_Pending_Ints             text4        002AEC
__HW_Timer_Init                       text51       002A2E
__HW_Timer_Init@Rate                  cstackBANK0  000060
__Habs1                               abs1         000000
__Hbank0                              bank0        000000
__Hbank1                              bank1        000000
__Hbank2                              bank2        000000
__Hbigbss                             bigbss       000000
__Hbigdata                            bigdata      000000
__Hbigram                             bigram       000000
__Hbss                                bss          000000
__HbssBANK0                           bssBANK0     000000
__HbssBANK1                           bssBANK1     000000
__HbssBIGRAM                          bssBIGRAM    000000
__HbssCOMRAM                          bssCOMRAM    000000
__Hcinit                              cinit        000000
__Hclrtext                            clrtext      000000
__Hcomram                             comram       000000
__Hconfig                             config       30000E
__Hconst                              const        000000
__HcstackBANK0                        cstackBANK0  000000
__HcstackCOMRAM                       cstackCOMRAM 000000
__Hdata                               data         000000
__HdataBANK0                          dataBANK0    000000
__HdataCOMRAM                         dataCOMRAM   000000
__Heeprom_data                        eeprom_data  000000
__Hend_init                           end_init     00001A
__Hfarbss                             farbss       000000
__Hfardata                            fardata      000000
__Hibigdata                           ibigdata     000000
__Hidata                              idata        000000
__HidataBANK0                         idataBANK0   000000
__HidataCOMRAM                        idataCOMRAM  000000
__Hidloc                              idloc        200008
__Hifardata                           ifardata     000000
__Hinit                               init         000016
__Hintcode                            intcode      000016
__Hintcode_body                       intcode_body 000000
__Hintcodelo                          intcodelo    000016
__Hintentry                           intentry     000000
__Hintret                             intret       000000
__Hintsave_regs                       intsave_regs 000000
__Hirdata                             irdata       000000
__Hmediumconst                        mediumconst  000000
__HnvFARRAM                           nvFARRAM     000000
__Hnvbit                              nvbit        000000
__Hnvrram                             nvrram       000000
__Hparam                              rparam       000000
__Hpowerup                            powerup      000016
__Hram                                ram          000000
__Hramtop                             ramtop       000300
__Hrbit                               rbit         000000
__Hrbss                               rbss         000000
__Hrdata                              rdata        000000
__Hreset_vec                          reset_vec    000004
__Hrparam                             rparam       000000
__Hsfr                                sfr          000000
__Hsmallconst                         smallconst   0003BE
__Hspace_0                            (abs)        30000E
__Hspace_1                            (abs)        000300
__Hspace_2                            (abs)        000000
__Hstack                              stack        000000
__Hstruct                             struct       000000
__Htemp                               temp         000059
__Htext                               text         000000
__Htext0                              text0        000000
__Htext1                              text1        000000
__Htext10                             text10       000000
__Htext11                             text11       000000
__Htext12                             text12       000000
__Htext13                             text13       000000
__Htext14                             text14       000000
__Htext15                             text15       000000
__Htext16                             text16       000000
__Htext17                             text17       000000
__Htext18                             text18       000000
__Htext19                             text19       000000
__Htext2                              text2        000000
__Htext20                             text20       000000
__Htext21                             text21       000000
__Htext22                             text22       000000
__Htext23                             text23       000000
__Htext24                             text24       000000
__Htext25                             text25       000000
__Htext26                             text26       000000
__Htext27                             text27       000000
__Htext28                             text28       000000
__Htext29                             text29       000000
__Htext3                              text3        000000
__Htext30                             text30       000000
__Htext31                             text31       000000
__Htext32                             text32       000000
__Htext33                             text33       000000
__Htext34                             text34       000000
__Htext35                             text35       000000
__Htext36                             text36       000000
__Htext37                             text37       000000
__Htext38                             text38       000000
__Htext39                             text39       000000
__Htext4                              text4        000000
__Htext40                             text40       000000
__Htext41                             text41       000000
__Htext42                             text42       000000
__Htext43                             text43       000000
__Htext44                             text44       000000
__Htext45                             text45       000000
__Htext46                             text46       000000
__Htext47                             text47       000000
__Htext48                             text48       000000
__Htext49                             text49       000000
__Htext5                              text5        000000
__Htext50                             text50       000000
__Htext51                             text51       000000
__Htext52                             text52       000000
__Htext54                             text54       000000
__Htext55                             text55       000000
__Htext56                             text56       000000
__Htext57                             text57       000000
__Htext58                             text58       000000
__Htext59                             text59       000000
__Htext6                              text6        000000
__Htext60                             text60       000000
__Htext61                             text61       000000
__Htext62                             text62       000000
__Htext63                             text63       000000
__Htext64                             text64       000000
__Htext65                             text65       000000
__Htext66                             text66       000000
__Htext67                             text67       000000
__Htext68                             text68       000000
__Htext69                             text69       000000
__Htext7                              text7        000000
__Htext70                             text70       000000
__Htext71                             text71       000000
__Htext72                             text72       000000
__Htext73                             text73       000000
__Htext8                              text8        000000
__Htext9                              text9        000000
__LRAM                                (abs)        000001
__Labs1                               abs1         000000
__Lbank0                              bank0        000000
__Lbank1                              bank1        000000
__Lbank2                              bank2        000000
__Lbigbss                             bigbss       000000
__Lbigdata                            bigdata      000000
__Lbigram                             bigram       000000
__Lbss                                bss          000000
__LbssBANK0                           bssBANK0     000000
__LbssBANK1                           bssBANK1     000000
__LbssBIGRAM                          bssBIGRAM    000000
__LbssCOMRAM                          bssCOMRAM    000000
__Lcinit                              cinit        000000
__Lclrtext                            clrtext      000000
__Lcomram                             comram       000000
__Lconfig                             config       300000
__Lconst                              const        000000
__LcstackBANK0                        cstackBANK0  000000
__LcstackCOMRAM                       cstackCOMRAM 000000
__Ldata                               data         000000
__LdataBANK0                          dataBANK0    000000
__LdataCOMRAM                         dataCOMRAM   000000
__Leeprom_data                        eeprom_data  000000
__Lend_init                           end_init     000016
__Lfarbss                             farbss       000000
__Lfardata                            fardata      000000
__Libigdata                           ibigdata     000000
__Lidata                              idata        000000
__LidataBANK0                         idataBANK0   000000
__LidataCOMRAM                        idataCOMRAM  000000
__Lidloc                              idloc        200000
__Lifardata                           ifardata     000000
__Linit                               init         000016
__Lintcode                            intcode      000008
__Lintcode_body                       intcode_body 000000
__Lintcodelo                          intcodelo    000016
__Lintentry                           intentry     000000
__Lintret                             intret       000000
__Lintsave_regs                       intsave_regs 000000
__Lirdata                             irdata       000000
__Lmediumconst                        mediumconst  000000
__LnvFARRAM                           nvFARRAM     000000
__Lnvbit                              nvbit        000000
__Lnvrram                             nvrram       000000
__Lparam                              rparam       000000
__Lpowerup                            powerup      000016
__Lram                                ram          000000
__Lramtop                             ramtop       000300
__Lrbit                               rbit         000000
__Lrbss                               rbss         000000
__Lrdata                              rdata        000000
__Lreset_vec                          reset_vec    000000
__Lrparam                             rparam       000000
__Lsfr                                sfr          000000
__Lsmallconst                         smallconst   000300
__Lspace_0                            (abs)        000000
__Lspace_1                            (abs)        000000
__Lspace_2                            (abs)        000000
__Lstack                              stack        000000
__Lstruct                             struct       000000
__Ltemp                               temp         000058
__Ltext                               text         000000
__Ltext0                              text0        000000
__Ltext1                              text1        000000
__Ltext10                             text10       000000
__Ltext11                             text11       000000
__Ltext12                             text12       000000
__Ltext13                             text13       000000
__Ltext14                             text14       000000
__Ltext15                             text15       000000
__Ltext16                             text16       000000
__Ltext17                             text17       000000
__Ltext18                             text18       000000
__Ltext19                             text19       000000
__Ltext2                              text2        000000
__Ltext20                             text20       000000
__Ltext21                             text21       000000
__Ltext22                             text22       000000
__Ltext23                             text23       000000
__Ltext24                             text24       000000
__Ltext25                             text25       000000
__Ltext26                             text26       000000
__Ltext27                             text27       000000
__Ltext28                             text28       000000
__Ltext29                             text29       000000
__Ltext3                              text3        000000
__Ltext30                             text30       000000
__Ltext31                             text31       000000
__Ltext32                             text32       000000
__Ltext33                             text33       000000
__Ltext34                             text34       000000
__Ltext35                             text35       000000
__Ltext36                             text36       000000
__Ltext37                             text37       000000
__Ltext38                             text38       000000
__Ltext39                             text39       000000
__Ltext4                              text4        000000
__Ltext40                             text40       000000
__Ltext41                             text41       000000
__Ltext42                             text42       000000
__Ltext43                             text43       000000
__Ltext44                             text44       000000
__Ltext45                             text45       000000
__Ltext46                             text46       000000
__Ltext47                             text47       000000
__Ltext48                             text48       000000
__Ltext49                             text49       000000
__Ltext5                              text5        000000
__Ltext50                             text50       000000
__Ltext51                             text51       000000
__Ltext52                             text52       000000
__Ltext54                             text54       000000
__Ltext55                             text55       000000
__Ltext56                             text56       000000
__Ltext57                             text57       000000
__Ltext58                             text58       000000
__Ltext59                             text59       000000
__Ltext6                              text6        000000
__Ltext60                             text60       000000
__Ltext61                             text61       000000
__Ltext62                             text62       000000
__Ltext63                             text63       000000
__Ltext64                             text64       000000
__Ltext65                             text65       000000
__Ltext66                             text66       000000
__Ltext67                             text67       000000
__Ltext68                             text68       000000
__Ltext69                             text69       000000
__Ltext7                              text7        000000
__Ltext70                             text70       000000
__Ltext71                             text71       000000
__Ltext72                             text72       000000
__Ltext73                             text73       000000
__Ltext8                              text8        000000
__Ltext9                              text9        000000
__PRIMASK_temp                        bssCOMRAM    000042
__S0                                  (abs)        30000E
__S1                                  (abs)        000300
__S2                                  (abs)        000000
___awdiv                              text21       001D82
___awdiv@counter                      cstackBANK0  000064
___awdiv@dividend                     cstackBANK0  000060
___awdiv@divisor                      cstackBANK0  000062
___awdiv@quotient                     cstackBANK0  000066
___awdiv@sign                         cstackBANK0  000065
___awmod                              text45       0020F0
___awmod@counter                      cstackBANK0  000064
___awmod@dividend                     cstackBANK0  000060
___awmod@divisor                      cstackBANK0  000062
___awmod@sign                         cstackBANK0  000065
___inthi_sp                           stack        000000
___intlo_sp                           stack        000000
___lbmod                              text33       002776
___lbmod@counter                      cstackBANK0  000062
___lbmod@dividend                     cstackBANK0  000061
___lbmod@divisor                      cstackBANK0  000060
___lbmod@rem                          cstackBANK0  000063
___lwdiv                              text29       00241C
___lwdiv@counter                      cstackBANK0  000072
___lwdiv@dividend                     cstackBANK0  00006C
___lwdiv@divisor                      cstackBANK0  00006E
___lwdiv@quotient                     cstackBANK0  000070
___param_bank                         (abs)        000010
___rparam_used                        (abs)        000001
___sp                                 stack        000000
___wmul                               text44       0028AA
___wmul@multiplicand                  cstackBANK0  000068
___wmul@multiplier                    cstackBANK0  000066
___wmul@product                       cstackBANK0  00006A
__accesstop                           (abs)        000060
__activetblptr                        (abs)        000002
__end_of_BitNum2SetMask               smallconst   000321
__end_of_CAN_BusErrorResponse         text72       002BA6
__end_of_CAN_ErrorResponse            text71       002BA4
__end_of_CAN_Init                     text47       002B7A
__end_of_CAN_RCVResponse              text58       002B64
__end_of_CAN_XmitResponse             text57       002B96
__end_of_Check4Keystroke              text35       002B9E
__end_of_DistList00                   smallconst   000364
__end_of_DotStar_Init                 text46       001FA2
__end_of_DotStar_SetBrightness        text70       002B58
__end_of_DotStar_Show                 text24       001608
__end_of_ES_CheckUserEvents           text34       002776
__end_of_ES_DeQueue                   text32       0014E2
__end_of_ES_EnQueueFIFO               text43       001BEC
__end_of_ES_EventList                 smallconst   000360
__end_of_ES_GetMSBitSet               text6        0020F0
__end_of_ES_InitQueue                 text52       002836
__end_of_ES_Initialize                text36       001B0A
__end_of_ES_PostToService             text42       00250A
__end_of_ES_Run                       text3        001A1E
__end_of_ES_Timer_Init                text50       002B4A
__end_of_ES_Timer_InitTimer           text23       002322
__end_of_ES_Timer_StopTimer           text31       0026DE
__end_of_ES_Timer_Tick_Resp           text5        00171E
__end_of_EventQueues                  smallconst   00035E
__end_of_GetListLoc                   text22       002B9A
__end_of_GetNextFrame                 text10       002A9E
__end_of_HSV_to_RGB                   text28       000816
__end_of_HW_Init                      text40       002A2E
__end_of_ISR                          intcode_body 001CBA
__end_of_IdlePattern                  text20       000AD4
__end_of_InitCanHardware              text49       00241C
__end_of_InitPatternControlService    text37       00263E
__end_of_InitPins                     text48       002AD2
__end_of_InitSPI32ControlService      text38       002870
__end_of_ListeningPattern             text19       000F76
__end_of_Nybble2MSBitNum              smallconst   000350
__end_of_PatternOff                   text13       0027FA
__end_of_PausePattern                 text30       002B8A
__end_of_PostPatternControlService    text26       002A68
__end_of_PostSPI32ControlService      text27       002A84
__end_of_ProcessReceive               text59       00204C
__end_of_ResetPattern                 text12       002AB8
__end_of_RunPatternControlService     text7        001D82
__end_of_RunSPI32ControlService       text8        001824
__end_of_SPI32_EOTResponse            text54       0028AA
__end_of_SPI32_Init                   text39       002B90
__end_of_SPI32_SendFrame              text9        002690
__end_of_SPI32_TransmitFrames         text25       002946
__end_of_ServDescList                 smallconst   000358
__end_of_SetBrightness                text68       002972
__end_of_SetListLoc                   text67       002A0C
__end_of_SetPattern                   text65       002B70
__end_of_SetupPattern                 text41       002B3C
__end_of_ShowPattern                  text14       0029C0
__end_of_SpeakingPattern              text18       0013BA
__end_of_StopPattern                  text11       00299A
__end_of_ThinkingPattern              text17       001198
__end_of_Timer2PostFunc               smallconst   000341
__end_of_UpdatePattern                text15       000D40
__end_of_WelcomePattern               text16       00192A
__end_of__HW_Process_Pending_Ints     text4        002B02
__end_of__HW_Timer_Init               text51       002A4C
__end_of___awdiv                      text21       001E40
__end_of___awmod                      text45       002192
__end_of___lbmod                      text33       0027BA
__end_of___lwdiv                      text29       002494
__end_of___wmul                       text44       0028E0
__end_of__initialization              cinit        002392
__end_of_main                         text0        00221E
__end_of_printf                       text1        002914
__end_of_putch                        text2        002BA2
__end_ofi2_ES_EnQueueFIFO             text62       001EF4
__end_ofi2_ES_PostToService           text61       0025E4
__end_ofi2_PostPatternControlService  text60       002B2E
__end_ofi2_PostSPI32ControlService    text56       002B18
__end_ofi2_ResetPattern               text66       002AEC
__end_ofi2_SPI32_SendFrame            text55       00272C
__end_ofi2___awdiv                    text69       0022A2
__end_ofi2___awmod                    text64       00257A
__end_ofi2___wmul                     text63       0029E6
__initialization                      cinit        002322
__mediumconst                         mediumconst  000000
__pbssBANK0                           bssBANK0     0000CD
__pbssBANK1                           bssBANK1     000100
__pbssBIGRAM                          bssBIGRAM    0001C4
__pbssCOMRAM                          bssCOMRAM    000036
__pcinit                              cinit        002322
__pcstackBANK0                        cstackBANK0  000060
__pcstackCOMRAM                       cstackCOMRAM 000001
__pdataBANK0                          dataBANK0    0000F1
__pdataCOMRAM                         dataCOMRAM   000056
__pidataBANK0                         idataBANK0   002B7A
__pidataCOMRAM                        idataCOMRAM  002B9E
__pintcode                            intcode      000008
__pintcode_body                       intcode_body 001BEC
__psmallconst                         smallconst   000300
__ptext0                              text0        002192
__ptext1                              text1        0028E0
__ptext10                             text10       002A84
__ptext11                             text11       002972
__ptext12                             text12       002A9E
__ptext13                             text13       0027BA
__ptext14                             text14       00299A
__ptext15                             text15       000AD4
__ptext16                             text16       001824
__ptext17                             text17       000F76
__ptext18                             text18       001198
__ptext19                             text19       000D40
__ptext2                              text2        002BA0
__ptext20                             text20       000816
__ptext21                             text21       001D82
__ptext22                             text22       002B96
__ptext23                             text23       0022A2
__ptext24                             text24       0014E2
__ptext25                             text25       002914
__ptext26                             text26       002A4C
__ptext27                             text27       002A68
__ptext28                             text28       0003BE
__ptext29                             text29       00241C
__ptext3                              text3        00192A
__ptext30                             text30       002B82
__ptext31                             text31       002690
__ptext32                             text32       0013BA
__ptext33                             text33       002776
__ptext34                             text34       00272C
__ptext35                             text35       002B9A
__ptext36                             text36       001A1E
__ptext37                             text37       0025E4
__ptext38                             text38       002836
__ptext39                             text39       002B8A
__ptext4                              text4        002AEC
__ptext40                             text40       002A0C
__ptext41                             text41       002B2E
__ptext42                             text42       002494
__ptext43                             text43       001B0A
__ptext44                             text44       0028AA
__ptext45                             text45       0020F0
__ptext46                             text46       001EF4
__ptext47                             text47       002B70
__ptext48                             text48       002AB8
__ptext49                             text49       0023A0
__ptext5                              text5        001608
__ptext50                             text50       002B3C
__ptext51                             text51       002A2E
__ptext52                             text52       0027FA
__ptext54                             text54       002870
__ptext55                             text55       0026DE
__ptext56                             text56       002B02
__ptext57                             text57       002B90
__ptext58                             text58       002B58
__ptext59                             text59       001FA2
__ptext6                              text6        00204C
__ptext60                             text60       002B18
__ptext61                             text61       00257A
__ptext62                             text62       001E40
__ptext63                             text63       0029C0
__ptext64                             text64       00250A
__ptext65                             text65       002B64
__ptext66                             text66       002AD2
__ptext67                             text67       0029E6
__ptext68                             text68       002946
__ptext69                             text69       00221E
__ptext7                              text7        001CBA
__ptext70                             text70       002B4A
__ptext71                             text71       002BA2
__ptext72                             text72       002BA4
__ptext73                             text73       000000
__ptext8                              text8        00171E
__ptext9                              text9        00263E
__ramtop                              ramtop       000300
__size_of_CAN_BusErrorResponse        (abs)        000000
__size_of_CAN_ErrorResponse           (abs)        000000
__size_of_CAN_Init                    (abs)        000000
__size_of_CAN_RCVResponse             (abs)        000000
__size_of_CAN_XmitResponse            (abs)        000000
__size_of_Check4Keystroke             (abs)        000000
__size_of_DotStar_Init                (abs)        000000
__size_of_DotStar_SetBrightness       (abs)        000000
__size_of_DotStar_Show                (abs)        000000
__size_of_ES_CheckUserEvents          (abs)        000000
__size_of_ES_DeQueue                  (abs)        000000
__size_of_ES_EnQueueFIFO              (abs)        000000
__size_of_ES_GetMSBitSet              (abs)        000000
__size_of_ES_InitQueue                (abs)        000000
__size_of_ES_Initialize               (abs)        000000
__size_of_ES_PostToService            (abs)        000000
__size_of_ES_Run                      (abs)        000000
__size_of_ES_Timer_Init               (abs)        000000
__size_of_ES_Timer_InitTimer          (abs)        000000
__size_of_ES_Timer_StopTimer          (abs)        000000
__size_of_ES_Timer_Tick_Resp          (abs)        000000
__size_of_GetListLoc                  (abs)        000000
__size_of_GetNextFrame                (abs)        000000
__size_of_HSV_to_RGB                  (abs)        000000
__size_of_HW_Init                     (abs)        000000
__size_of_ISR                         (abs)        000000
__size_of_IdlePattern                 (abs)        000000
__size_of_InitCanHardware             (abs)        000000
__size_of_InitPatternControlService   (abs)        000000
__size_of_InitPins                    (abs)        000000
__size_of_InitSPI32ControlService     (abs)        000000
__size_of_ListeningPattern            (abs)        000000
__size_of_PatternOff                  (abs)        000000
__size_of_PausePattern                (abs)        000000
__size_of_PostPatternControlService   (abs)        000000
__size_of_PostSPI32ControlService     (abs)        000000
__size_of_ProcessReceive              (abs)        000000
__size_of_ResetPattern                (abs)        000000
__size_of_RunPatternControlService    (abs)        000000
__size_of_RunSPI32ControlService      (abs)        000000
__size_of_SPI32_EOTResponse           (abs)        000000
__size_of_SPI32_Init                  (abs)        000000
__size_of_SPI32_SendFrame             (abs)        000000
__size_of_SPI32_TransmitFrames        (abs)        000000
__size_of_SetBrightness               (abs)        000000
__size_of_SetListLoc                  (abs)        000000
__size_of_SetPattern                  (abs)        000000
__size_of_SetupPattern                (abs)        000000
__size_of_ShowPattern                 (abs)        000000
__size_of_SpeakingPattern             (abs)        000000
__size_of_StopPattern                 (abs)        000000
__size_of_ThinkingPattern             (abs)        000000
__size_of_UpdatePattern               (abs)        000000
__size_of_WelcomePattern              (abs)        000000
__size_of__HW_Process_Pending_Ints    (abs)        000000
__size_of__HW_Timer_Init              (abs)        000000
__size_of___awdiv                     (abs)        000000
__size_of___awmod                     (abs)        000000
__size_of___lbmod                     (abs)        000000
__size_of___lwdiv                     (abs)        000000
__size_of___wmul                      (abs)        000000
__size_of_main                        (abs)        000000
__size_of_printf                      (abs)        000000
__size_of_putch                       (abs)        000000
__size_ofi2_ES_EnQueueFIFO            (abs)        000000
__size_ofi2_ES_PostToService          (abs)        000000
__size_ofi2_PostPatternControlService (abs)        000000
__size_ofi2_PostSPI32ControlService   (abs)        000000
__size_ofi2_ResetPattern              (abs)        000000
__size_ofi2_SPI32_SendFrame           (abs)        000000
__size_ofi2___awdiv                   (abs)        000000
__size_ofi2___awmod                   (abs)        000000
__size_ofi2___wmul                    (abs)        000000
__smallconst                          smallconst   000300
_main                                 text0        002192
_printf                               text1        0028E0
_putch                                text2        002BA0
btemp                                 temp         000058
end_of_initialization                 cinit        002392
i2ES_EnQueueFIFO@Event2Add            cstackCOMRAM 00000F
i2ES_EnQueueFIFO@SaveCrit             cstackCOMRAM 000015
i2ES_EnQueueFIFO@pBlock               cstackCOMRAM 00000D
i2ES_EnQueueFIFO@pThisQueue           cstackCOMRAM 000016
i2ES_PostToService@TheEvent           cstackCOMRAM 000018
i2ES_PostToService@WhichService       cstackCOMRAM 00001D
i2PostPatternControlService@ThisEvent cstackCOMRAM 00001E
i2PostSPI32ControlService@ThisEvent   cstackCOMRAM 00001E
i2SPI32_SendFrame@newFrame            cstackCOMRAM 000001
i2_ES_EnQueueFIFO                     text62       001E40
i2_ES_PostToService                   text61       00257A
i2_PostPatternControlService          text60       002B18
i2_PostSPI32ControlService            text56       002B02
i2_ResetPattern                       text66       002AD2
i2_SPI32_SendFrame                    text55       0026DE
i2___awdiv                            text69       00221E
i2___awdiv@counter                    cstackCOMRAM 000005
i2___awdiv@dividend                   cstackCOMRAM 000001
i2___awdiv@divisor                    cstackCOMRAM 000003
i2___awdiv@quotient                   cstackCOMRAM 000007
i2___awdiv@sign                       cstackCOMRAM 000006
i2___awmod                            text64       00250A
i2___awmod@counter                    cstackCOMRAM 000005
i2___awmod@dividend                   cstackCOMRAM 000001
i2___awmod@divisor                    cstackCOMRAM 000003
i2___awmod@sign                       cstackCOMRAM 000006
i2___wmul                             text63       0029C0
i2___wmul@multiplicand                cstackCOMRAM 000009
i2___wmul@multiplier                  cstackCOMRAM 000007
i2___wmul@product                     cstackCOMRAM 00000B
int$flags                             temp         000058
int_func                              intcode_body 001BEC
intlevel0                             text         000000
intlevel1                             text         000000
intlevel2                             text         000000
intlevel3                             text         000000
main@ErrorType                        cstackBANK0  0000CC
printf@ap                             cstackBANK0  000062
printf@c                              cstackBANK0  000064
printf@f                              cstackBANK0  000060
stackhi                               (abs)        0000FF
stacklo                               (abs)        0000F9
start                                 init         000016
start_initialization                  cinit        002322


FUNCTION INFORMATION:

 *************** function _main *****************
 Defined at:
		line 25 in file "main.c"
 Parameters:    Size  Location     Type
		None
 Auto vars:     Size  Location     Type
  ErrorType       1  108[BANK0 ] enum E15646
 Return value:  Size  Location     Type
                  2  674[None  ] int 
 Registers used:
		wreg, fsr1l, fsr1h, fsr2l, fsr2h, status,2, status,0, pclat, tosl, tblptrl, tblptrh, tblptru, prodl, prodh, cstack
 Tracked objects:
		On entry : 
		On exit  : 
		Unchanged: 
 Data sizes:     COMRAM   BANK0   BANK1   BANK2
      Params:         0       0       0       0
      Locals:         0       1       0       0
      Temps:          0       0       0       0
      Totals:         0       1       0       0
Total ram usage:        1 bytes
 Hardware stack levels required when called:   16
 This function calls:
		_ES_Initialize
		_ES_Run
		_printf
 This function is called by:
		Startup code after reset
 This function uses a non-reentrant model


 *************** function _printf *****************
 Defined at:
		line 464 in file "C:\Program Files (x86)\Microchip\xc8\v1.38\sources\common\doprnt.c"
 Parameters:    Size  Location     Type
  f               2    0[BANK0 ] PTR const unsigned char 
		 -> STR_4(15), STR_3(23), STR_2(24), STR_1(27), 
 Auto vars:     Size  Location     Type
  tmpval          4    0        struct .
  cp              3    0        PTR const unsigned char 
  ap              2    2[BANK0 ] PTR void [1]
		 -> ?_printf(2), 
  len             2    0        unsigned int 
  val             2    0        unsigned int 
  c               1    4[BANK0 ] char 
  flag            1    0        unsigned char 
  prec            1    0        char 
 Return value:  Size  Location     Type
                  2    0[BANK0 ] int 
 Registers used:
		wreg, status,2, status,0, tblptrl, tblptrh, tblptru, cstack
 Tracked objects:
		On entry : 
		On exit  : 
		Unchanged: 
 Data sizes:     COMRAM   BANK0   BANK1   BANK2
      Params:         0       2       0       0
      Locals:         0       3       0       0
      Temps:          0       0       0       0
      Totals:         0       5       0       0
Total ram usage:        5 bytes
 Hardware stack levels used:    1
 Hardware stack levels required when called:    8
 This function calls:
		_putch
 This function is called by:
		_main
 This function uses a non-reentrant model


 *************** function _putch *****************
 Defined at:
		line 7 in file "C:\Program Files (x86)\Microchip\xc8\v1.38\sources\common\putch.c"
 Parameters:    Size  Location     Type
  c               1    wreg     unsigned char 
 Auto vars:     Size  Location     Type
  c               1    0[COMRAM] unsigned char 
 Return value:  Size  Location     Type
                  1    wreg      void 
 Registers used:
		wreg
 Tracked objects:
		On entry : 
		On exit  : 
		Unchanged: 
 Data sizes:     COMRAM   BANK0   BANK1   BANK2
      Params:         0       0       0       0
      Locals:         0       0       0       0
      Temps:          0       0       0       0
      Totals:         0       0       0       0
Total ram usage:        0 bytes
 Hardware stack levels used:    1
 Hardware stack levels required when called:    7
 This function calls:
		Nothing
 This function is called by:
		_printf
 This function uses a non-reentrant model


 *************** function _ES_Run *****************
 Defined at:
		line 277 in file "ES_Framework.c"
 Parameters:    Size  Location     Type
		None
 Auto vars:     Size  Location     Type
  HighestPrior    1  107[BANK0 ] unsigned char 
 Return value:  Size  Location     Type
                  1    wreg      enum E15494
 Registers used:
		wreg, fsr1l, fsr1h, fsr2l, fsr2h, status,2, status,0, pclat, tosl, tblptrl, tblptrh, tblptru, prodl, prodh, cstack
 Tracked objects:
		On entry : 
		On exit  : 
		Unchanged: 
 Data sizes:     COMRAM   BANK0   BANK1   BANK2
      Params:         0       0       0       0
      Locals:         0       1       0       0
      Temps:          0       4       0       0
      Totals:         0       5       0       0
Total ram usage:        5 bytes
 Hardware stack levels used:    1
 Hardware stack levels required when called:   15
 This function calls:
		_ES_CheckUserEvents
		_ES_DeQueue
		_ES_GetMSBitSet
		_RunPatternControlService
		_RunSPI32ControlService
		__HW_Process_Pending_Ints
 This function is called by:
		_main
 This function uses a non-reentrant model


 *************** function __HW_Process_Pending_Ints *****************
 Defined at:
		line 225 in file "ES_Port.c"
 Parameters:    Size  Location     Type
		None
 Auto vars:     Size  Location     Type
		None
 Return value:  Size  Location     Type
                  1    wreg      unsigned char 
 Registers used:
		wreg, fsr1l, fsr1h, fsr2l, fsr2h, status,2, status,0, pclat, tosl, tblptrl, tblptrh, tblptru, prodl, prodh, cstack
 Tracked objects:
		On entry : 
		On exit  : 
		Unchanged: 
 Data sizes:     COMRAM   BANK0   BANK1   BANK2
      Params:         0       0       0       0
      Locals:         0       0       0       0
      Temps:          0       0       0       0
      Totals:         0       0       0       0
Total ram usage:        0 bytes
 Hardware stack levels used:    1
 Hardware stack levels required when called:   12
 This function calls:
		_ES_Timer_Tick_Resp
 This function is called by:
		_ES_Run
 This function uses a non-reentrant model


 *************** function _ES_Timer_Tick_Resp *****************
 Defined at:
		line 284 in file "ES_Timers.c"
 Parameters:    Size  Location     Type
		None
 Auto vars:     Size  Location     Type
		None
 Return value:  Size  Location     Type
                  1    wreg      void 
 Registers used:
		wreg, fsr1l, fsr1h, fsr2l, fsr2h, status,2, status,0, pclat, tosl, tblptrl, tblptrh, tblptru, prodl, prodh, cstack
 Tracked objects:
		On entry : 
		On exit  : 
		Unchanged: 
 Data sizes:     COMRAM   BANK0   BANK1   BANK2
      Params:         0       0       0       0
      Locals:         0       0       0       0
      Temps:          0       4       0       0
      Totals:         0       4       0       0
Total ram usage:        4 bytes
 Hardware stack levels used:    1
 Hardware stack levels required when called:   11
 This function calls:
		Absolute function
		_ES_GetMSBitSet
		_PostPatternControlService
		_PostSPI32ControlService
 This function is called by:
		__HW_Process_Pending_Ints
 This function uses a non-reentrant model


 *************** function _ES_GetMSBitSet *****************
 Defined at:
		line 79 in file "ES_LookupTables.c"
 Parameters:    Size  Location     Type
  Val2Check       2    0[BANK0 ] unsigned int 
 Auto vars:     Size  Location     Type
  LoopCntr        1    9[BANK0 ] char 
  Nybble2Test     1    8[BANK0 ] unsigned char 
  ReturnVal       1    7[BANK0 ] unsigned char 
[...]
 This function is called by:
		_ISR
 This function uses a non-reentrant model


 *************** function _ProcessReceive *****************
 Defined at:
		line 179 in file "CAN_RX_HW.c"
 Parameters:    Size  Location     Type
		None
 Auto vars:     Size  Location     Type
  Event2Post      3   34[COMRAM] struct ES_Event_t
 Return value:  Size  Location     Type
                  1    wreg      void 
 Registers used:
		wreg, fsr1l, fsr1h, fsr2l, fsr2h, status,2, status,0, tblptrl, tblptrh, tblptru, prodl, prodh, cstack
 Tracked objects:
		On entry : 
		On exit  : 
		Unchanged: 
 Data sizes:     COMRAM   BANK0   BANK1   BANK2
      Params:         0       0       0       0
      Locals:         5       0       0       0
      Temps:          0       0       0       0
      Totals:         5       0       0       0
Total ram usage:        5 bytes
 Hardware stack levels used:    1
 Hardware stack levels required when called:    4
 This function calls:
		_SetBrightness
		_SetListLoc
		_SetPattern
		i2_PostPatternControlService
		i2___awmod
 This function is called by:
		_CAN_RCVResponse
 This function uses a non-reentrant model


 *************** function i2_PostPatternControlService *****************
 Defined at:
		line 139 in file "Pattern_ControlService.c"
 Parameters:    Size  Location     Type
  ThisEvent       3   29[COMRAM] struct ES_Event_t
 Auto vars:     Size  Location     Type
		None
 Return value:  Size  Location     Type
                  1    wreg      unsigned char 
 Registers used:
		wreg, fsr1l, fsr1h, fsr2l, fsr2h, status,2, status,0, tblptrl, tblptrh, tblptru, prodl, prodh, cstack
 Tracked objects:
		On entry : 
		On exit  : 
		Unchanged: 
 Data sizes:     COMRAM   BANK0   BANK1   BANK2
      Params:         3       0       0       0
      Locals:         0       0       0       0
      Temps:          0       0       0       0
      Totals:         3       0       0       0
Total ram usage:        3 bytes
 Hardware stack levels used:    1
 Hardware stack levels required when called:    3
 This function calls:
		i2_ES_PostToService
 This function is called by:
		_ProcessReceive
 This function uses a non-reentrant model


 *************** function i2_ES_PostToService *****************
 Defined at:
		line 351 in file "ES_Framework.c"
 Parameters:    Size  Location     Type
  WhichService    1    wreg     unsigned char 
  TheEvent        3   23[COMRAM] struct ES_Event_t
 Auto vars:     Size  Location     Type
  WhichService    1   28[COMRAM] unsigned char 
 Return value:  Size  Location     Type
                  1    wreg      unsigned char 
 Registers used:
		wreg, fsr1l, fsr1h, fsr2l, fsr2h, status,2, status,0, tblptrl, tblptrh, tblptru, prodl, prodh, cstack
 Tracked objects:
		On entry : 
		On exit  : 
		Unchanged: 
 Data sizes:     COMRAM   BANK0   BANK1   BANK2
      Params:         3       0       0       0
      Locals:         1       0       0       0
      Temps:          2       0       0       0
      Totals:         6       0       0       0
Total ram usage:        6 bytes
 Hardware stack levels used:    1
 Hardware stack levels required when called:    2
 This function calls:
		i2_ES_EnQueueFIFO
 This function is called by:
		i2_PostPatternControlService
		i2_PostSPI32ControlService
 This function uses a non-reentrant model


 *************** function i2_ES_EnQueueFIFO *****************
 Defined at:
		line 85 in file "ES_Queue.c"
 Parameters:    Size  Location     Type
  pBlock          2   12[COMRAM] PTR struct ES_Event_t
		 -> Queue1(12), Queue0(12), 
  Event2Add       3   14[COMRAM] struct ES_Event_t
 Auto vars:     Size  Location     Type
  ES_EnQueueFI    2   21[COMRAM] PTR struct .
		 -> Queue1(12), Queue0(12), 
  ES_EnQueueFI    1   20[COMRAM] unsigned char 
 Return value:  Size  Location     Type
                  1    wreg      unsigned char 
 Registers used:
		wreg, fsr1l, fsr1h, fsr2l, fsr2h, status,2, status,0, prodl, prodh, cstack
 Tracked objects:
		On entry : 
		On exit  : 
		Unchanged: 
 Data sizes:     COMRAM   BANK0   BANK1   BANK2
      Params:         5       0       0       0
      Locals:         3       0       0       0
      Temps:          3       0       0       0
      Totals:        11       0       0       0
Total ram usage:       11 bytes
 Hardware stack levels used:    1
 Hardware stack levels required when called:    1
 This function calls:
		i2___awmod
		i2___wmul
 This function is called by:
		i2_ES_PostToService
 This function uses a non-reentrant model


 *************** function i2___wmul *****************
 Defined at:
		line 15 in file "C:\Program Files (x86)\Microchip\xc8\v1.38\sources\common\Umul16.c"
 Parameters:    Size  Location     Type
  multiplier      2    6[COMRAM] unsigned int 
  multiplicand    2    8[COMRAM] unsigned int 
 Auto vars:     Size  Location     Type
  __wmul          2   10[COMRAM] unsigned int 
 Return value:  Size  Location     Type
                  2    6[COMRAM] unsigned int 
 Registers used:
		wreg, status,2, status,0, prodl, prodh
 Tracked objects:
		On entry : 
		On exit  : 
		Unchanged: 
 Data sizes:     COMRAM   BANK0   BANK1   BANK2
      Params:         4       0       0       0
      Locals:         2       0       0       0
      Temps:          0       0       0       0
      Totals:         6       0       0       0
Total ram usage:        6 bytes
 Hardware stack levels used:    1
 This function calls:
		Nothing
 This function is called by:
		i2_ES_EnQueueFIFO
 This function uses a non-reentrant model


 *************** function i2___awmod *****************
 Defined at:
		line 8 in file "C:\Program Files (x86)\Microchip\xc8\v1.38\sources\common\awmod.c"
 Parameters:    Size  Location     Type
  dividend        2    0[COMRAM] int 
  divisor         2    2[COMRAM] int 
 Auto vars:     Size  Location     Type
  __awmod         1    5[COMRAM] unsigned char 
  __awmod         1    4[COMRAM] unsigned char 
 Return value:  Size  Location     Type
                  2    0[COMRAM] int 
 Registers used:
		wreg, status,2, status,0
 Tracked objects:
		On entry : 
		On exit  : 
		Unchanged: 
 Data sizes:     COMRAM   BANK0   BANK1   BANK2
      Params:         4       0       0       0
      Locals:         2       0       0       0
      Temps:          0       0       0       0
      Totals:         6       0       0       0
Total ram usage:        6 bytes
 Hardware stack levels used:    1
 This function calls:
		Nothing
 This function is called by:
		_ProcessReceive
		i2_ES_EnQueueFIFO
 This function uses a non-reentrant model


 *************** function _SetPattern *****************
 Defined at:
		line 252 in file "Pattern_ControlService.c"
 Parameters:    Size  Location     Type
  PatternID       1    wreg     unsigned char 
 Auto vars:     Size  Location     Type
  PatternID       1    0[COMRAM] unsigned char 
 Return value:  Size  Location     Type
                  1    wreg      void 
 Registers used:
		wreg, status,2, cstack
 Tracked objects:
		On entry : 
		On exit  : 
		Unchanged: 
 Data sizes:     COMRAM   BANK0   BANK1   BANK2
      Params:         0       0       0       0
      Locals:         1       0       0       0
      Temps:          0       0       0       0
      Totals:         1       0       0       0
Total ram usage:        1 bytes
 Hardware stack levels used:    1
 Hardware stack levels required when called:    1
 This function calls:
		i2_ResetPattern
 This function is called by:
		_ProcessReceive
 This function uses a non-reentrant model


 *************** function i2_ResetPattern *****************
 Defined at:
		line 194 in file "Pattern_RGBPatterns.c"
 Parameters:    Size  Location     Type
		None
 Auto vars:     Size  Location     Type
		None
 Return value:  Size  Location     Type
                  1    wreg      void 
 Registers used:
		wreg, status,2
 Tracked objects:
		On entry : 
		On exit  : 
		Unchanged: 
 Data sizes:     COMRAM   BANK0   BANK1   BANK2
      Params:         0       0       0       0
      Locals:         0       0       0       0
      Temps:          0       0       0       0
      Totals:         0       0       0       0
Total ram usage:        0 bytes
 Hardware stack levels used:    1
 This function calls:
		Nothing
 This function is called by:
		_SetPattern
 This function uses a non-reentrant model


 *************** function _SetListLoc *****************
 Defined at:
		line 276 in file "Pattern_ControlService.c"
 Parameters:    Size  Location     Type
  newLocation     1    wreg     unsigned char 
 Auto vars:     Size  Location     Type
  newLocation     1   10[COMRAM] unsigned char 
  LL              2    8[COMRAM] unsigned int 
 Return value:  Size  Location     Type
                  1    wreg      void 
 Registers used:
		wreg, status,2, status,0, prodl, prodh, cstack
 Tracked objects:
		On entry : 
		On exit  : 
		Unchanged: 
 Data sizes:     COMRAM   BANK0   BANK1   BANK2
      Params:         0       0       0       0
      Locals:         3       0       0       0
      Temps:          0       0       0       0
      Totals:         3       0       0       0
Total ram usage:        3 bytes
 Hardware stack levels used:    1
 Hardware stack levels required when called:    1
 This function calls:
		i2___awdiv
 This function is called by:
		_ProcessReceive
 This function uses a non-reentrant model


 *************** function _SetBrightness *****************
 Defined at:
		line 259 in file "Pattern_ControlService.c"
 Parameters:    Size  Location     Type
  brightness      1    wreg     unsigned char 
 Auto vars:     Size  Location     Type
  brightness      1    8[COMRAM] unsigned char 
  newBrightnes    2    9[COMRAM] unsigned int 
 Return value:  Size  Location     Type
                  1    wreg      void 
 Registers used:
		wreg, status,2, status,0, prodl, prodh, cstack
 Tracked objects:
		On entry : 
		On exit  : 
		Unchanged: 
 Data sizes:     COMRAM   BANK0   BANK1   BANK2
      Params:         0       0       0       0
      Locals:         3       0       0       0
      Temps:          0       0       0       0
      Totals:         3       0       0       0
Total ram usage:        3 bytes
 Hardware stack levels used:    1
 Hardware stack levels required when called:    1
 This function calls:
		_DotStar_SetBrightness
		i2___awdiv
 This function is called by:
		_ProcessReceive
 This function uses a non-reentrant model


 *************** function i2___awdiv *****************
 Defined at:
		line 8 in file "C:\Program Files (x86)\Microchip\xc8\v1.38\sources\common\awdiv.c"
 Parameters:    Size  Location     Type
  dividend        2    0[COMRAM] int 
  divisor         2    2[COMRAM] int 
 Auto vars:     Size  Location     Type
  __awdiv         2    6[COMRAM] int 
  __awdiv         1    5[COMRAM] unsigned char 
  __awdiv         1    4[COMRAM] unsigned char 
 Return value:  Size  Location     Type
                  2    0[COMRAM] int 
 Registers used:
		wreg, status,2, status,0
 Tracked objects:
		On entry : 
		On exit  : 
		Unchanged: 
 Data sizes:     COMRAM   BANK0   BANK1   BANK2
      Params:         4       0       0       0
      Locals:         4       0       0       0
      Temps:          0       0       0       0
      Totals:         8       0       0       0
Total ram usage:        8 bytes
 Hardware stack levels used:    1
 This function calls:
		Nothing
 This function is called by:
		_SetBrightness
		_SetListLoc
 This function uses a non-reentrant model


 *************** function _DotStar_SetBrightness *****************
 Defined at:
		line 70 in file "Pattern_DotStarLED.c"
 Parameters:    Size  Location     Type
  brightness      1    wreg     unsigned char 
 Auto vars:     Size  Location     Type
  brightness      1    0[COMRAM] unsigned char 
 Return value:  Size  Location     Type
                  1    wreg      void 
 Registers used:
		wreg, status,2, status,0
 Tracked objects:
		On entry : 
		On exit  : 
		Unchanged: 
 Data sizes:     COMRAM   BANK0   BANK1   BANK2
      Params:         0       0       0       0
      Locals:         1       0       0       0
      Temps:          0       0       0       0
      Totals:         1       0       0       0
Total ram usage:        1 bytes
 Hardware stack levels used:    1
 This function calls:
		Nothing
 This function is called by:
		_SetBrightness
 This function uses a non-reentrant model


 *************** function _CAN_ErrorResponse *****************
 Defined at:
		line 80 in file "CAN_RX_HW.c"
 Parameters:    Size  Location     Type
		None
 Auto vars:     Size  Location     Type
		None
 Return value:  Size  Location     Type
                  1    wreg      void 
 Registers used:
		None
 Tracked objects:
		On entry : 
		On exit  : 
		Unchanged: 
 Data sizes:     COMRAM   BANK0   BANK1   BANK2
      Params:         0       0       0       0
      Locals:         0       0       0       0
      Temps:          0       0       0       0
      Totals:         0       0       0       0
Total ram usage:        0 bytes
 Hardware stack levels used:    1
 This function calls:
		Nothing
 This function is called by:
		_ISR
 This function uses a non-reentrant model


 *************** function _CAN_BusErrorResponse *****************
 Defined at:
		line 85 in file "CAN_RX_HW.c"
 Parameters:    Size  Location     Type
		None
 Auto vars:     Size  Location     Type
		None
 Return value:  Size  Location     Type
                  1    wreg      void 
 Registers used:
		None
 Tracked objects:
		On entry : 
		On exit  : 
		Unchanged: 
 Data sizes:     COMRAM   BANK0   BANK1   BANK2
      Params:         0       0       0       0
      Locals:         0       0       0       0
      Temps:          0       0       0       0
      Totals:         0       0       0       0
Total ram usage:        0 bytes
 Hardware stack levels used:    1
 This function calls:
		Nothing
 This function is called by:
		_ISR
 This function uses a non-reentrant model



MODULE INFORMATION

Module		Function		Class		Link	Load	Size
ES_Queue.c
		_ES_EnQueueFIFO		CODE           	1B0A	0000	227
		_ES_DeQueue    		CODE           	13BA	0000	297
		_ES_InitQueue  		CODE           	27FA	0000	61

ES_Queue.c estimated size: 585

C:\Program Files (x86)\Microchip\xc8\v1.38\sources\common\awmod.c
		___awmod       		CODE           	20F0	0000	163

C:\Program Files (x86)\Microchip\xc8\v1.38\sources\common\awmod.c estimated size: 163

C:\Program Files (x86)\Microchip\xc8\v1.38\sources\common\putch.c
		_putch         		CODE           	2BA0	0000	3

C:\Program Files (x86)\Microchip\xc8\v1.38\sources\common\putch.c estimated size: 3

ES_CheckEvents.c
		_ES_CheckUserEvents		CODE           	272C	0000	75

ES_CheckEvents.c estimated size: 75

Pattern_HSV_Convert.c
		_HSV_to_RGB    		CODE           	03BE	0000	1113

Pattern_HSV_Convert.c estimated size: 1113

Pattern_DotStarLED.c
		_DotStar_Init  		CODE           	1EF4	0000	175
		_DotStar_Show  		CODE           	14E2	0000	295
		_DotStar_SetBrightness		CODE           	2B4A	0000	15

Pattern_DotStarLED.c estimated size: 485

Pattern_RGBPatterns.c
		_ResetPattern  		CODE           	2A9E	0000	27
		_PatternOff    		CODE           	27BA	0000	65
		_IdlePattern   		CODE           	0816	0000	703
		_ListeningPattern		CODE           	0D40	0000	567
		_WelcomePattern		CODE           	1824	0000	263
		_SetupPattern  		CODE           	2B2E	0000	15
		_SpeakingPattern		CODE           	1198	0000	547
		_UpdatePattern 		CODE           	0AD4	0000	621
		_ThinkingPattern		CODE           	0F76	0000	547

Pattern_RGBPatterns.c estimated size: 3355

C:\Program Files (x86)\Microchip\xc8\v1.38\sources\common\Umul16.c
		___wmul        		CODE           	28AA	0000	55

C:\Program Files (x86)\Microchip\xc8\v1.38\sources\common\Umul16.c estimated size: 55

ES_LookupTables.c
		_ES_GetMSBitSet		CODE           	204C	0000	165

ES_LookupTables.c estimated size: 165

CAN_RX_HW.c
		_InitPins      		CODE           	2AB8	0000	27
		_CAN_Init      		CODE           	2B70	0000	11
		_CAN_ErrorResponse		CODE           	2BA2	0000	3
		_CAN_RCVResponse		CODE           	2B58	0000	13
		_CAN_XmitResponse		CODE           	2B90	0000	7
		_CAN_BusErrorResponse		CODE           	2BA4	0000	3
		_InitCanHardware		CODE           	23A0	0000	125
		_ProcessReceive		CODE           	1FA2	0000	171

CAN_RX_HW.c estimated size: 360

SPI32_ControlService.c
		_PostSPI32ControlService		CODE           	2A68	0000	29
		_GetNextFrame  		CODE           	2A84	0000	27
		_InitSPI32ControlService		CODE           	2836	0000	59
		_RunSPI32ControlService		CODE           	171E	0000	263
		_SPI32_TransmitFrames		CODE           	2914	0000	51

SPI32_ControlService.c estimated size: 429

EventCheckers.c
		_Check4Keystroke		CODE           	2B9A	0000	5

EventCheckers.c estimated size: 5

ES_Framework.c
		_ES_PostToService		CODE           	2494	0000	119
		_ES_Run        		CODE           	192A	0000	245
		_ES_Initialize 		CODE           	1A1E	0000	237

ES_Framework.c estimated size: 601

C:\Program Files (x86)\Microchip\xc8\v1.38\sources\common\lwdiv.c
		___lwdiv       		CODE           	241C	0000	121

C:\Program Files (x86)\Microchip\xc8\v1.38\sources\common\lwdiv.c estimated size: 121

C:\Program Files (x86)\Microchip\xc8\v1.38\sources\common\awdiv.c
		___awdiv       		CODE           	1D82	0000	191

C:\Program Files (x86)\Microchip\xc8\v1.38\sources\common\awdiv.c estimated size: 191

C:\Program Files (x86)\Microchip\xc8\v1.38\sources\common\lbmod.c
		___lbmod       		CODE           	2776	0000	69

C:\Program Files (x86)\Microchip\xc8\v1.38\sources\common\lbmod.c estimated size: 69

SPI32_HW.c
		_SPI32_SendFrame		CODE           	263E	0000	83
		_SPI32_EOTResponse		CODE           	2870	0000	59
		_SPI32_Init    		CODE           	2B8A	0000	7
		_HW_Init       		CODE           	2A0C	0000	35

SPI32_HW.c estimated size: 184

shared
		_BitNum2SetMask		SMALLCONST     	0301	0000	33
		_DistList00    		SMALLCONST     	0360	0000	5
		i2___awdiv     		CODE           	221E	0000	133
		i2_ES_EnQueueFIFO		CODE           	1E40	0000	181
		_ES_EventList  		SMALLCONST     	035E	0000	3
		i2___wmul      		CODE           	29C0	0000	39
		i2_ES_PostToService		CODE           	257A	0000	107
		_Nybble2MSBitNum		SMALLCONST     	0341	0000	16
		_EventQueues   		SMALLCONST     	0358	0000	7
		__initialization		CODE           	2322	0000	113
		i2_ResetPattern		CODE           	2AD2	0000	27
		i2___awmod     		CODE           	250A	0000	113
		_Timer2PostFunc		SMALLCONST     	0321	0000	33
		i2_PostPatternControlService		CODE           	2B18	0000	23
		_ServDescList  		SMALLCONST     	0350	0000	9
		i2_SPI32_SendFrame		CODE           	26DE	0000	79
		i2_PostSPI32ControlService		CODE           	2B02	0000	23

shared estimated size: 944

Pattern_ControlService.c
		_InitPatternControlService		CODE           	25E4	0000	91
		_SetListLoc    		CODE           	29E6	0000	39
		_ShowPattern   		CODE           	299A	0000	39
		_RunPatternControlService		CODE           	1CBA	0000	201
		_SetPattern    		CODE           	2B64	0000	13
		_SetBrightness 		CODE           	2946	0000	45
		_PostPatternControlService		CODE           	2A4C	0000	29
		_PausePattern  		CODE           	2B82	0000	9
		_StopPattern   		CODE           	2972	0000	41
		_GetListLoc    		CODE           	2B96	0000	5

Pattern_ControlService.c estimated size: 512

ES_Port.c
		_ISR           		CODE           	0008	0000	221
		__HW_Process_Pending_Ints		CODE           	2AEC	0000	23
		__HW_Timer_Init		CODE           	2A2E	0000	31

ES_Port.c estimated size: 275

C:\Program Files (x86)\Microchip\xc8\v1.38\sources\common\doprnt.c
		_printf        		CODE           	28E0	0000	53

C:\Program Files (x86)\Microchip\xc8\v1.38\sources\common\doprnt.c estimated size: 53

ES_Timers.c
		_ES_Timer_Init 		CODE           	2B3C	0000	15
		_ES_Timer_InitTimer		CODE           	22A2	0000	129
		_ES_Timer_StopTimer		CODE           	2690	0000	79
		_ES_Timer_Tick_Resp		CODE           	1608	0000	279

ES_Timers.c estimated size: 502

main.c
		_main          		CODE           	2192	0000	141

main.c estimated size: 141

