Microchip MPLAB XC8 Compiler V1.35 ()

Linker command line:

--edf=C:\Program Files\Microchip\xc8\v1.35\dat\en_msgs.txt -cs \
  -h+dist/default/production\Will.X.production.sym \
  --cmf=dist/default/production\Will.X.production.cmf -z -Q16F1788 \
  -oC:\Users\wfindlay\AppData\Local\Temp\s444.2 \
  -Mdist/default/production/Will.X.production.map -E1 -ver=XC8 \
  -ASTACK=02173h-027efh -pstack=STACK -ACODE=00h-07FFhx8 \
  -ASTRCODE=00h-03FFFh -ASTRING=00h-0FFhx64 -ACONST=00h-0FFhx64 \
  -AENTRY=00h-0FFhx64 -ACOMMON=070h-07Fh -ABANK0=020h-06Fh \
  -ABANK1=0A0h-0EFh -ABANK2=0120h-016Fh -ABANK3=01A0h-01EFh \
  -ABANK4=0220h-026Fh -ABANK5=02A0h-02EFh -ABANK6=0320h-036Fh \
  -ABANK7=03A0h-03EFh -ABANK8=0420h-046Fh -ABANK9=04A0h-04EFh \
  -ABANK10=0520h-056Fh -ABANK11=05A0h-05EFh -ABANK12=0620h-066Fh \
  -ABANK13=06A0h-06EFh -ABANK14=0720h-076Fh -ABANK15=07A0h-07EFh \
  -ABANK16=0820h-086Fh -ABANK17=08A0h-08EFh -ABANK18=0920h-096Fh \
  -ABANK19=09A0h-09EFh -ABANK20=0A20h-0A6Fh -ABANK21=0AA0h-0AEFh \
  -ABANK22=0B20h-0B6Fh -ABANK23=0BA0h-0BEFh -ABANK24=0C20h-0C6Fh \
  -ABANK25=0CA0h-0CBFh -ABIGRAM=02000h-027EFh \
  -ARAM=020h-06Fh,0A0h-0EFh,0120h-016Fh,01A0h-01EFh,0220h-026Fh,02A0h-02EFh,0320h-036Fh,03A0h-03EFh,0420h-046Fh,04A0h-04EFh,0520h-056Fh,05A0h-05EFh,0620h-066Fh,06A0h-06EFh,0720h-076Fh,07A0h-07EFh,0820h-086Fh,08A0h-08EFh,0920h-096Fh,09A0h-09EFh,0A20h-0A6Fh,0AA0h-0AEFh,0B20h-0B6Fh,0BA0h-0BEFh,0C20h-0C6Fh,0CA0h-0CBFh \
  -AABS1=020h-07Fh,0A0h-0EFh,0120h-016Fh,01A0h-01EFh,0220h-026Fh,02A0h-02EFh,0320h-036Fh,03A0h-03EFh,0420h-046Fh,04A0h-04EFh,0520h-056Fh,05A0h-05EFh,0620h-066Fh,06A0h-06EFh,0720h-076Fh,07A0h-07EFh,0820h-086Fh,08A0h-08EFh,0920h-096Fh,09A0h-09EFh,0A20h-0A6Fh,0AA0h-0AEFh,0B20h-0B6Fh,0BA0h-0BEFh,0C20h-0C6Fh,0CA0h-0CBFh \
  -ASFR0=00h-01Fh -ASFR1=080h-09Fh -ASFR2=0100h-011Fh -ASFR3=0180h-019Fh \
  -ASFR4=0200h-021Fh -ASFR5=0280h-029Fh -ASFR6=0300h-031Fh \
  -ASFR7=0380h-039Fh -ASFR8=0400h-041Fh -ASFR9=0480h-049Fh \
  -ASFR10=0500h-051Fh -ASFR11=0580h-059Fh -ASFR12=0600h-061Fh \
  -ASFR13=0680h-069Fh -ASFR14=0700h-071Fh -ASFR15=0780h-079Fh \
  -ASFR16=0800h-081Fh -ASFR17=0880h-089Fh -ASFR18=0900h-091Fh \
  -ASFR19=0980h-099Fh -ASFR20=0A00h-0A1Fh -ASFR21=0A80h-0A9Fh \
  -ASFR22=0B00h-0B1Fh -ASFR23=0B80h-0B9Fh -ASFR24=0C00h-0C1Fh \
  -ASFR25=0C80h-0C9Fh -ASFR26=0D00h-0D6Fh -ASFR27=0D80h-0DEFh \
  -ASFR28=0E00h-0E6Fh -ASFR29=0E80h-0EEFh -ASFR30=0F00h-0F6Fh \
  -ASFR31=0F80h-0FEFh -preset_vec=00h,intentry=04h,init,end_init \
  -ppowerup=CODE -pcinit=CODE -pfunctab=CODE -ACONFIG=08007h-08008h \
  -pconfig=CONFIG -DCONFIG=2 -AIDLOC=08000h-08003h -pidloc=IDLOC -DIDLOC=2 \
  -AEEDATA=00h-0FFh/0F000h -peeprom_data=EEDATA -DEEDATA=2 -DCODE=2 \
  -DSTRCODE=2 -DSTRING=2 -DCONST=2 -DENTRY=2 -k \
  C:\Users\wfindlay\AppData\Local\Temp\s444.obj \
  dist/default/production\Will.X.production.obj 

Object code version is 3.11

Machine type is 16F1788



                Name                               Link     Load   Length Selector   Space Scale
C:\Users\wfindlay\AppData\Local\Temp\s444.obj
                end_init                             3F       3F        2        8       0
                reset_vec                             0        0        2        0       0
                config                             8007     8007        1    1000E       0
dist/default/production\Will.X.production.obj
                cinit                                41       41       3D        8       0
                intentry                              4        4       3B        8       0
                text46                              EA2      EA2       1C     1D44       0
                text45                              E3E      E3E       18     1C7C       0
                text44                              F94      F94       21     1F28       0
                text43                              78A      78A       38      442       0
                swtext1                             800      800        A     1000       0
                text42                               7E       7E       DB        8       0
                text41                              7EB      7EB       14      442       0
                text39                              E87      E87       1B     1D0E       0
                text38                              E05      E05       10     1C0A       0
                text37                              DC0      DC0        8     1B80       0
                text36                              709      709       46      442       0
                text35                              EBE      EBE       1C     1D7C       0
                text34                              577      577       5D      442       0
                text33                              67A      67A       49      442       0
                text32                              E15      E15       13     1C2A       0
                text31                              DF6      DF6        F     1BEC       0
                text30                              74F      74F       3B      442       0
                text29                              DB0      DB0        5     1B60       0
                text28                              E28      E28       16     1C50       0
                text27                              FB5      FB5       23     1F6A       0
                text26                              EF7      EF7       1E     1DEE       0
                text25                              F15      F15       1F     1E2A       0
                text24                              221      221       B4      442       0
                text23                              FD8      FD8       28     1FB0       0
                text22                              F34      F34       20     1E68       0
                text21                              F54      F54       20     1EA8       0
                text20                              400      400       8B      442       0
                text19                              62F      62F       4B      442       0
                text18                              DA9      DA9        2     1B52       0
                text17                              DAD      DAD        3     1B5A       0
                text16                              E6E      E6E       19     1CDC       0
                text15                              36B      36B       95      442       0
                text14                              DB5      DB5        5     1B6A       0
                text13                              F74      F74       20     1EE8       0
                text12                              513      513       64      442       0
                text11                              7C2      7C2       29      442       0
                text10                              E56      E56       18     1CAC       0
                text9                               6C3      6C3       46      442       0
                text8                               DC8      DC8        B     1B90       0
                text7                               DD3      DD3        B     1BA6       0
                text6                               DDE      DDE        B     1BBC       0
                text5                               48B      48B       88      442       0
                text4                               DE9      DE9        D     1BD2       0
                text3                               2D5      2D5       96      442       0
                text2                               7FF      7FF        1      442       0
                text1                               EDA      EDA       1D     1DB4       0
                maintext                            5D4      5D4       5B      442       0
                cstackBANK0                          20       20       30       20       1
                cstackCOMMON                         70       70        C       70       1
                cstackBANK1                          E8       E8        6       A0       1
                cstackBANK2                         16A      16A        4      120       1
                cstackBANK4                         24A      24A        9      220       1
                clrtext                             DBA      DBA        6     1B74       0
                bssBANK4                            220      220       2A      220       1
                bssBANK3                            1A0      1A0       4E      1A0       1
                bssBANK2                            120      120       4A      120       1
                dataBANK1                            EE       EE        2       A0       1
                bssBANK1                             A0       A0       48       A0       1
                dataBANK0                            6A       6A        2       20       1
                bssBANK0                             50       50       1A       20       1
                bssCOMMON                            7C       7C        1       70       1
                stringtext                          159      159       C8      2B2       0
                idataBANK1                          DAB      DAB        2     1B56       0
                idataBANK0                            2        2        2        0       0

TOTAL           Name                               Link     Load   Length     Space
        CLASS   STACK          

        CLASS   CODE           
                end_init                             3F       3F        2         0
                cinit                                41       41       3D         0
                intentry                              4        4       3B         0
                reset_vec                             0        0        2         0
                text46                              EA2      EA2       1C         0
                text45                              E3E      E3E       18         0
                text44                              F94      F94       21         0
                text43                              78A      78A       38         0
                text42                               7E       7E       DB         0
                text41                              7EB      7EB       14         0
                text39                              E87      E87       1B         0
                text38                              E05      E05       10         0
                text37                              DC0      DC0        8         0
                text36                              709      709       46         0
                text35                              EBE      EBE       1C         0
                text34                              577      577       5D         0
                text33                              67A      67A       49         0
                text32                              E15      E15       13         0
                text31                              DF6      DF6        F         0
                text30                              74F      74F       3B         0
                text29                              DB0      DB0        5         0
                text28                              E28      E28       16         0
                text27                              FB5      FB5       23         0
                text26                              EF7      EF7       1E         0
                text25                              F15      F15       1F         0
                text24                              221      221       B4         0
                text23                              FD8      FD8       28         0
                text22                              F34      F34       20         0
                text21                              F54      F54       20         0
                text20                              400      400       8B         0
                text19                              62F      62F       4B         0
                text18                              DA9      DA9        2         0
                text17                              DAD      DAD        3         0
                text16                              E6E      E6E       19         0
                text15                              36B      36B       95         0
                text14                              DB5      DB5        5         0
                text13                              F74      F74       20         0
                text12                              513      513       64         0
                text11                              7C2      7C2       29         0
                text10                              E56      E56       18         0
                text9                               6C3      6C3       46         0
                text8                               DC8      DC8        B         0
                text7                               DD3      DD3        B         0
                text6                               DDE      DDE        B         0
                text5                               48B      48B       88         0
                text4                               DE9      DE9        D         0
                text3                               2D5      2D5       96         0
                text2                               7FF      7FF        1         0
                text1                               EDA      EDA       1D         0
                maintext                            5D4      5D4       5B         0
                clrtext                             DBA      DBA        6         0
                idataBANK1                          DAB      DAB        2         0
                idataBANK0                            2        2        2         0

        CLASS   STRCODE        
                stringtext                          159      159       C8         0

        CLASS   STRING         

        CLASS   CONST          
                swtext1                             800      800        A         0

        CLASS   ENTRY          

        CLASS   COMMON         
                cstackCOMMON                         70       70        C         1
                bssCOMMON                            7C       7C        1         1

        CLASS   BANK0          
                cstackBANK0                          20       20       30         1
                dataBANK0                            6A       6A        2         1
                bssBANK0                             50       50       1A         1

        CLASS   BANK1          
                cstackBANK1                          E8       E8        6         1
                dataBANK1                            EE       EE        2         1
                bssBANK1                             A0       A0       48         1

        CLASS   BANK2          
                cstackBANK2                         16A      16A        4         1
                bssBANK2                            120      120       4A         1

        CLASS   BANK3          
                bssBANK3                            1A0      1A0       4E         1

        CLASS   BANK4          
                cstackBANK4                         24A      24A        9         1
                bssBANK4                            220      220       2A         1

        CLASS   BANK5          

        CLASS   BANK6          

        CLASS   BANK7          

        CLASS   BANK8          

        CLASS   BANK9          

        CLASS   BANK10         

        CLASS   BANK11         

        CLASS   BANK12         

        CLASS   BANK13         

        CLASS   BANK14         

        CLASS   BANK15         

        CLASS   BANK16         

        CLASS   BANK17         

        CLASS   BANK18         

        CLASS   BANK19         

        CLASS   BANK20         

        CLASS   BANK21         

        CLASS   BANK22         

        CLASS   BANK23         

        CLASS   BANK24         

        CLASS   BANK25         

        CLASS   BIGRAM         

        CLASS   RAM            

        CLASS   ABS1           
                abs_s1                               7E       7E        2         1

        CLASS   SFR0           

        CLASS   SFR1           

        CLASS   SFR2           

        CLASS   SFR3           

        CLASS   SFR4           

        CLASS   SFR5           

        CLASS   SFR6           

        CLASS   SFR7           

        CLASS   SFR8           

        CLASS   SFR9           

        CLASS   SFR10          

        CLASS   SFR11          

        CLASS   SFR12          

        CLASS   SFR13          

        CLASS   SFR14          

        CLASS   SFR15          

        CLASS   SFR16          

        CLASS   SFR17          

        CLASS   SFR18          

        CLASS   SFR19          

        CLASS   SFR20          

        CLASS   SFR21          

        CLASS   SFR22          

        CLASS   SFR23          

        CLASS   SFR24          

        CLASS   SFR25          

        CLASS   SFR26          

        CLASS   SFR27          

        CLASS   SFR28          

        CLASS   SFR29          

        CLASS   SFR30          

        CLASS   SFR31          

        CLASS   CONFIG         
                config                             8007     8007        1         0

        CLASS   IDLOC          

        CLASS   EEDATA         

        CLASS   BANK31         

        CLASS   BANK30         

        CLASS   BANK29         

        CLASS   BANK28         

        CLASS   BANK27         

        CLASS   BANK26         



SEGMENTS        Name                           Load    Length   Top    Selector   Space  Class     Delta

                reset_vec                      000000  000004  000004         0       0  CODE        2
                intentry                       000004  000155  000159         8       0  CODE        2
                cstackBANK0                    000020  00004C  00006C        20       1  BANK0       1
                cstackCOMMON                   000070  00000D  00007D        70       1  COMMON      1
                bssBANK1                       0000A0  000050  0000F0        A0       1  BANK1       1
                bssBANK2                       000120  00004E  00016E       120       1  BANK2       1
                bssBANK3                       0001A0  00004E  0001EE       1A0       1  BANK3       1
                bssBANK4                       000220  000033  000253       220       1  BANK4       1
                stringtext                     000159  0000C8  000221       2B2       0  STRCODE     2
                text24                         000221  0005DF  000800       442       0  CODE        2
                swtext1                        000800  00000A  00080A      1000       0  CONST       2
                text18                         000DA9  000002  000DAB      1B52       0  CODE        2
                idataBANK1                     000DAB  000002  000DAD      1B56       0  CODE        2
                text17                         000DAD  000003  000DB0      1B5A       0  CODE        2
                text29                         000DB0  000005  000DB5      1B60       0  CODE        2
                text14                         000DB5  000005  000DBA      1B6A       0  CODE        2
                clrtext                        000DBA  000006  000DC0      1B74       0  CODE        2
                text37                         000DC0  000008  000DC8      1B80       0  CODE        2
                text8                          000DC8  00000B  000DD3      1B90       0  CODE        2
                text7                          000DD3  00000B  000DDE      1BA6       0  CODE        2
                text6                          000DDE  00000B  000DE9      1BBC       0  CODE        2
                text4                          000DE9  00000D  000DF6      1BD2       0  CODE        2
                text31                         000DF6  00000F  000E05      1BEC       0  CODE        2
                text38                         000E05  000010  000E15      1C0A       0  CODE        2
                text32                         000E15  000013  000E28      1C2A       0  CODE        2
                text28                         000E28  000016  000E3E      1C50       0  CODE        2
                text45                         000E3E  000018  000E56      1C7C       0  CODE        2
                text10                         000E56  000018  000E6E      1CAC       0  CODE        2
                text16                         000E6E  000019  000E87      1CDC       0  CODE        2
                text39                         000E87  00001B  000EA2      1D0E       0  CODE        2
                text46                         000EA2  00001C  000EBE      1D44       0  CODE        2
                text35                         000EBE  00001C  000EDA      1D7C       0  CODE        2
                text1                          000EDA  00001D  000EF7      1DB4       0  CODE        2
                text26                         000EF7  00001E  000F15      1DEE       0  CODE        2
                text25                         000F15  00001F  000F34      1E2A       0  CODE        2
                text22                         000F34  000020  000F54      1E68       0  CODE        2
                text21                         000F54  000020  000F74      1EA8       0  CODE        2
                text13                         000F74  000020  000F94      1EE8       0  CODE        2
                text44                         000F94  000021  000FB5      1F28       0  CODE        2
                text27                         000FB5  000023  000FD8      1F6A       0  CODE        2
                text23                         000FD8  000028  001000      1FB0       0  CODE        2
                config                         008007  000001  008008     1000E       0  CONFIG      2


UNUSED ADDRESS RANGES

        Name                Unused          Largest block    Delta
        BANK0            0006C-0006F               4           1
        BANK10           00520-0056F              50           1
        BANK11           005A0-005EF              50           1
        BANK12           00620-0066F              50           1
        BANK13           006A0-006EF              50           1
        BANK14           00720-0076F              50           1
        BANK15           007A0-007EF              50           1
        BANK16           00820-0086F              50           1
        BANK17           008A0-008EF              50           1
        BANK18           00920-0096F              50           1
        BANK19           009A0-009EF              50           1
        BANK2            0016E-0016F               2           1
        BANK20           00A20-00A6F              50           1
        BANK21           00AA0-00AEF              50           1
        BANK22           00B20-00B6F              50           1
        BANK23           00BA0-00BEF              50           1
        BANK24           00C20-00C6F              50           1
        BANK25           00CA0-00CBF              20           1
        BANK3            001EE-001EF               2           1
        BANK4            00253-0026F              1D           1
        BANK5            002A0-002EF              50           1
        BANK6            00320-0036F              50           1
        BANK7            003A0-003EF              50           1
        BANK8            00420-0046F              50           1
        BANK9            004A0-004EF              50           1
        BIGRAM           02000-027EF             7F0           1
        CODE             0080A-00DA8             59F           2
                         01000-03FFF             800
        COMMON           0007D-0007D               1           1
        CONFIG           08008-08008               1           2
        CONST            0080A-00DA8             100           2
                         01000-03FFF             100
        EEDATA           0F000-0F0FF             100           2
        ENTRY            0080A-00DA8             100           2
                         01000-03FFF             100
        IDLOC            08000-08003               4           2
        RAM              0006C-0006F               4           1
                         0016E-0016F               2
                         001EE-001EF               2
                         00253-0026F              1D
                         002A0-002EF              50
                         00320-0036F              50
                         003A0-003EF              50
                         00420-0046F              50
                         004A0-004EF              50
                         00520-0056F              50
                         005A0-005EF              50
                         00620-0066F              50
                         006A0-006EF              50
                         00720-0076F              50
                         007A0-007EF              50
                         00820-0086F              50
                         008A0-008EF              50
                         00920-0096F              50
                         009A0-009EF              50
                         00A20-00A6F              50
                         00AA0-00AEF              50
                         00B20-00B6F              50
                         00BA0-00BEF              50
                         00C20-00C6F              50
                         00CA0-00CBF              20
        SFR0             00000-0001F              20           1
        SFR1             00080-0009F              20           1
        SFR10            00500-0051F              20           1
        SFR11            00580-0059F              20           1
        SFR12            00600-0061F              20           1
        SFR13            00680-0069F              20           1
        SFR14            00700-0071F              20           1
        SFR15            00780-0079F              20           1
        SFR16            00800-0081F              20           1
        SFR17            00880-0089F              20           1
        SFR18            00900-0091F              20           1
        SFR19            00980-0099F              20           1
        SFR2             00100-0011F              20           1
        SFR20            00A00-00A1F              20           1
        SFR21            00A80-00A9F              20           1
        SFR22            00B00-00B1F              20           1
        SFR23            00B80-00B9F              20           1
        SFR24            00C00-00C1F              20           1
        SFR25            00C80-00C9F              20           1
        SFR26            00D00-00D6F              70           1
        SFR27            00D80-00DEF              70           1
        SFR28            00E00-00E6F              70           1
        SFR29            00E80-00EEF              70           1
        SFR3             00180-0019F              20           1
        SFR30            00F00-00F6F              70           1
        SFR31            00F80-00FEF              70           1
        SFR4             00200-0021F              20           1
        SFR5             00280-0029F              20           1
        SFR6             00300-0031F              20           1
        SFR7             00380-0039F              20           1
        SFR8             00400-0041F              20           1
        SFR9             00480-0049F              20           1
        STACK            02173-027EF             67D           1
        STRCODE          0080A-00DA8             59F           2
                         01000-03FFF            3000
        STRING           0080A-00DA8             100           2
                         01000-03FFF             100

                                  Symbol Table

?_RunButtonDebounceSM                cstackBANK0  00045
?_RunReceivingService                cstackBANK0  00045
?_RunSendingService                  cstackBANK0  00045
?_RunToggleService                   cstackBANK0  00045
?___awmod                            cstackBANK0  00024
?___wmul                             cstackBANK0  0002B
?_printf                             cstackBANK0  00024
Button@CurrentState                  bssBANK0     00054
Button@MyPriority                    bssBANK0     00055
CheckButtonEvents@CurrentButtonState cstackBANK0  0004D
CheckButtonEvents@ReturnVal          cstackBANK0  00049
CheckButtonEvents@ThisEvent          cstackBANK0  0004A
ES_CheckUserEvents@i                 cstackBANK1  000E8
ES_DeQueue@NumLeft                   cstackBANK0  00039
ES_DeQueue@SaveCrit                  cstackBANK0  00038
ES_DeQueue@pBlock                    cstackBANK0  00031
ES_DeQueue@pReturnEvent              cstackBANK0  00033
ES_DeQueue@pThisQueue                cstackBANK0  0003A
ES_EnQueueFIFO@Event2Add             cstackBANK0  00033
ES_EnQueueFIFO@SaveCrit              cstackBANK0  00038
ES_EnQueueFIFO@pBlock                cstackBANK0  00031
ES_EnQueueFIFO@pThisQueue            cstackBANK0  00039
ES_GetMSBitSet@LoopCntr              cstackBANK0  0002C
ES_GetMSBitSet@Nybble2Test           cstackBANK0  0002B
ES_GetMSBitSet@ReturnVal             cstackBANK0  0002A
ES_GetMSBitSet@Val2Check             cstackBANK0  00024
ES_InitQueue@BlockSize               cstackBANK0  00033
ES_InitQueue@pBlock                  cstackBANK0  00031
ES_InitQueue@pThisQueue              cstackBANK0  00035
ES_Initialize@NewRate                cstackBANK0  0004A
ES_Initialize@i                      cstackBANK0  0004C
ES_PostAll@ThisEvent                 cstackBANK0  0003B
ES_PostAll@i                         cstackBANK0  00044
ES_PostToService@TheEvent            cstackBANK0  0003B
ES_PostToService@WhichService        cstackBANK0  00044
ES_Run@HighestPrior                  cstackBANK2  0016C
ES_Run@ThisEvent                     bssBANK1     000E5
ES_Timer_Init@Rate                   cstackBANK0  00026
ES_Timer_InitTimer@NewTime           cstackBANK0  00024
ES_Timer_InitTimer@Num               cstackBANK0  0002A
ES_Timer_StopTimer@Num               cstackCOMMON 00074
ES_Timer_Tick_Resp@NeedsProcessing   bssBANK1     000A3
ES_Timer_Tick_Resp@NewEvent          bssBANK1     000A0
ES_Timer_Tick_Resp@NextTimer2Process bssBANK0     00056
ISR@LastTime                         bssBANK1     000A5
ISR@NextTime                         bssBANK1     000A7
InitReceivingService@Priority        cstackBANK0  00045
InitReceivingService@ThisEvent       cstackBANK0  00047
InitSendingService@Priority          cstackBANK0  00045
InitSendingService@ThisEvent         cstackBANK0  00047
InitToggleService@Priority           cstackBANK0  00045
InitToggleService@ThisEvent          cstackBANK0  00047
InitializeButtonDebounce@Priority    cstackBANK0  00045
PacketData@index                     cstackBANK0  0002E
PostButtonDebounceSM@ThisEvent       cstackBANK0  00045
PostReceivingService@ThisEvent       cstackBANK0  00045
PostToggleService@ThisEvent          cstackBANK0  00045
RCIF_ISR@ByteReceived                cstackBANK0  00021
RCIF_ISR@NextState                   cstackBANK0  00020
ReceivingService@CheckSum            bssBANK0     00058
ReceivingService@CurrentState        bssBANK0     00059
ReceivingService@MyPriority          bssBANK0     0005B
RunButtonDebounceSM@Event2Post       cstackBANK4  0024A
RunButtonDebounceSM@Event2Post_733   cstackBANK4  0024D
RunButtonDebounceSM@ReturnEvent      cstackBANK4  00250
RunButtonDebounceSM@ThisEvent        cstackBANK0  00045
RunReceivingService@ReturnEvent      cstackBANK0  00048
RunReceivingService@ThisEvent        cstackBANK0  00045
RunSendingService@ReturnEvent        cstackBANK0  00049
RunSendingService@ThisEvent          cstackBANK0  00045
RunToggleService@ReturnEvent         cstackBANK0  00048
RunToggleService@ThisEvent           cstackBANK0  00045
SendingService@MyPriority            bssBANK0     0005C
TemplateService@MyPriority           bssBANK0     0005D
ToggleService@MyPriority             bssBANK0     0005E
_ANSELA                              (abs)        0018C
_API_Identifier                      dataBANK0    0006A
_BRG16                               (abs)        00CFB
_BRGH                                (abs)        00CF2
_BitNum2SetMask                      stringtext   00159
_CCP1CON                             (abs)        00293
_CCP1IF                              (abs)        0008A
_CCPR1H                              (abs)        00292
_CCPR1L                              (abs)        00291
_CREN                                (abs)        00CEC
_CheckButtonEvents                   text23       00FD8
_CheckSum                            bssBANK0     0005F
_CurrentState                        bssBANK0     00060
_Data2Send                           bssBANK0     00061
_DestinationAddress                  dataBANK1    000EE
_DistList00                          stringtext   001C6
_ES_CheckUserEvents                  text22       00F34
_ES_DeQueue                          text20       00400
_ES_EnQueueFIFO                      text34       00577
_ES_EventList                        stringtext   001C4
_ES_GetMSBitSet                      text9        006C3
_ES_InitQueue                        text39       00E87
_ES_Initialize                       text24       00221
_ES_PostAll                          text19       0062F
_ES_PostAll$1412                     cstackBANK0  00042
_ES_PostToService                    text33       0067A
_ES_PostToService$1415               cstackBANK0  00042
_ES_Run                              text3        002D5
_ES_Run$1409                         cstackBANK2  0016A
_ES_Timer_Init                       text37       00DC0
_ES_Timer_InitTimer                  text30       0074F
_ES_Timer_StopTimer                  text46       00EA2
_ES_Timer_Tick_Resp                  text5        0048B
_EventQueues                         stringtext   001B8
_FrameDataPacket                     bssBANK3     001C9
_FrameID                             dataBANK0    0006B
_GIE                                 (abs)        0005F
_GetFrameDataPacket                  text18       00DA9
_GetFrameDataPacketSize              text17       00DAD
_GetInputLine                        text29       00DB0
_INTCON                              (abs)        0000B
_IRCF0                               (abs)        004CB
_IRCF1                               (abs)        004CC
_IRCF2                               (abs)        004CD
_IRCF3                               (abs)        004CE
_ISR                                 intentry     00004
_InitReceivingEUSART                 text32       00E15
_InitReceivingService                text25       00F15
_InitSendingEUSART                   text31       00DF6
_InitSendingService                  text26       00EF7
_InitToggleService                   text27       00FB5
_InitializeButtonDebounce            text28       00E28
_LATA                                (abs)        0010C
_LastButtonState                     bssBANK0     00062
_MyPriority                          bssBANK0     00063
_Nybble2MSBitNum                     stringtext   001A9
_PEIE                                (abs)        0005E
_PIE1                                (abs)        00091
_PORTA                               (abs)        0000C
_Packet2Send                         bssBANK1     000AF
_PacketData                          text15       0036B
_PostButtonDebounceSM                text7        00DD3
_PostReceivingService                text6        00DDE
_PostToggleService                   text8        00DC8
_Queue0                              bssBANK2     00140
_Queue1                              bssBANK1     000D9
_Queue2                              bssBANK2     00152
_Queue3                              bssBANK2     0015E
_RA0                                 (abs)        00060
_RA1                                 (abs)        00061
_RA2                                 (abs)        00062
_RA7                                 (abs)        00067
_RCIE                                (abs)        0048D
_RCIF                                (abs)        0008D
_RCIF_ISR                            text42       0007E
_RCREG                               (abs)        00199
_RX9                                 (abs)        00CEE
_RXSEL                               (abs)        008E9
_Ready                               bssBANK0     00050
_ReceiveDataIndex                    bssCOMMON    0007C
_ReceivedPacket                      bssBANK3     001A0
_ResetPackets                        text44       00F94
_RunButtonDebounceSM                 text12       00513
_RunReceivingService                 text10       00E56
_RunSendingService                   text11       007C2
_RunToggleService                    text13       00F74
_SPBRGH                              (abs)        0019C
_SPBRGL                              (abs)        0019B
_SPEN                                (abs)        00CEF
_SYNC                                (abs)        00CF4
_SendPacket                          text14       00DB5
_SendPacketIndex                     bssBANK0     00064
_ServDescList                        stringtext   00199
_SizeOfData                          bssBANK0     00065
_SizeOfFrameData                     bssBANK0     00066
_SizeOfPacket                        bssBANK0     00067
_SizeOfReceivedPacket                bssBANK0     00068
_SysTickCounter                      bssBANK0     00052
_T1CON                               (abs)        00018
_TMR_ActiveFlags                     bssBANK1     000AB
_TMR_TimerArray                      bssBANK2     00120
_TRISA                               (abs)        0008C
_TRISB7                              (abs)        0046F
_TX9                                 (abs)        00CF6
_TXEN                                (abs)        00CF5
_TXIE                                (abs)        0048C
_TXIF                                (abs)        0008C
_TXIF_ISR                            text41       007EB
_TXREG                               (abs)        0019A
_TXSEL                               (abs)        008EA
_TickCount                           bssBANK0     00069
_Timer2PostFunc                      stringtext   00179
__CFG_BOREN$ON                       (abs)        00000
__CFG_FOSC$INTOSC                    (abs)        00000
__CFG_MCLRE$ON                       (abs)        00000
__CFG_PWRTE$OFF                      (abs)        00000
__CFG_WDTE$OFF                       (abs)        00000
__HW_Process_Pending_Ints            text4        00DE9
__HW_Timer_Init                      text38       00E05
__HW_Timer_Init@Rate                 cstackBANK0  00024
__Habs1                              abs1         00000
__Hbank0                             bank0        00000
__Hbank1                             bank1        00000
__Hbank10                            bank10       00000
__Hbank11                            bank11       00000
__Hbank12                            bank12       00000
__Hbank13                            bank13       00000
__Hbank14                            bank14       00000
__Hbank15                            bank15       00000
__Hbank16                            bank16       00000
__Hbank17                            bank17       00000
__Hbank18                            bank18       00000
__Hbank19                            bank19       00000
__Hbank2                             bank2        00000
__Hbank20                            bank20       00000
__Hbank21                            bank21       00000
__Hbank22                            bank22       00000
__Hbank23                            bank23       00000
__Hbank24                            bank24       00000
__Hbank25                            bank25       00000
__Hbank26                            bank26       00000
__Hbank27                            bank27       00000
__Hbank28                            bank28       00000
__Hbank29                            bank29       00000
__Hbank3                             bank3        00000
__Hbank30                            bank30       00000
__Hbank31                            bank31       00000
__Hbank4                             bank4        00000
__Hbank5                             bank5        00000
__Hbank6                             bank6        00000
__Hbank7                             bank7        00000
__Hbank8                             bank8        00000
__Hbank9                             bank9        00000
__Hbigram                            bigram       00000
__HbssBANK0                          bssBANK0     00000
__HbssBANK1                          bssBANK1     00000
__HbssBANK2                          bssBANK2     00000
__HbssBANK3                          bssBANK3     00000
__HbssBANK4                          bssBANK4     00000
__HbssCOMMON                         bssCOMMON    00000
__Hcinit                             cinit        0007E
__Hclrtext                           clrtext      00000
__Hcode                              code         00000
__Hcommon                            common       00000
__Hconfig                            config       08008
__HcstackBANK0                       cstackBANK0  00000
__HcstackBANK1                       cstackBANK1  00000
__HcstackBANK2                       cstackBANK2  00000
__HcstackBANK4                       cstackBANK4  00000
__HcstackCOMMON                      cstackCOMMON 00000
__HdataBANK0                         dataBANK0    00000
__HdataBANK1                         dataBANK1    00000
__Heeprom_data                       eeprom_data  00000
__Hend_init                          end_init     00041
__Hfunctab                           functab      00000
__HidataBANK0                        idataBANK0   00000
__HidataBANK1                        idataBANK1   00000
__Hidloc                             idloc        00000
__Hinit                              init         0003F
__Hintentry                          intentry     0003F
__Hmaintext                          maintext     00000
__Hpowerup                           powerup      00000
__Hram                               ram          00000
__Hreset_vec                         reset_vec    00002
__Hsfr0                              sfr0         00000
__Hsfr1                              sfr1         00000
__Hsfr10                             sfr10        00000
__Hsfr11                             sfr11        00000
__Hsfr12                             sfr12        00000
__Hsfr13                             sfr13        00000
__Hsfr14                             sfr14        00000
__Hsfr15                             sfr15        00000
__Hsfr16                             sfr16        00000
__Hsfr17                             sfr17        00000
__Hsfr18                             sfr18        00000
__Hsfr19                             sfr19        00000
__Hsfr2                              sfr2         00000
__Hsfr20                             sfr20        00000
__Hsfr21                             sfr21        00000
__Hsfr22                             sfr22        00000
__Hsfr23                             sfr23        00000
__Hsfr24                             sfr24        00000
__Hsfr25                             sfr25        00000
__Hsfr26                             sfr26        00000
__Hsfr27                             sfr27        00000
__Hsfr28                             sfr28        00000
__Hsfr29                             sfr29        00000
__Hsfr3                              sfr3         00000
__Hsfr30                             sfr30        00000
__Hsfr31                             sfr31        00000
__Hsfr4                              sfr4         00000
__Hsfr5                              sfr5         00000
__Hsfr6                              sfr6         00000
__Hsfr7                              sfr7         00000
__Hsfr8                              sfr8         00000
__Hsfr9                              sfr9         00000
__Hspace_0                           (abs)        08008
__Hspace_1                           (abs)        00253
__Hspace_2                           (abs)        00000
__Hspace_3                           (abs)        00000
__Hstack                             stack        00000
__Hstrings                           strings      00000
__Hstringtext                        stringtext   00000
__Htext                              text         00000
__Labs1                              abs1         00000
__Lbank0                             bank0        00000
__Lbank1                             bank1        00000
__Lbank10                            bank10       00000
__Lbank11                            bank11       00000
__Lbank12                            bank12       00000
__Lbank13                            bank13       00000
__Lbank14                            bank14       00000
__Lbank15                            bank15       00000
__Lbank16                            bank16       00000
__Lbank17                            bank17       00000
__Lbank18                            bank18       00000
__Lbank19                            bank19       00000
__Lbank2                             bank2        00000
__Lbank20                            bank20       00000
__Lbank21                            bank21       00000
__Lbank22                            bank22       00000
__Lbank23                            bank23       00000
__Lbank24                            bank24       00000
__Lbank25                            bank25       00000
__Lbank26                            bank26       00000
__Lbank27                            bank27       00000
__Lbank28                            bank28       00000
__Lbank29                            bank29       00000
__Lbank3                             bank3        00000
__Lbank30                            bank30       00000
__Lbank31                            bank31       00000
__Lbank4                             bank4        00000
__Lbank5                             bank5        00000
__Lbank6                             bank6        00000
__Lbank7                             bank7        00000
__Lbank8                             bank8        00000
__Lbank9                             bank9        00000
__Lbigram                            bigram       00000
__LbssBANK0                          bssBANK0     00000
__LbssBANK1                          bssBANK1     00000
__LbssBANK2                          bssBANK2     00000
__LbssBANK3                          bssBANK3     00000
__LbssBANK4                          bssBANK4     00000
__LbssCOMMON                         bssCOMMON    00000
__Lcinit                             cinit        00041
__Lclrtext                           clrtext      00000
__Lcode                              code         00000
__Lcommon                            common       00000
__Lconfig                            config       08007
__LcstackBANK0                       cstackBANK0  00000
__LcstackBANK1                       cstackBANK1  00000
__LcstackBANK2                       cstackBANK2  00000
__LcstackBANK4                       cstackBANK4  00000
__LcstackCOMMON                      cstackCOMMON 00000
__LdataBANK0                         dataBANK0    00000
__LdataBANK1                         dataBANK1    00000
__Leeprom_data                       eeprom_data  00000
__Lend_init                          end_init     0003F
__Lfunctab                           functab      00000
__LidataBANK0                        idataBANK0   00000
__LidataBANK1                        idataBANK1   00000
__Lidloc                             idloc        00000
__Linit                              init         0003F
__Lintentry                          intentry     00004
__Lmaintext                          maintext     00000
__Lpowerup                           powerup      00000
__Lram                               ram          00000
__Lreset_vec                         reset_vec    00000
__Lsfr0                              sfr0         00000
__Lsfr1                              sfr1         00000
__Lsfr10                             sfr10        00000
__Lsfr11                             sfr11        00000
__Lsfr12                             sfr12        00000
__Lsfr13                             sfr13        00000
__Lsfr14                             sfr14        00000
__Lsfr15                             sfr15        00000
__Lsfr16                             sfr16        00000
__Lsfr17                             sfr17        00000
__Lsfr18                             sfr18        00000
__Lsfr19                             sfr19        00000
__Lsfr2                              sfr2         00000
__Lsfr20                             sfr20        00000
__Lsfr21                             sfr21        00000
__Lsfr22                             sfr22        00000
__Lsfr23                             sfr23        00000
__Lsfr24                             sfr24        00000
__Lsfr25                             sfr25        00000
__Lsfr26                             sfr26        00000
__Lsfr27                             sfr27        00000
__Lsfr28                             sfr28        00000
__Lsfr29                             sfr29        00000
__Lsfr3                              sfr3         00000
__Lsfr30                             sfr30        00000
__Lsfr31                             sfr31        00000
__Lsfr4                              sfr4         00000
__Lsfr5                              sfr5         00000
__Lsfr6                              sfr6         00000
__Lsfr7                              sfr7         00000
__Lsfr8                              sfr8         00000
__Lsfr9                              sfr9         00000
__Lspace_0                           (abs)        00000
__Lspace_1                           (abs)        00000
__Lspace_2                           (abs)        00000
__Lspace_3                           (abs)        00000
__Lstack                             stack        00000
__Lstrings                           strings      00000
__Lstringtext                        stringtext   00000
__Ltext                              text         00000
__S0                                 (abs)        08008
__S1                                 (abs)        00253
__S2                                 (abs)        00000
__S3                                 (abs)        00000
___awmod                             text36       00709
___awmod@counter                     cstackBANK0  00029
___awmod@dividend                    cstackBANK0  00026
___awmod@divisor                     cstackBANK0  00024
___awmod@sign                        cstackBANK0  0002A
___int_sp                            stack        00000
___latbits                           (abs)        00003
___lbmod                             text21       00F54
___lbmod@counter                     cstackBANK0  00028
___lbmod@dividend                    cstackBANK0  00027
___lbmod@divisor                     cstackBANK0  00024
___lbmod@rem                         cstackBANK0  00029
___sp                                stack        00000
___wmul                              text35       00EBE
___wmul@multiplicand                 cstackBANK0  0002D
___wmul@multiplier                   cstackBANK0  0002B
___wmul@product                      cstackBANK0  0002F
__end_of_BitNum2SetMask              stringtext   00179
__end_of_CheckButtonEvents           text23       01000
__end_of_DistList00                  stringtext   001C8
__end_of_ES_CheckUserEvents          text22       00F54
__end_of_ES_DeQueue                  text20       0048B
__end_of_ES_EnQueueFIFO              text34       005D4
__end_of_ES_EventList                stringtext   001C6
__end_of_ES_GetMSBitSet              text9        00709
__end_of_ES_InitQueue                text39       00EA2
__end_of_ES_Initialize               text24       002D5
__end_of_ES_PostAll                  text19       0067A
__end_of_ES_PostToService            text33       006C3
__end_of_ES_Run                      text3        0036B
__end_of_ES_Timer_Init               text37       00DC8
__end_of_ES_Timer_InitTimer          text30       0078A
__end_of_ES_Timer_StopTimer          text46       00EBE
__end_of_ES_Timer_Tick_Resp          text5        00513
__end_of_EventQueues                 stringtext   001C4
__end_of_GetFrameDataPacket          text18       00DAB
__end_of_GetFrameDataPacketSize      text17       00DB0
__end_of_GetInputLine                text29       00DB5
__end_of_ISR                         intentry     0003F
__end_of_InitReceivingEUSART         text32       00E28
__end_of_InitReceivingService        text25       00F34
__end_of_InitSendingEUSART           text31       00E05
__end_of_InitSendingService          text26       00F15
__end_of_InitToggleService           text27       00FD8
__end_of_InitializeButtonDebounce    text28       00E3E
__end_of_Nybble2MSBitNum             stringtext   001B8
__end_of_PacketData                  text15       00400
__end_of_PostButtonDebounceSM        text7        00DDE
__end_of_PostReceivingService        text6        00DE9
__end_of_PostToggleService           text8        00DD3
__end_of_RCIF_ISR                    text42       00159
__end_of_ResetPackets                text44       00FB5
__end_of_RunButtonDebounceSM         text12       00577
__end_of_RunReceivingService         text10       00E6E
__end_of_RunSendingService           text11       007EB
__end_of_RunToggleService            text13       00F94
__end_of_SendPacket                  text14       00DBA
__end_of_ServDescList                stringtext   001A9
__end_of_TXIF_ISR                    text41       007FF
__end_of_Timer2PostFunc              stringtext   00199
__end_of__HW_Process_Pending_Ints    text4        00DF6
__end_of__HW_Timer_Init              text38       00E15
__end_of___awmod                     text36       0074F
__end_of___lbmod                     text21       00F74
__end_of___wmul                      text35       00EDA
__end_of__initialization             cinit        0007A
__end_of_main                        maintext     0062F
__end_of_memset                      text16       00E87
__end_of_printf                      text1        00EF7
__end_of_putch                       text2        00800
__end_ofi1_ES_Timer_InitTimer        text43       007C2
__end_ofi1_memset                    text45       00E56
__initialization                     cinit        00041
__pbssBANK0                          bssBANK0     00050
__pbssBANK1                          bssBANK1     000A0
__pbssBANK2                          bssBANK2     00120
__pbssBANK3                          bssBANK3     001A0
__pbssBANK4                          bssBANK4     00220
__pbssCOMMON                         bssCOMMON    0007C
__pcstackBANK0                       cstackBANK0  00020
__pcstackBANK1                       cstackBANK1  000E8
__pcstackBANK2                       cstackBANK2  0016A
__pcstackBANK4                       cstackBANK4  0024A
__pcstackCOMMON                      cstackCOMMON 00070
__pdataBANK0                         dataBANK0    0006A
__pdataBANK1                         dataBANK1    000EE
__pidataBANK0                        idataBANK0   00002
__pidataBANK1                        idataBANK1   00DAB
__pintentry                          intentry     00004
__pmaintext                          maintext     005D4
__pstringtext                        stringtext   00159
__pswtext1                           swtext1      00800
__ptext1                             text1        00EDA
__ptext10                            text10       00E56
__ptext11                            text11       007C2
__ptext12                            text12       00513
__ptext13                            text13       00F74
__ptext14                            text14       00DB5
__ptext15                            text15       0036B
__ptext16                            text16       00E6E
__ptext17                            text17       00DAD
__ptext18                            text18       00DA9
__ptext19                            text19       0062F
__ptext2                             text2        007FF
__ptext20                            text20       00400
__ptext21                            text21       00F54
__ptext22                            text22       00F34
__ptext23                            text23       00FD8
__ptext24                            text24       00221
__ptext25                            text25       00F15
__ptext26                            text26       00EF7
__ptext27                            text27       00FB5
__ptext28                            text28       00E28
__ptext29                            text29       00DB0
__ptext3                             text3        002D5
__ptext30                            text30       0074F
__ptext31                            text31       00DF6
__ptext32                            text32       00E15
__ptext33                            text33       0067A
__ptext34                            text34       00577
__ptext35                            text35       00EBE
__ptext36                            text36       00709
__ptext37                            text37       00DC0
__ptext38                            text38       00E05
__ptext39                            text39       00E87
__ptext4                             text4        00DE9
__ptext41                            text41       007EB
__ptext42                            text42       0007E
__ptext43                            text43       0078A
__ptext44                            text44       00F94
__ptext45                            text45       00E3E
__ptext46                            text46       00EA2
__ptext5                             text5        0048B
__ptext6                             text6        00DDE
__ptext7                             text7        00DD3
__ptext8                             text8        00DC8
__ptext9                             text9        006C3
__size_of_CheckButtonEvents          (abs)        00000
__size_of_ES_CheckUserEvents         (abs)        00000
__size_of_ES_DeQueue                 (abs)        00000
__size_of_ES_EnQueueFIFO             (abs)        00000
__size_of_ES_GetMSBitSet             (abs)        00000
__size_of_ES_InitQueue               (abs)        00000
__size_of_ES_Initialize              (abs)        00000
__size_of_ES_PostAll                 (abs)        00000
__size_of_ES_PostToService           (abs)        00000
__size_of_ES_Run                     (abs)        00000
__size_of_ES_Timer_Init              (abs)        00000
__size_of_ES_Timer_InitTimer         (abs)        00000
__size_of_ES_Timer_StopTimer         (abs)        00000
__size_of_ES_Timer_Tick_Resp         (abs)        00000
__size_of_GetFrameDataPacket         (abs)        00000
__size_of_GetFrameDataPacketSize     (abs)        00000
__size_of_GetInputLine               (abs)        00000
__size_of_ISR                        (abs)        00000
__size_of_InitReceivingEUSART        (abs)        00000
__size_of_InitReceivingService       (abs)        00000
__size_of_InitSendingEUSART          (abs)        00000
__size_of_InitSendingService         (abs)        00000
__size_of_InitToggleService          (abs)        00000
__size_of_InitializeButtonDebounce   (abs)        00000
__size_of_PacketData                 (abs)        00000
__size_of_PostButtonDebounceSM       (abs)        00000
__size_of_PostReceivingService       (abs)        00000
__size_of_PostToggleService          (abs)        00000
__size_of_RCIF_ISR                   (abs)        00000
__size_of_ResetPackets               (abs)        00000
__size_of_RunButtonDebounceSM        (abs)        00000
__size_of_RunReceivingService        (abs)        00000
__size_of_RunSendingService          (abs)        00000
__size_of_RunToggleService           (abs)        00000
__size_of_SendPacket                 (abs)        00000
__size_of_TXIF_ISR                   (abs)        00000
__size_of__HW_Process_Pending_Ints   (abs)        00000
__size_of__HW_Timer_Init             (abs)        00000
__size_of___awmod                    (abs)        00000
__size_of___lbmod                    (abs)        00000
__size_of___wmul                     (abs)        00000
__size_of_main                       (abs)        00000
__size_of_memset                     (abs)        00000
__size_of_printf                     (abs)        00000
__size_of_putch                      (abs)        00000
__size_ofi1_ES_Timer_InitTimer       (abs)        00000
__size_ofi1_memset                   (abs)        00000
_main                                maintext     005D4
_memset                              text16       00E6E
_printf                              text1        00EDA
_putch                               text2        007FF
btemp                                (abs)        0007E
clear_ram0                           clrtext      00DBA
end_of_initialization                cinit        0007A
i1ES_Timer_InitTimer@NewTime         cstackCOMMON 00070
i1ES_Timer_InitTimer@Num             cstackCOMMON 00076
i1_ES_Timer_InitTimer                text43       0078A
i1_memset                            text45       00E3E
i1memset@c                           cstackCOMMON 00072
i1memset@n                           cstackCOMMON 00074
i1memset@p                           cstackCOMMON 00076
i1memset@p1                          cstackCOMMON 00070
int$flags                            (abs)        0007E
intlevel0                            functab      00000
intlevel1                            functab      00000
intlevel2                            functab      00000
intlevel3                            functab      00000
intlevel4                            functab      00000
intlevel5                            functab      00000
ltemp                                (abs)        0007E
ltemp0                               (abs)        0007E
ltemp1                               (abs)        00082
ltemp2                               (abs)        00086
ltemp3                               (abs)        00080
main@ErrorType                       cstackBANK2  0016D
memset@c                             cstackBANK0  00026
memset@n                             cstackBANK0  00028
memset@p                             cstackBANK0  0002A
memset@p1                            cstackBANK0  00024
printf@ap                            cstackBANK0  00029
printf@c                             cstackBANK0  0002A
printf@f                             cstackBANK0  00024
reset_vec                            reset_vec    00000
stackhi                              (abs)        027EF
stacklo                              (abs)        02173
start                                init         0003F
start_initialization                 cinit        00041
ttemp                                (abs)        0007E
ttemp0                               (abs)        0007E
ttemp1                               (abs)        00081
ttemp2                               (abs)        00084
ttemp3                               (abs)        00087
ttemp4                               (abs)        0007F
wtemp                                (abs)        0007E
wtemp0                               (abs)        0007E
wtemp1                               (abs)        00080
wtemp2                               (abs)        00082
wtemp3                               (abs)        00084
wtemp4                               (abs)        00086
wtemp5                               (abs)        00088
wtemp6                               (abs)        0007F


FUNCTION INFORMATION:

 *************** function _main *****************
 Defined at:
		line 22 in file "main.c"
 Parameters:    Size  Location     Type
		None
 Auto vars:     Size  Location     Type
  ErrorType       1    3[BANK2 ] enum E7312
 Return value:  Size  Location     Type
                  2  372[None  ] int 
 Registers used:
		wreg, fsr0l, fsr0h, fsr1l, fsr1h, status,2, status,0, pclath, cstack
 Tracked objects:
		On entry : 
		On exit  : 
		Unchanged: 
 Data sizes:     COMMON   BANK0   BANK1   BANK2   BANK3   BANK4   BANK5   BANK6   BANK7   BANK8   BANK9  BANK10  BANK11  BANK12  BANK13  BANK14  BANK15  BANK16  BANK17  BANK18  BANK19  BANK20  BANK21  BANK22  BANK23  BANK24  BANK25
      Params:         0       0       0       0       0       0       0       0       0       0       0       0       0       0       0       0       0       0       0       0       0       0       0       0       0       0       0
      Locals:         0       0       0       1       0       0       0       0       0       0       0       0       0       0       0       0       0       0       0       0       0       0       0       0       0       0       0
      Temps:          0       0       1       0       0       0       0       0       0       0       0       0       0       0       0       0       0       0       0       0       0       0       0       0       0       0       0
      Totals:         0       0       1       1       0       0       0       0       0       0       0       0       0       0       0       0       0       0       0       0       0       0       0       0       0       0       0
Total ram usage:        2 bytes
 Hardware stack levels required when called:   11
 This function calls:
		_ES_Initialize
		_ES_Run
		_printf
 This function is called by:
		Startup code after reset
 This function uses a non-reentrant model


 *************** function _printf *****************
 Defined at:
		line 464 in file "C:\Program Files\Microchip\xc8\v1.35\sources\common\doprnt.c"
 Parameters:    Size  Location     Type
  f               2    4[BANK0 ] PTR const unsigned char 
		 -> STR_4(15), STR_3(23), STR_2(24), STR_1(27), 
 Auto vars:     Size  Location     Type
  tmpval          4    0        struct .
  cp              2    0        PTR const unsigned char 
  len             2    0        unsigned int 
  val             2    0        unsigned int 
  c               1   10[BANK0 ] char 
  ap              1    9[BANK0 ] PTR void [1]
		 -> ?_printf(2), 
  flag            1    0        unsigned char 
  prec            1    0        char 
 Return value:  Size  Location     Type
                  2    4[BANK0 ] int 
 Registers used:
		wreg, fsr0l, fsr0h, status,2, status,0, pclath, cstack
 Tracked objects:
		On entry : 
		On exit  : 
		Unchanged: 
 Data sizes:     COMMON   BANK0   BANK1   BANK2   BANK3   BANK4   BANK5   BANK6   BANK7   BANK8   BANK9  BANK10  BANK11  BANK12  BANK13  BANK14  BANK15  BANK16  BANK17  BANK18  BANK19  BANK20  BANK21  BANK22  BANK23  BANK24  BANK25
      Params:         0       2       0       0       0       0       0       0       0       0       0       0       0       0       0       0       0       0       0       0       0       0       0       0       0       0       0
      Locals:         0       2       0       0       0       0       0       0       0       0       0       0       0       0       0       0       0       0       0       0       0       0       0       0       0       0       0
      Temps:          0       3       0       0       0       0       0       0       0       0       0       0       0       0       0       0       0       0       0       0       0       0       0       0       0       0       0
      Totals:         0       7       0       0       0       0       0       0       0       0       0       0       0       0       0       0       0       0       0       0       0       0       0       0       0       0       0
Total ram usage:        7 bytes
 Hardware stack levels used:    1
 Hardware stack levels required when called:    5
 This function calls:
		_putch
 This function is called by:
		_main
 This function uses a non-reentrant model


 *************** function _putch *****************
 Defined at:
		line 7 in file "C:\Program Files\Microchip\xc8\v1.35\sources\common\putch.c"
 Parameters:    Size  Location     Type
  c               1    wreg     unsigned char 
 Auto vars:     Size  Location     Type
  c               1    0[COMMON] unsigned char 
 Return value:  Size  Location     Type
		None               void
 Registers used:
		wreg
 Tracked objects:
		On entry : 
		On exit  : 
		Unchanged: 
 Data sizes:     COMMON   BANK0   BANK1   BANK2   BANK3   BANK4   BANK5   BANK6   BANK7   BANK8   BANK9  BANK10  BANK11  BANK12  BANK13  BANK14  BANK15  BANK16  BANK17  BANK18  BANK19  BANK20  BANK21  BANK22  BANK23  BANK24  BANK25
      Params:         0       0       0       0       0       0       0       0       0       0       0       0       0       0       0       0       0       0       0       0       0       0       0       0       0       0       0
      Locals:         0       0       0       0       0       0       0       0       0       0       0       0       0       0       0       0       0       0       0       0       0       0       0       0       0       0       0
      Temps:          0       0       0       0       0       0       0       0       0       0       0       0       0       0       0       0       0       0       0       0       0       0       0       0       0       0       0
      Totals:         0       0       0       0       0       0       0       0       0       0       0       0       0       0       0       0       0       0       0       0       0       0       0       0       0       0       0
Total ram usage:        0 bytes
 Hardware stack levels used:    1
 Hardware stack levels required when called:    4
 This function calls:
		Nothing
 This function is called by:
		_printf
 This function uses a non-reentrant model


 *************** function _ES_Run *****************
 Defined at:
		line 277 in file "ES_Framework.c"
 Parameters:    Size  Location     Type
		None
 Auto vars:     Size  Location     Type
  HighestPrior    1    2[BANK2 ] unsigned char 
 Return value:  Size  Location     Type
                  1    wreg      enum E7284
 Registers used:
		wreg, fsr0l, fsr0h, fsr1l, fsr1h, status,2, status,0, pclath, cstack
 Tracked objects:
		On entry : 
		On exit  : 
		Unchanged: 
 Data sizes:     COMMON   BANK0   BANK1   BANK2   BANK3   BANK4   BANK5   BANK6   BANK7   BANK8   BANK9  BANK10  BANK11  BANK12  BANK13  BANK14  BANK15  BANK16  BANK17  BANK18  BANK19  BANK20  BANK21  BANK22  BANK23  BANK24  BANK25
      Params:         0       0       0       0       0       0       0       0       0       0       0       0       0       0       0       0       0       0       0       0       0       0       0       0       0       0       0
      Locals:         0       0       0       3       0       0       0       0       0       0       0       0       0       0       0       0       0       0       0       0       0       0       0       0       0       0       0
      Temps:          0       0       4       0       0       0       0       0       0       0       0       0       0       0       0       0       0       0       0       0       0       0       0       0       0       0       0
      Totals:         0       0       4       3       0       0       0       0       0       0       0       0       0       0       0       0       0       0       0       0       0       0       0       0       0       0       0
Total ram usage:        7 bytes
 Hardware stack levels used:    1
 Hardware stack levels required when called:   10
 This function calls:
		_ES_CheckUserEvents
		_ES_DeQueue
		_ES_GetMSBitSet
		_RunButtonDebounceSM
		_RunReceivingService
		_RunSendingService
		_RunToggleService
		__HW_Process_Pending_Ints
		___wmul
 This function is called by:
		_main
 This function uses a non-reentrant model


 *************** function __HW_Process_Pending_Ints *****************
 Defined at:
		line 209 in file "ES_Port.c"
 Parameters:    Size  Location     Type
		None
 Auto vars:     Size  Location     Type
		None
 Return value:  Size  Location     Type
                  1    wreg      unsigned char 
 Registers used:
		wreg, fsr0l, fsr0h, fsr1l, fsr1h, status,2, status,0, pclath, cstack
 Tracked objects:
		On entry : 
		On exit  : 
		Unchanged: 
 Data sizes:     COMMON   BANK0   BANK1   BANK2   BANK3   BANK4   BANK5   BANK6   BANK7   BANK8   BANK9  BANK10  BANK11  BANK12  BANK13  BANK14  BANK15  BANK16  BANK17  BANK18  BANK19  BANK20  BANK21  BANK22  BANK23  BANK24  BANK25
      Params:         0       0       0       0       0       0       0       0       0       0       0       0       0       0       0       0       0       0       0       0       0       0       0       0       0       0       0
      Locals:         0       0       0       0       0       0       0       0       0       0       0       0       0       0       0       0       0       0       0       0       0       0       0       0       0       0       0
      Temps:          0       0       0       0       0       0       0       0       0       0       0       0       0       0       0       0       0       0       0       0       0       0       0       0       0       0       0
      Totals:         0       0       0       0       0       0       0       0       0       0       0       0       0       0       0       0       0       0       0       0       0       0       0       0       0       0       0
Total ram usage:        0 bytes
 Hardware stack levels used:    1
 Hardware stack levels required when called:    9
 This function calls:
		_ES_Timer_Tick_Resp
 This function is called by:
		_ES_Run
 This function uses a non-reentrant model


 *************** function _ES_Timer_Tick_Resp *****************
 Defined at:
		line 284 in file "ES_Timers.c"
 Parameters:    Size  Location     Type
		None
 Auto vars:     Size  Location     Type
		None
 Return value:  Size  Location     Type
		None               void
 Registers used:
		wreg, fsr0l, fsr0h, fsr1l, fsr1h, status,2, status,0, pclath, cstack
 Tracked objects:
		On entry : 
		On exit  : 
		Unchanged: 
 Data sizes:     COMMON   BANK0   BANK1   BANK2   BANK3   BANK4   BANK5   BANK6   BANK7   BANK8   BANK9  BANK10  BANK11  BANK12  BANK13  BANK14  BANK15  BANK16  BANK17  BANK18  BANK19  BANK20  BANK21  BANK22  BANK23  BANK24  BANK25
      Params:         0       0       0       0       0       0       0       0       0       0       0       0       0       0       0       0       0       0       0       0       0       0       0       0       0       0       0
      Locals:         0       0       0       0       0       0       0       0       0       0       0       0       0       0       0       0       0       0       0       0       0       0       0       0       0       0       0
      Temps:          0       4       0       0       0       0       0       0       0       0       0       0       0       0       0       0       0       0       0       0       0       0       0       0       0       0       0
      Totals:         0       4       0       0       0       0       0       0       0       0       0       0       0       0       0       0       0       0       0       0       0       0       0       0       0       0       0
Total ram usage:        4 bytes
 Hardware stack levels used:    1
 Hardware stack levels required when called:    8
 This function calls:
		Absolute function
		_ES_GetMSBitSet
		_PostButtonDebounceSM
		_PostReceivingService
		_PostToggleService
 This function is called by:
		__HW_Process_Pending_Ints
 This function uses a non-reentrant model


 *************** function _PostReceivingService *****************
 Defined at:
		line 148 in file "ReceivingService.c"
 Parameters:    Size  Location     Type
  ThisEvent       3   37[BANK0 ] struct ES_Event_t
 Auto vars:     Size  Location     Type
		None
 Return value:  Size  Location     Type
                  1    wreg      unsigned char 
 Registers used:
		wreg, fsr0l, fsr0h, fsr1l, fsr1h, status,2, status,0, pclath, cstack
 Tracked objects:
		On entry : 
		On exit  : 
		Unchanged: 
 Data sizes:     COMMON   BANK0   BANK1   BANK2   BANK3   BANK4   BANK5   BANK6   BANK7   BANK8   BANK9  BANK10  BANK11  BANK12  BANK13  BANK14  BANK15  BANK16  BANK17  BANK18  BANK19  BANK20  BANK21  BANK22  BANK23  BANK24  BANK25
      Params:         0       3       0       0       0       0       0       0       0       0       0       0       0       0       0       0       0       0       0       0       0       0       0       0       0       0       0
      Locals:         0       0       0       0       0       0       0       0       0       0       0       0       0       0       0       0       0       0       0       0       0       0       0       0       0       0       0
      Temps:          0       0       0       0       0       0       0       0       0       0       0       0       0       0       0       0       0       0       0       0       0       0       0       0       0       0       0
      Totals:         0       3       0       0       0       0       0       0       0       0       0       0       0       0       0       0       0       0       0       0       0       0       0       0       0       0       0
Total ram usage:        3 bytes
 Hardware stack levels used:    1
 Hardware stack levels required when called:    7
 This function calls:
		_ES_PostToService
 This function is called by:
		_ES_Timer_Tick_Resp
 This function uses a non-reentrant model


 *************** function _PostButtonDebounceSM *****************
 Defined at:
		line 91 in file "Button.c"
 Parameters:    Size  Location     Type
  ThisEvent       3   37[BANK0 ] struct ES_Event_t
 Auto vars:     Size  Location     Type
		None
 Return value:  Size  Location     Type
                  1    wreg      unsigned char 
 Registers used:
		wreg, fsr0l, fsr0h, fsr1l, fsr1h, status,2, status,0, pclath, cstack
 Tracked objects:
		On entry : 
		On exit  : 
		Unchanged: 
 Data sizes:     COMMON   BANK0   BANK1   BANK2   BANK3   BANK4   BANK5   BANK6   BANK7   BANK8   BANK9  BANK10  BANK11  BANK12  BANK13  BANK14  BANK15  BANK16  BANK17  BANK18  BANK19  BANK20  BANK21  BANK22  BANK23  BANK24  BANK25
      Params:         0       3       0       0       0       0       0       0       0       0       0       0       0       0       0       0       0       0       0       0       0       0       0       0       0       0       0
      Locals:         0       0       0       0       0       0       0       0       0       0       0       0       0       0       0       0       0       0       0       0       0       0       0       0       0       0       0
      Temps:          0       0       0       0       0       0       0       0       0       0       0       0       0       0       0       0       0       0       0       0       0       0       0       0       0       0       0
      Totals:         0       3       0       0       0       0       0       0       0       0       0       0       0       0       0       0       0       0       0       0       0       0       0       0       0       0       0
[...]
      Totals:         0       2       0       0       0       0       0       0       0       0       0       0       0       0       0       0       0       0       0       0       0       0       0       0       0       0       0
Total ram usage:        2 bytes
 Hardware stack levels used:    1
 Hardware stack levels required when called:    4
 This function calls:
		Nothing
 This function is called by:
		_ES_Timer_Init
 This function uses a non-reentrant model


 *************** function _ES_InitQueue *****************
 Defined at:
		line 58 in file "ES_Queue.c"
 Parameters:    Size  Location     Type
  pBlock          2   17[BANK0 ] PTR struct ES_Event_t
		 -> Queue3(12), Queue2(12), Queue1(12), Queue0(18), 
  BlockSize       1   19[BANK0 ] unsigned char 
 Auto vars:     Size  Location     Type
  pThisQueue      2   21[BANK0 ] PTR struct .
		 -> Queue3(12), Queue2(12), Queue1(12), Queue0(18), 
 Return value:  Size  Location     Type
                  1    wreg      unsigned char 
 Registers used:
		wreg, fsr1l, fsr1h, status,2, status,0
 Tracked objects:
		On entry : 
		On exit  : 
		Unchanged: 
 Data sizes:     COMMON   BANK0   BANK1   BANK2   BANK3   BANK4   BANK5   BANK6   BANK7   BANK8   BANK9  BANK10  BANK11  BANK12  BANK13  BANK14  BANK15  BANK16  BANK17  BANK18  BANK19  BANK20  BANK21  BANK22  BANK23  BANK24  BANK25
      Params:         0       3       0       0       0       0       0       0       0       0       0       0       0       0       0       0       0       0       0       0       0       0       0       0       0       0       0
      Locals:         0       2       0       0       0       0       0       0       0       0       0       0       0       0       0       0       0       0       0       0       0       0       0       0       0       0       0
      Temps:          0       1       0       0       0       0       0       0       0       0       0       0       0       0       0       0       0       0       0       0       0       0       0       0       0       0       0
      Totals:         0       6       0       0       0       0       0       0       0       0       0       0       0       0       0       0       0       0       0       0       0       0       0       0       0       0       0
Total ram usage:        6 bytes
 Hardware stack levels used:    1
 Hardware stack levels required when called:    4
 This function calls:
		Nothing
 This function is called by:
		_ES_Initialize
 This function uses a non-reentrant model


 *************** function _ISR *****************
 Defined at:
		line 111 in file "ES_Port.c"
 Parameters:    Size  Location     Type
		None
 Auto vars:     Size  Location     Type
		None
 Return value:  Size  Location     Type
		None               void
 Registers used:
		wreg, fsr0l, fsr0h, fsr1l, fsr1h, status,2, status,0, pclath, cstack
 Tracked objects:
		On entry : 
		On exit  : 
		Unchanged: 
 Data sizes:     COMMON   BANK0   BANK1   BANK2   BANK3   BANK4   BANK5   BANK6   BANK7   BANK8   BANK9  BANK10  BANK11  BANK12  BANK13  BANK14  BANK15  BANK16  BANK17  BANK18  BANK19  BANK20  BANK21  BANK22  BANK23  BANK24  BANK25
      Params:         0       0       0       0       0       0       0       0       0       0       0       0       0       0       0       0       0       0       0       0       0       0       0       0       0       0       0
      Locals:         0       0       0       0       0       0       0       0       0       0       0       0       0       0       0       0       0       0       0       0       0       0       0       0       0       0       0
      Temps:          0       2       0       0       0       0       0       0       0       0       0       0       0       0       0       0       0       0       0       0       0       0       0       0       0       0       0
      Totals:         0       2       0       0       0       0       0       0       0       0       0       0       0       0       0       0       0       0       0       0       0       0       0       0       0       0       0
Total ram usage:        2 bytes
 Hardware stack levels used:    1
 Hardware stack levels required when called:    3
 This function calls:
		_RCIF_ISR
		_TXIF_ISR
 This function is called by:
		Interrupt level 1
 This function uses a non-reentrant model


 *************** function _TXIF_ISR *****************
 Defined at:
		line 255 in file "SendingService.c"
 Parameters:    Size  Location     Type
		None
 Auto vars:     Size  Location     Type
		None
 Return value:  Size  Location     Type
                  2  145[None  ] int 
 Registers used:
		wreg, fsr1l, fsr1h, status,2, status,0
 Tracked objects:
		On entry : 
		On exit  : 
		Unchanged: 
 Data sizes:     COMMON   BANK0   BANK1   BANK2   BANK3   BANK4   BANK5   BANK6   BANK7   BANK8   BANK9  BANK10  BANK11  BANK12  BANK13  BANK14  BANK15  BANK16  BANK17  BANK18  BANK19  BANK20  BANK21  BANK22  BANK23  BANK24  BANK25
      Params:         0       0       0       0       0       0       0       0       0       0       0       0       0       0       0       0       0       0       0       0       0       0       0       0       0       0       0
      Locals:         0       0       0       0       0       0       0       0       0       0       0       0       0       0       0       0       0       0       0       0       0       0       0       0       0       0       0
      Temps:          1       0       0       0       0       0       0       0       0       0       0       0       0       0       0       0       0       0       0       0       0       0       0       0       0       0       0
      Totals:         1       0       0       0       0       0       0       0       0       0       0       0       0       0       0       0       0       0       0       0       0       0       0       0       0       0       0
Total ram usage:        1 bytes
 Hardware stack levels used:    1
 This function calls:
		Nothing
 This function is called by:
		_ISR
 This function uses a non-reentrant model


 *************** function _RCIF_ISR *****************
 Defined at:
		line 229 in file "ReceivingService.c"
 Parameters:    Size  Location     Type
		None
 Auto vars:     Size  Location     Type
  ByteReceived    1    1[BANK0 ] unsigned char 
  NextState       1    0[BANK0 ] enum E7304
 Return value:  Size  Location     Type
                  2  151[None  ] int 
 Registers used:
		wreg, fsr0l, fsr0h, fsr1l, fsr1h, status,2, status,0, pclath, cstack
 Tracked objects:
		On entry : 
		On exit  : 
		Unchanged: 
 Data sizes:     COMMON   BANK0   BANK1   BANK2   BANK3   BANK4   BANK5   BANK6   BANK7   BANK8   BANK9  BANK10  BANK11  BANK12  BANK13  BANK14  BANK15  BANK16  BANK17  BANK18  BANK19  BANK20  BANK21  BANK22  BANK23  BANK24  BANK25
      Params:         0       0       0       0       0       0       0       0       0       0       0       0       0       0       0       0       0       0       0       0       0       0       0       0       0       0       0
      Locals:         0       2       0       0       0       0       0       0       0       0       0       0       0       0       0       0       0       0       0       0       0       0       0       0       0       0       0
      Temps:          4       0       0       0       0       0       0       0       0       0       0       0       0       0       0       0       0       0       0       0       0       0       0       0       0       0       0
      Totals:         4       2       0       0       0       0       0       0       0       0       0       0       0       0       0       0       0       0       0       0       0       0       0       0       0       0       0
Total ram usage:        6 bytes
 Hardware stack levels used:    1
 Hardware stack levels required when called:    2
 This function calls:
		_ES_Timer_StopTimer
		_ResetPackets
		i1_ES_Timer_InitTimer
 This function is called by:
		_ISR
 This function uses a non-reentrant model


 *************** function i1_ES_Timer_InitTimer *****************
 Defined at:
		line 229 in file "ES_Timers.c"
 Parameters:    Size  Location     Type
  Num             1    wreg     unsigned char 
  NewTime         2    0[COMMON] unsigned int 
 Auto vars:     Size  Location     Type
  Num             1    6[COMMON] unsigned char 
 Return value:  Size  Location     Type
                  1    wreg      enum E7262
 Registers used:
		wreg, fsr0l, fsr0h, fsr1l, fsr1h, status,2, status,0, pclath
 Tracked objects:
		On entry : 
		On exit  : 
		Unchanged: 
 Data sizes:     COMMON   BANK0   BANK1   BANK2   BANK3   BANK4   BANK5   BANK6   BANK7   BANK8   BANK9  BANK10  BANK11  BANK12  BANK13  BANK14  BANK15  BANK16  BANK17  BANK18  BANK19  BANK20  BANK21  BANK22  BANK23  BANK24  BANK25
      Params:         2       0       0       0       0       0       0       0       0       0       0       0       0       0       0       0       0       0       0       0       0       0       0       0       0       0       0
      Locals:         1       0       0       0       0       0       0       0       0       0       0       0       0       0       0       0       0       0       0       0       0       0       0       0       0       0       0
      Temps:          4       0       0       0       0       0       0       0       0       0       0       0       0       0       0       0       0       0       0       0       0       0       0       0       0       0       0
      Totals:         7       0       0       0       0       0       0       0       0       0       0       0       0       0       0       0       0       0       0       0       0       0       0       0       0       0       0
Total ram usage:        7 bytes
 Hardware stack levels used:    1
 This function calls:
		Nothing
 This function is called by:
		_RCIF_ISR
 This function uses a non-reentrant model


 *************** function _ResetPackets *****************
 Defined at:
		line 191 in file "ReceivingService.c"
 Parameters:    Size  Location     Type
		None
 Auto vars:     Size  Location     Type
		None
 Return value:  Size  Location     Type
		None               void
 Registers used:
		wreg, fsr1l, fsr1h, status,2, status,0, pclath, cstack
 Tracked objects:
		On entry : 
		On exit  : 
		Unchanged: 
 Data sizes:     COMMON   BANK0   BANK1   BANK2   BANK3   BANK4   BANK5   BANK6   BANK7   BANK8   BANK9  BANK10  BANK11  BANK12  BANK13  BANK14  BANK15  BANK16  BANK17  BANK18  BANK19  BANK20  BANK21  BANK22  BANK23  BANK24  BANK25
      Params:         0       0       0       0       0       0       0       0       0       0       0       0       0       0       0       0       0       0       0       0       0       0       0       0       0       0       0
      Locals:         0       0       0       0       0       0       0       0       0       0       0       0       0       0       0       0       0       0       0       0       0       0       0       0       0       0       0
      Temps:          0       0       0       0       0       0       0       0       0       0       0       0       0       0       0       0       0       0       0       0       0       0       0       0       0       0       0
      Totals:         0       0       0       0       0       0       0       0       0       0       0       0       0       0       0       0       0       0       0       0       0       0       0       0       0       0       0
Total ram usage:        0 bytes
 Hardware stack levels used:    1
 Hardware stack levels required when called:    1
 This function calls:
		i1_memset
 This function is called by:
		_RCIF_ISR
 This function uses a non-reentrant model


 *************** function i1_memset *****************
 Defined at:
		line 8 in file "C:\Program Files\Microchip\xc8\v1.35\sources\common\memset.c"
 Parameters:    Size  Location     Type
  p1              2    0[COMMON] PTR void 
		 -> FrameDataPacket(37), ReceivedPacket(41), Packet2Send(42), 
  c               2    2[COMMON] int 
  n               2    4[COMMON] unsigned int 
 Auto vars:     Size  Location     Type
  memset          2    6[COMMON] PTR unsigned char 
		 -> FrameDataPacket(37), ReceivedPacket(41), Packet2Send(42), 
 Return value:  Size  Location     Type
                  1    wreg      PTR void 
 Registers used:
		wreg, fsr1l, fsr1h, status,2, status,0
 Tracked objects:
		On entry : 
		On exit  : 
		Unchanged: 
 Data sizes:     COMMON   BANK0   BANK1   BANK2   BANK3   BANK4   BANK5   BANK6   BANK7   BANK8   BANK9  BANK10  BANK11  BANK12  BANK13  BANK14  BANK15  BANK16  BANK17  BANK18  BANK19  BANK20  BANK21  BANK22  BANK23  BANK24  BANK25
      Params:         6       0       0       0       0       0       0       0       0       0       0       0       0       0       0       0       0       0       0       0       0       0       0       0       0       0       0
      Locals:         2       0       0       0       0       0       0       0       0       0       0       0       0       0       0       0       0       0       0       0       0       0       0       0       0       0       0
      Temps:          0       0       0       0       0       0       0       0       0       0       0       0       0       0       0       0       0       0       0       0       0       0       0       0       0       0       0
      Totals:         8       0       0       0       0       0       0       0       0       0       0       0       0       0       0       0       0       0       0       0       0       0       0       0       0       0       0
Total ram usage:        8 bytes
 Hardware stack levels used:    1
 This function calls:
		Nothing
 This function is called by:
		_ResetPackets
 This function uses a non-reentrant model


 *************** function _ES_Timer_StopTimer *****************
 Defined at:
		line 205 in file "ES_Timers.c"
 Parameters:    Size  Location     Type
  Num             1    wreg     unsigned char 
 Auto vars:     Size  Location     Type
  Num             1    4[COMMON] unsigned char 
 Return value:  Size  Location     Type
                  1    wreg      enum E7262
 Registers used:
		wreg, fsr0l, fsr0h, status,2, status,0, pclath
 Tracked objects:
		On entry : 
		On exit  : 
		Unchanged: 
 Data sizes:     COMMON   BANK0   BANK1   BANK2   BANK3   BANK4   BANK5   BANK6   BANK7   BANK8   BANK9  BANK10  BANK11  BANK12  BANK13  BANK14  BANK15  BANK16  BANK17  BANK18  BANK19  BANK20  BANK21  BANK22  BANK23  BANK24  BANK25
      Params:         0       0       0       0       0       0       0       0       0       0       0       0       0       0       0       0       0       0       0       0       0       0       0       0       0       0       0
      Locals:         1       0       0       0       0       0       0       0       0       0       0       0       0       0       0       0       0       0       0       0       0       0       0       0       0       0       0
      Temps:          4       0       0       0       0       0       0       0       0       0       0       0       0       0       0       0       0       0       0       0       0       0       0       0       0       0       0
      Totals:         5       0       0       0       0       0       0       0       0       0       0       0       0       0       0       0       0       0       0       0       0       0       0       0       0       0       0
Total ram usage:        5 bytes
 Hardware stack levels used:    1
 This function calls:
		Nothing
 This function is called by:
		_RCIF_ISR
 This function uses a non-reentrant model



MODULE INFORMATION

Module		Function		Class		Link	Load	Size
ES_Queue.c
		_ES_EnQueueFIFO		CODE           	0577	0000	94
		_ES_DeQueue    		CODE           	0400	0000	140
		_ES_InitQueue  		CODE           	0E87	0000	28

ES_Queue.c estimated size: 262

C:\Program Files\Microchip\xc8\v1.35\sources\common\doprnt.c
		_printf        		CODE           	0EDA	0000	30

C:\Program Files\Microchip\xc8\v1.35\sources\common\doprnt.c estimated size: 30

ReceivingService.c
		_ResetPackets  		CODE           	0F94	0000	34
		_RCIF_ISR      		CODE           	007E	0000	220
		_InitReceivingService		CODE           	0F15	0000	32
		_GetFrameDataPacket		CODE           	0DA9	0000	3
		_InitReceivingEUSART		CODE           	0E15	0000	20
		_PostReceivingService		CODE           	0DDE	0000	12
		_RunReceivingService		CODE           	0E56	0000	25
		_GetFrameDataPacketSize		CODE           	0DAD	0000	4

ReceivingService.c estimated size: 350

ES_CheckEvents.c
		_ES_CheckUserEvents		CODE           	0F34	0000	33

ES_CheckEvents.c estimated size: 33

ES_LookupTables.c
		_ES_GetMSBitSet		CODE           	06C3	0000	71

ES_LookupTables.c estimated size: 71

C:\Program Files\Microchip\xc8\v1.35\sources\common\awmod.c
		___awmod       		CODE           	0709	0000	71

C:\Program Files\Microchip\xc8\v1.35\sources\common\awmod.c estimated size: 71

C:\Program Files\Microchip\xc8\v1.35\sources\common\putch.c
		_putch         		CODE           	07FF	0000	2

C:\Program Files\Microchip\xc8\v1.35\sources\common\putch.c estimated size: 2

ES_Framework.c
		_ES_PostAll    		CODE           	062F	0000	76
		_ES_PostToService		CODE           	067A	0000	74
		_ES_Run        		CODE           	02D5	0000	151
		_ES_Initialize 		CODE           	0221	0000	181

ES_Framework.c estimated size: 482

C:\Program Files\Microchip\xc8\v1.35\sources\common\Umul16.c
		___wmul        		CODE           	0EBE	0000	29

C:\Program Files\Microchip\xc8\v1.35\sources\common\Umul16.c estimated size: 29

Button.c
		_RunButtonDebounceSM		CODE           	0513	0000	101
		_PostButtonDebounceSM		CODE           	0DD3	0000	12
		_GetInputLine  		CODE           	0DB0	0000	6
		_InitializeButtonDebounce		CODE           	0E28	0000	23
		_CheckButtonEvents		CODE           	0FD8	0000	41

Button.c estimated size: 183

ToggleService.c
		_InitToggleService		CODE           	0FB5	0000	36
		_RunToggleService		CODE           	0F74	0000	33
		_PostToggleService		CODE           	0DC8	0000	12

ToggleService.c estimated size: 81

SendingService.c
		_InitSendingEUSART		CODE           	0DF6	0000	16
		_RunSendingService		CODE           	07C2	0000	42
		_PacketData    		CODE           	036B	0000	150
		_TXIF_ISR      		CODE           	07EB	0000	21
		_SendPacket    		CODE           	0DB5	0000	6
		_InitSendingService		CODE           	0EF7	0000	31

SendingService.c estimated size: 266

C:\Program Files\Microchip\xc8\v1.35\sources\common\lbmod.c
		___lbmod       		CODE           	0F54	0000	33

C:\Program Files\Microchip\xc8\v1.35\sources\common\lbmod.c estimated size: 33

shared
		_BitNum2SetMask		STRCODE        	0159	0000	33
		_DistList00    		STRCODE        	01C6	0000	3
		_ES_EventList  		STRCODE        	01C4	0000	3
		_Nybble2MSBitNum		STRCODE        	01A9	0000	16
		_EventQueues   		STRCODE        	01B8	0000	13
		__initialization		CODE           	0041	0000	58
		_Timer2PostFunc		STRCODE        	0179	0000	33
		_ServDescList  		STRCODE        	0199	0000	17
		i1_memset      		CODE           	0E3E	0000	25
		i1_ES_Timer_InitTimer		CODE           	078A	0000	57

shared estimated size: 258

ES_Port.c
		_ISR           		CODE           	0004	0000	60
		__HW_Process_Pending_Ints		CODE           	0DE9	0000	14
		__HW_Timer_Init		CODE           	0E05	0000	17

ES_Port.c estimated size: 91

ES_Timers.c
		_ES_Timer_Init 		CODE           	0DC0	0000	9
		_ES_Timer_InitTimer		CODE           	074F	0000	60
		_ES_Timer_StopTimer		CODE           	0EA2	0000	29
		_ES_Timer_Tick_Resp		CODE           	048B	0000	137

ES_Timers.c estimated size: 235

main.c
		_main          		CODE           	05D4	0000	92

main.c estimated size: 92

C:\Program Files\Microchip\xc8\v1.35\sources\common\memset.c
		_memset        		CODE           	0E6E	0000	26

C:\Program Files\Microchip\xc8\v1.35\sources\common\memset.c estimated size: 26

