Microchip MPLAB XC8 Compiler V1.38 ()

Linker command line:

--edf=/Applications/microchip/xc8/v1.38/dat/en_msgs.txt -cs \
  -h+dist/default/debug/Master.X.debug.sym \
  --cmf=dist/default/debug/Master.X.debug.cmf -z -Q16F1788 -o/tmp/xcWjvSCfA \
  -Mdist/default/debug/Master.X.debug.map -E1 -ver=XC8 \
  -ASTACK=0208Eh-027efh -pstack=STACK -ACODE=00h-07FFhx8 \
  -ASTRCODE=00h-03FFFh -ASTRING=00h-0FFhx64 -ACONST=00h-0FFhx64 \
  -AENTRY=00h-0FFhx64 -ACOMMON=070h-07Fh -ABANK0=020h-06Fh \
  -ABANK1=0A0h-0EFh -ABANK2=0120h-016Fh -ABANK3=01A0h-01EFh \
  -ABANK4=0220h-026Fh -ABANK5=02A0h-02EFh -ABANK6=0320h-036Fh \
  -ABANK7=03A0h-03EFh -ABANK8=0420h-046Fh -ABANK9=04A0h-04EFh \
  -ABANK10=0520h-056Fh -ABANK11=05A0h-05EFh -ABANK12=0620h-066Fh \
  -ABANK13=06A0h-06EFh -ABANK14=0720h-076Fh -ABANK15=07A0h-07EFh \
  -ABANK16=0820h-086Fh -ABANK17=08A0h-08EFh -ABANK18=0920h-096Fh \
  -ABANK19=09A0h-09EFh -ABANK20=0A20h-0A6Fh -ABANK21=0AA0h-0AEFh \
  -ABANK22=0B20h-0B6Fh -ABANK23=0BA0h-0BEFh -ABANK24=0C20h-0C6Fh \
  -ABANK25=0CA0h-0CBFh -ABIGRAM=02000h-027EFh \
  -ARAM=020h-06Fh,0A0h-0EFh,0120h-016Fh,01A0h-01EFh,0220h-026Fh,02A0h-02EFh,0320h-036Fh,03A0h-03EFh,0420h-046Fh,04A0h-04EFh,0520h-056Fh,05A0h-05EFh,0620h-066Fh,06A0h-06EFh,0720h-076Fh,07A0h-07EFh,0820h-086Fh,08A0h-08EFh,0920h-096Fh,09A0h-09EFh,0A20h-0A6Fh,0AA0h-0AEFh,0B20h-0B6Fh,0BA0h-0BEFh,0C20h-0C6Fh,0CA0h-0CBFh \
  -AABS1=020h-07Fh,0A0h-0EFh,0120h-016Fh,01A0h-01EFh,0220h-026Fh,02A0h-02EFh,0320h-036Fh,03A0h-03EFh,0420h-046Fh,04A0h-04EFh,0520h-056Fh,05A0h-05EFh,0620h-066Fh,06A0h-06EFh,0720h-076Fh,07A0h-07EFh,0820h-086Fh,08A0h-08EFh,0920h-096Fh,09A0h-09EFh,0A20h-0A6Fh,0AA0h-0AEFh,0B20h-0B6Fh,0BA0h-0BEFh,0C20h-0C6Fh,0CA0h-0CBFh \
  -ASFR0=00h-01Fh -ASFR1=080h-09Fh -ASFR2=0100h-011Fh -ASFR3=0180h-019Fh \
  -ASFR4=0200h-021Fh -ASFR5=0280h-029Fh -ASFR6=0300h-031Fh \
  -ASFR7=0380h-039Fh -ASFR8=0400h-041Fh -ASFR9=0480h-049Fh \
  -ASFR10=0500h-051Fh -ASFR11=0580h-059Fh -ASFR12=0600h-061Fh \
  -ASFR13=0680h-069Fh -ASFR14=0700h-071Fh -ASFR15=0780h-079Fh \
  -ASFR16=0800h-081Fh -ASFR17=0880h-089Fh -ASFR18=0900h-091Fh \
  -ASFR19=0980h-099Fh -ASFR20=0A00h-0A1Fh -ASFR21=0A80h-0A9Fh \
  -ASFR22=0B00h-0B1Fh -ASFR23=0B80h-0B9Fh -ASFR24=0C00h-0C1Fh \
  -ASFR25=0C80h-0C9Fh -ASFR26=0D00h-0D6Fh -ASFR27=0D80h-0DEFh \
  -ASFR28=0E00h-0E6Fh -ASFR29=0E80h-0EEFh -ASFR30=0F00h-0F6Fh \
  -ASFR31=0F80h-0FEFh -preset_vec=00h,intentry=04h,init,end_init \
  -ppowerup=CODE -pcinit=CODE -pfunctab=CODE -ACONFIG=08007h-08008h \
  -pconfig=CONFIG -DCONFIG=2 -AIDLOC=08000h-08003h -pidloc=IDLOC -DIDLOC=2 \
  -AEEDATA=00h-0FFh/0F000h -peeprom_data=EEDATA -DEEDATA=2 -DCODE=2 \
  -DSTRCODE=2 -DSTRING=2 -DCONST=2 -DENTRY=2 -k /tmp/xcT2scOMX.obj \
  dist/default/debug/Master.X.debug.obj 

Object code version is 3.11

Machine type is 16F1788



                Name                               Link     Load   Length Selector   Space Scale
/tmp/xcT2scOMX.obj
                end_init                             38       38        2        8       0
                reset_vec                             0        0        2        0       0
                config                             8007     8007        1    1000E       0
dist/default/debug/Master.X.debug.obj
                cinit                                3A       3A       18        8       0
                intentry                              4        4       34        8       0
                text29                              445      445       37      214       0
                text28                              5BE      5BE        E      214       0
                text26                              55B      55B       18      214       0
                text25                              5AE      5AE       10      214       0
                text24                              5F8      5F8        8      214       0
                text23                              588      588       14      214       0
                text22                              3C8      3C8       46      214       0
                text21                              59C      59C       12      214       0
                text20                              2E4      2E4       52      214       0
                text19                              47C      47C       36      214       0
                text18                              40E      40E       37      214       0
                text17                              4B2      4B2       2E      214       0
                text16                              5EF      5EF        9      214       0
                text15                              10A      10A       87      214       0
                text14                              606      606        2      214       0
                text13                              520      520       1E      214       0
                text12                              500      500       20      214       0
                text11                              204      204       73      214       0
                text10                              4E0      4E0       20      214       0
                text9                               573      573       15      214       0
                text8                               382      382       46      214       0
                text7                               5E4      5E4        B      214       0
                text6                               5D9      5D9        B      214       0
                text5                               191      191       73      214       0
                text4                               5CC      5CC        D      214       0
                text3                               277      277       6D      214       0
                text2                               608      608        1      214       0
                text1                               53E      53E       1D      214       0
                maintext                            336      336       4C      214       0
                cstackBANK0                          20       20       2E       20       1
                cstackCOMMON                         70       70        9       70       1
                clrtext                             600      600        6      214       0
                bssBANK1                             A0       A0       3E       A0       1
                bssBANK0                             4E       4E       18       20       1
                bssCOMMON                            79       79        5       70       1
                stringtext                           52       52       B8       A4       0

TOTAL           Name                               Link     Load   Length     Space
        CLASS   STACK          

        CLASS   CODE           
                end_init                             38       38        2         0
                cinit                                3A       3A       18         0
                intentry                              4        4       34         0
                reset_vec                             0        0        2         0
                text29                              445      445       37         0
                text28                              5BE      5BE        E         0
                text26                              55B      55B       18         0
                text25                              5AE      5AE       10         0
                text24                              5F8      5F8        8         0
                text23                              588      588       14         0
                text22                              3C8      3C8       46         0
                text21                              59C      59C       12         0
                text20                              2E4      2E4       52         0
                text19                              47C      47C       36         0
                text18                              40E      40E       37         0
                text17                              4B2      4B2       2E         0
                text16                              5EF      5EF        9         0
                text15                              10A      10A       87         0
                text14                              606      606        2         0
                text13                              520      520       1E         0
                text12                              500      500       20         0
                text11                              204      204       73         0
                text10                              4E0      4E0       20         0
                text9                               573      573       15         0
                text8                               382      382       46         0
                text7                               5E4      5E4        B         0
                text6                               5D9      5D9        B         0
                text5                               191      191       73         0
                text4                               5CC      5CC        D         0
                text3                               277      277       6D         0
                text2                               608      608        1         0
                text1                               53E      53E       1D         0
                maintext                            336      336       4C         0
                clrtext                             600      600        6         0

        CLASS   STRCODE        
                stringtext                           52       52       B8         0

        CLASS   STRING         

        CLASS   CONST          

        CLASS   ENTRY          

        CLASS   COMMON         
                cstackCOMMON                         70       70        9         1
                bssCOMMON                            79       79        5         1

        CLASS   BANK0          
                cstackBANK0                          20       20       2E         1
                bssBANK0                             4E       4E       18         1

        CLASS   BANK1          
                bssBANK1                             A0       A0       3E         1

        CLASS   BANK2          

        CLASS   BANK3          

        CLASS   BANK4          

        CLASS   BANK5          

        CLASS   BANK6          

        CLASS   BANK7          

        CLASS   BANK8          

        CLASS   BANK9          

        CLASS   BANK10         

        CLASS   BANK11         

        CLASS   BANK12         

        CLASS   BANK13         

        CLASS   BANK14         

        CLASS   BANK15         

        CLASS   BANK16         

        CLASS   BANK17         

        CLASS   BANK18         

        CLASS   BANK19         

        CLASS   BANK20         

        CLASS   BANK21         

        CLASS   BANK22         

        CLASS   BANK23         

        CLASS   BANK24         

        CLASS   BANK25         

        CLASS   BIGRAM         

        CLASS   RAM            

        CLASS   ABS1           
                abs_s1                               7E       7E        2         1

        CLASS   SFR0           

        CLASS   SFR1           

        CLASS   SFR2           

        CLASS   SFR3           

        CLASS   SFR4           

        CLASS   SFR5           

        CLASS   SFR6           

        CLASS   SFR7           

        CLASS   SFR8           

        CLASS   SFR9           

        CLASS   SFR10          

        CLASS   SFR11          

        CLASS   SFR12          

        CLASS   SFR13          

        CLASS   SFR14          

        CLASS   SFR15          

        CLASS   SFR16          

        CLASS   SFR17          

        CLASS   SFR18          

        CLASS   SFR19          

        CLASS   SFR20          

        CLASS   SFR21          

        CLASS   SFR22          

        CLASS   SFR23          

        CLASS   SFR24          

        CLASS   SFR25          

        CLASS   SFR26          

        CLASS   SFR27          

        CLASS   SFR28          

        CLASS   SFR29          

        CLASS   SFR30          

        CLASS   SFR31          

        CLASS   CONFIG         
                config                             8007     8007        1         0

        CLASS   IDLOC          

        CLASS   EEDATA         

        CLASS   BANK31         

        CLASS   BANK30         

        CLASS   BANK29         

        CLASS   BANK28         

        CLASS   BANK27         

        CLASS   BANK26         



SEGMENTS        Name                           Load    Length   Top    Selector   Space  Class     Delta

                reset_vec                      000000  000002  000002         0       0  CODE        2
                intentry                       000004  00004E  000052         8       0  CODE        2
                cstackBANK0                    000020  000046  000066        20       1  BANK0       1
                cstackCOMMON                   000070  00000E  00007E        70       1  COMMON      1
                bssBANK1                       0000A0  00003E  0000DE        A0       1  BANK1       1
                stringtext                     000052  0000B8  00010A        A4       0  STRCODE     2
                text15                         00010A  0004FF  000609       214       0  CODE        2
                config                         008007  000001  008008     1000E       0  CONFIG      2


UNUSED ADDRESS RANGES

        Name                Unused          Largest block    Delta
        BANK0            00066-0006F               A           1
        BANK1            000DE-000EF              12           1
        BANK10           00520-0056F              50           1
        BANK11           005A0-005EF              50           1
        BANK12           00620-0066F              50           1
        BANK13           006A0-006EF              50           1
        BANK14           00720-0076F              50           1
        BANK15           007A0-007EF              50           1
        BANK16           00820-0086F              50           1
        BANK17           008A0-008EF              50           1
        BANK18           00920-0096F              50           1
        BANK19           009A0-009EF              50           1
        BANK2            00120-0016F              50           1
        BANK20           00A20-00A6F              50           1
        BANK21           00AA0-00AEF              50           1
        BANK22           00B20-00B6F              50           1
        BANK23           00BA0-00BEF              50           1
        BANK24           00C20-00C6F              50           1
        BANK25           00CA0-00CBF              20           1
        BANK3            001A0-001EF              50           1
        BANK4            00220-0026F              50           1
        BANK5            002A0-002EF              50           1
        BANK6            00320-0036F              50           1
        BANK7            003A0-003EF              50           1
        BANK8            00420-0046F              50           1
        BANK9            004A0-004EF              50           1
        BIGRAM           02000-027EF             7F0           1
        CODE             00002-00003               2           2
                         00609-03FFF             800
        CONFIG           08008-08008               1           2
        CONST            00002-00003               2           2
                         00609-03FFF             100
        EEDATA           0F000-0F0FF             100           2
        ENTRY            00002-00003               2           2
                         00609-03FFF             100
        IDLOC            08000-08003               4           2
        RAM              00066-0006F               A           1
                         000DE-000EF              12
                         00120-0016F              50
                         001A0-001EF              50
                         00220-0026F              50
                         002A0-002EF              50
                         00320-0036F              50
                         003A0-003EF              50
                         00420-0046F              50
                         004A0-004EF              50
                         00520-0056F              50
                         005A0-005EF              50
                         00620-0066F              50
                         006A0-006EF              50
                         00720-0076F              50
                         007A0-007EF              50
                         00820-0086F              50
                         008A0-008EF              50
                         00920-0096F              50
                         009A0-009EF              50
                         00A20-00A6F              50
                         00AA0-00AEF              50
                         00B20-00B6F              50
                         00BA0-00BEF              50
                         00C20-00C6F              50
                         00CA0-00CBF              20
        SFR0             00000-0001F              20           1
        SFR1             00080-0009F              20           1
        SFR10            00500-0051F              20           1
        SFR11            00580-0059F              20           1
        SFR12            00600-0061F              20           1
        SFR13            00680-0069F              20           1
        SFR14            00700-0071F              20           1
        SFR15            00780-0079F              20           1
        SFR16            00800-0081F              20           1
        SFR17            00880-0089F              20           1
        SFR18            00900-0091F              20           1
        SFR19            00980-0099F              20           1
        SFR2             00100-0011F              20           1
        SFR20            00A00-00A1F              20           1
        SFR21            00A80-00A9F              20           1
        SFR22            00B00-00B1F              20           1
        SFR23            00B80-00B9F              20           1
        SFR24            00C00-00C1F              20           1
        SFR25            00C80-00C9F              20           1
        SFR26            00D00-00D6F              70           1
        SFR27            00D80-00DEF              70           1
        SFR28            00E00-00E6F              70           1
        SFR29            00E80-00EEF              70           1
        SFR3             00180-0019F              20           1
        SFR30            00F00-00F6F              70           1
        SFR31            00F80-00FEF              70           1
        SFR4             00200-0021F              20           1
        SFR5             00280-0029F              20           1
        SFR6             00300-0031F              20           1
        SFR7             00380-0039F              20           1
        SFR8             00400-0041F              20           1
        SFR9             00480-0049F              20           1
        STACK            0208E-027EF             762           1
        STRCODE          00002-00003               2           2
                         00609-03FFF            39F7
        STRING           00002-00003               2           2
                         00609-03FFF             100

                                  Symbol Table

?_RunSPI_Service                     cstackBANK0  00027
?_RunToggleService                   cstackBANK0  00027
?___awmod                            cstackBANK0  00020
?_printf                             cstackBANK0  00020
ES_CheckUserEvents@i                 cstackBANK0  00022
ES_DeQueue@NumLeft                   cstackBANK0  00032
ES_DeQueue@SaveCrit                  cstackBANK0  00031
ES_DeQueue@pBlock                    cstackBANK0  00033
ES_DeQueue@pReturnEvent              cstackBANK0  0002B
ES_DeQueue@pThisQueue                cstackBANK0  00034
ES_EnQueueFIFO@Event2Add             cstackBANK0  0002B
ES_EnQueueFIFO@SaveCrit              cstackBANK0  00032
ES_EnQueueFIFO@pBlock                cstackBANK0  00033
ES_EnQueueFIFO@pThisQueue            cstackBANK0  00034
ES_GetMSBitSet@LoopCntr              cstackBANK0  00028
ES_GetMSBitSet@Nybble2Test           cstackBANK0  00027
ES_GetMSBitSet@ReturnVal             cstackBANK0  00026
ES_GetMSBitSet@Val2Check             cstackBANK0  00020
ES_InitQueue@BlockSize               cstackBANK0  00020
ES_InitQueue@pBlock                  cstackBANK0  00022
ES_InitQueue@pThisQueue              cstackBANK0  00023
ES_Initialize@NewRate                cstackBANK0  00042
ES_Initialize@i                      cstackBANK0  0004B
ES_PostToService@TheEvent            cstackBANK0  00035
ES_PostToService@WhichService        cstackBANK0  0003C
ES_Run@HighestPrior                  cstackBANK0  00048
ES_Run@ThisEvent                     bssBANK0     00063
ES_Timer_Init@Rate                   cstackBANK0  00022
ES_Timer_InitTimer@NewTime           cstackBANK0  00020
ES_Timer_InitTimer@Num               cstackBANK0  00026
ES_Timer_Tick_Resp@NeedsProcessing   bssBANK0     00051
ES_Timer_Tick_Resp@NewEvent          bssBANK0     0004E
ES_Timer_Tick_Resp@NextTimer2Process bssBANK0     0005F
ISR@LastTime                         bssBANK0     00053
ISR@NextTime                         bssBANK0     00055
InitSPI_Service@Priority             cstackBANK0  0003D
InitToggleService@Priority           cstackBANK0  0003D
InitToggleService@ThisEvent          cstackBANK0  0003F
PostSPI_Service@ThisEvent            cstackBANK0  0003D
PostToggleService@ThisEvent          cstackBANK0  0003D
RunSPI_Service@ReturnEvent           cstackBANK0  0002A
RunSPI_Service@ThisEvent             cstackBANK0  00027
RunToggleService@ReturnEvent         cstackBANK0  0002A
RunToggleService@ThisEvent           cstackBANK0  00027
SPI_Service@MyPriority               bssBANK0     00060
TemplateService@MyPriority           bssCOMMON    00079
ToggleService@MyPriority             bssBANK0     00061
_ANSELA                              (abs)        0018C
_ANSELC                              (abs)        0018E
_BF                                  (abs)        010A0
_BitNum2SetMask                      stringtext   00052
_CCP1CON                             (abs)        00293
_CCP1IF                              (abs)        0008A
_CCPR1H                              (abs)        00292
_CCPR1L                              (abs)        00291
_Check4Keystroke                     text14       00606
_CurrentState                        bssCOMMON    0007B
_DistList00                          stringtext   000AF
_EOTResponse                         text28       005BE
_ES_CheckUserEvents                  text13       00520
_ES_DeQueue                          text11       00204
_ES_EnQueueFIFO                      text20       002E4
_ES_EventList                        stringtext   000AD
_ES_GetMSBitSet                      text8        00382
_ES_InitQueue                        text26       0055B
_ES_Initialize                       text15       0010A
_ES_PostToService                    text19       0047C
_ES_Run                              text3        00277
_ES_Timer_Init                       text24       005F8
_ES_Timer_InitTimer                  text18       0040E
_ES_Timer_Tick_Resp                  text5        00191
_EventQueues                         stringtext   000A9
_GIE                                 (abs)        0005F
_INTCON                              (abs)        0000B
_IRCF0                               (abs)        004CB
_IRCF1                               (abs)        004CC
_IRCF2                               (abs)        004CD
_IRCF3                               (abs)        004CE
_ISR                                 intentry     00004
_InitSPI                             text23       00588
_InitSPI_Service                     text16       005EF
_InitToggleService                   text17       004B2
_LATA                                (abs)        0010C
_LATC                                (abs)        0010E
_MyPriority                          bssCOMMON    0007C
_Nybble2MSBitNum                     stringtext   00092
_PIE1                                (abs)        00091
_PORTA                               (abs)        0000C
_PORTC                               (abs)        0000E
_PostSPI_Service                     text6        005D9
_PostToggleService                   text7        005E4
_Queue0                              bssBANK1     000C0
_Queue1                              bssBANK1     000D2
_RA0                                 (abs)        00060
_RA1                                 (abs)        00061
_Ready                               bssBANK0     00057
_RunSPI_Service                      text9        00573
_RunToggleService                    text10       004E0
_SSPADD                              (abs)        00212
_SSPBUF                              (abs)        00211
_SSPCON1                             (abs)        00215
_SSPIE                               (abs)        0048B
_SSPIF                               (abs)        0008B
_SSPSTAT                             (abs)        00214
_ServDescList                        stringtext   000A1
_SysTickCounter                      bssBANK0     00059
_T1CON                               (abs)        00018
_TMR_ActiveFlags                     bssBANK0     0005B
_TMR_TimerArray                      bssBANK1     000A0
_TRISA                               (abs)        0008C
_TRISC                               (abs)        0008E
_TickCount                           bssBANK0     00062
_Timer2PostFunc                      stringtext   00072
__CFG_BOREN$ON                       (abs)        00000
__CFG_FOSC$INTOSC                    (abs)        00000
__CFG_MCLRE$ON                       (abs)        00000
__CFG_PWRTE$OFF                      (abs)        00000
__CFG_WDTE$OFF                       (abs)        00000
__HW_Process_Pending_Ints            text4        005CC
__HW_Timer_Init                      text25       005AE
__HW_Timer_Init@Rate                 cstackBANK0  00020
__Habs1                              abs1         00000
__Hbank0                             bank0        00000
__Hbank1                             bank1        00000
__Hbank10                            bank10       00000
__Hbank11                            bank11       00000
__Hbank12                            bank12       00000
__Hbank13                            bank13       00000
__Hbank14                            bank14       00000
__Hbank15                            bank15       00000
__Hbank16                            bank16       00000
__Hbank17                            bank17       00000
__Hbank18                            bank18       00000
__Hbank19                            bank19       00000
__Hbank2                             bank2        00000
__Hbank20                            bank20       00000
__Hbank21                            bank21       00000
__Hbank22                            bank22       00000
__Hbank23                            bank23       00000
__Hbank24                            bank24       00000
__Hbank25                            bank25       00000
__Hbank26                            bank26       00000
__Hbank27                            bank27       00000
__Hbank28                            bank28       00000
__Hbank29                            bank29       00000
__Hbank3                             bank3        00000
__Hbank30                            bank30       00000
__Hbank31                            bank31       00000
__Hbank4                             bank4        00000
__Hbank5                             bank5        00000
__Hbank6                             bank6        00000
__Hbank7                             bank7        00000
__Hbank8                             bank8        00000
__Hbank9                             bank9        00000
__Hbigram                            bigram       00000
__HbssBANK0                          bssBANK0     00000
__HbssBANK1                          bssBANK1     00000
__HbssCOMMON                         bssCOMMON    00000
__Hcinit                             cinit        00052
__Hclrtext                           clrtext      00000
__Hcode                              code         00000
__Hcommon                            common       00000
__Hconfig                            config       08008
__HcstackBANK0                       cstackBANK0  00000
__HcstackCOMMON                      cstackCOMMON 00000
__Heeprom_data                       eeprom_data  00000
__Hend_init                          end_init     0003A
__Hfunctab                           functab      00000
__Hidloc                             idloc        00000
__Hinit                              init         00038
__Hintentry                          intentry     00038
__Hmaintext                          maintext     00000
__Hpowerup                           powerup      00000
__Hram                               ram          00000
__Hreset_vec                         reset_vec    00002
__Hsfr0                              sfr0         00000
__Hsfr1                              sfr1         00000
__Hsfr10                             sfr10        00000
__Hsfr11                             sfr11        00000
__Hsfr12                             sfr12        00000
__Hsfr13                             sfr13        00000
__Hsfr14                             sfr14        00000
__Hsfr15                             sfr15        00000
__Hsfr16                             sfr16        00000
__Hsfr17                             sfr17        00000
__Hsfr18                             sfr18        00000
__Hsfr19                             sfr19        00000
__Hsfr2                              sfr2         00000
__Hsfr20                             sfr20        00000
__Hsfr21                             sfr21        00000
__Hsfr22                             sfr22        00000
__Hsfr23                             sfr23        00000
__Hsfr24                             sfr24        00000
__Hsfr25                             sfr25        00000
__Hsfr26                             sfr26        00000
__Hsfr27                             sfr27        00000
__Hsfr28                             sfr28        00000
__Hsfr29                             sfr29        00000
__Hsfr3                              sfr3         00000
__Hsfr30                             sfr30        00000
__Hsfr31                             sfr31        00000
__Hsfr4                              sfr4         00000
__Hsfr5                              sfr5         00000
__Hsfr6                              sfr6         00000
__Hsfr7                              sfr7         00000
__Hsfr8                              sfr8         00000
__Hsfr9                              sfr9         00000
__Hspace_0                           (abs)        08008
__Hspace_1                           (abs)        000DE
__Hspace_2                           (abs)        00000
__Hspace_3                           (abs)        00000
__Hstack                             stack        00000
__Hstrings                           strings      00000
__Hstringtext                        stringtext   00000
__Htext                              text         00000
__Labs1                              abs1         00000
__Lbank0                             bank0        00000
__Lbank1                             bank1        00000
__Lbank10                            bank10       00000
__Lbank11                            bank11       00000
__Lbank12                            bank12       00000
__Lbank13                            bank13       00000
__Lbank14                            bank14       00000
__Lbank15                            bank15       00000
__Lbank16                            bank16       00000
__Lbank17                            bank17       00000
__Lbank18                            bank18       00000
__Lbank19                            bank19       00000
__Lbank2                             bank2        00000
__Lbank20                            bank20       00000
__Lbank21                            bank21       00000
__Lbank22                            bank22       00000
__Lbank23                            bank23       00000
__Lbank24                            bank24       00000
__Lbank25                            bank25       00000
__Lbank26                            bank26       00000
__Lbank27                            bank27       00000
__Lbank28                            bank28       00000
__Lbank29                            bank29       00000
__Lbank3                             bank3        00000
__Lbank30                            bank30       00000
__Lbank31                            bank31       00000
__Lbank4                             bank4        00000
__Lbank5                             bank5        00000
__Lbank6                             bank6        00000
__Lbank7                             bank7        00000
__Lbank8                             bank8        00000
__Lbank9                             bank9        00000
__Lbigram                            bigram       00000
__LbssBANK0                          bssBANK0     00000
__LbssBANK1                          bssBANK1     00000
__LbssCOMMON                         bssCOMMON    00000
__Lcinit                             cinit        0003A
__Lclrtext                           clrtext      00000
__Lcode                              code         00000
__Lcommon                            common       00000
__Lconfig                            config       08007
__LcstackBANK0                       cstackBANK0  00000
__LcstackCOMMON                      cstackCOMMON 00000
__Leeprom_data                       eeprom_data  00000
__Lend_init                          end_init     00038
__Lfunctab                           functab      00000
__Lidloc                             idloc        00000
__Linit                              init         00038
__Lintentry                          intentry     00004
__Lmaintext                          maintext     00000
__Lpowerup                           powerup      00000
__Lram                               ram          00000
__Lreset_vec                         reset_vec    00000
__Lsfr0                              sfr0         00000
__Lsfr1                              sfr1         00000
__Lsfr10                             sfr10        00000
__Lsfr11                             sfr11        00000
__Lsfr12                             sfr12        00000
__Lsfr13                             sfr13        00000
__Lsfr14                             sfr14        00000
__Lsfr15                             sfr15        00000
__Lsfr16                             sfr16        00000
__Lsfr17                             sfr17        00000
__Lsfr18                             sfr18        00000
__Lsfr19                             sfr19        00000
__Lsfr2                              sfr2         00000
__Lsfr20                             sfr20        00000
__Lsfr21                             sfr21        00000
__Lsfr22                             sfr22        00000
__Lsfr23                             sfr23        00000
__Lsfr24                             sfr24        00000
__Lsfr25                             sfr25        00000
__Lsfr26                             sfr26        00000
__Lsfr27                             sfr27        00000
__Lsfr28                             sfr28        00000
__Lsfr29                             sfr29        00000
__Lsfr3                              sfr3         00000
__Lsfr30                             sfr30        00000
__Lsfr31                             sfr31        00000
__Lsfr4                              sfr4         00000
__Lsfr5                              sfr5         00000
__Lsfr6                              sfr6         00000
__Lsfr7                              sfr7         00000
__Lsfr8                              sfr8         00000
__Lsfr9                              sfr9         00000
__Lspace_0                           (abs)        00000
__Lspace_1                           (abs)        00000
__Lspace_2                           (abs)        00000
__Lspace_3                           (abs)        00000
__Lstack                             stack        00000
__Lstrings                           strings      00000
__Lstringtext                        stringtext   00000
__Ltext                              text         00000
__S0                                 (abs)        08008
__S1                                 (abs)        000DE
__S2                                 (abs)        00000
__S3                                 (abs)        00000
___awmod                             text22       003C8
___awmod@counter                     cstackBANK0  00025
___awmod@dividend                    cstackBANK0  00022
___awmod@divisor                     cstackBANK0  00020
___awmod@sign                        cstackBANK0  00026
___bmul                              text21       0059C
___bmul@multiplicand                 cstackBANK0  00027
___bmul@multiplier                   cstackBANK0  0002A
___bmul@product                      cstackBANK0  00029
___int_sp                            stack        00000
___latbits                           (abs)        00003
___lbmod                             text12       00500
___lbmod@counter                     cstackBANK0  00024
___lbmod@dividend                    cstackBANK0  00023
___lbmod@divisor                     cstackBANK0  00020
___lbmod@rem                         cstackBANK0  00025
___sp                                stack        00000
__end_of_BitNum2SetMask              stringtext   00072
__end_of_Check4Keystroke             text14       00608
__end_of_DistList00                  stringtext   000B1
__end_of_EOTResponse                 text28       005CC
__end_of_ES_CheckUserEvents          text13       0053E
__end_of_ES_DeQueue                  text11       00277
__end_of_ES_EnQueueFIFO              text20       00336
__end_of_ES_EventList                stringtext   000AF
__end_of_ES_GetMSBitSet              text8        003C8
__end_of_ES_InitQueue                text26       00573
__end_of_ES_Initialize               text15       00191
__end_of_ES_PostToService            text19       004B2
__end_of_ES_Run                      text3        002E4
__end_of_ES_Timer_Init               text24       00600
__end_of_ES_Timer_InitTimer          text18       00445
__end_of_ES_Timer_Tick_Resp          text5        00204
__end_of_EventQueues                 stringtext   000AD
__end_of_ISR                         intentry     00038
__end_of_InitSPI                     text23       0059C
__end_of_InitSPI_Service             text16       005F8
__end_of_InitToggleService           text17       004E0
__end_of_Nybble2MSBitNum             stringtext   000A1
__end_of_PostSPI_Service             text6        005E4
__end_of_PostToggleService           text7        005EF
__end_of_RunSPI_Service              text9        00588
__end_of_RunToggleService            text10       00500
__end_of_ServDescList                stringtext   000A9
__end_of_Timer2PostFunc              stringtext   00092
__end_of__HW_Process_Pending_Ints    text4        005D9
__end_of__HW_Timer_Init              text25       005BE
__end_of___awmod                     text22       0040E
__end_of___bmul                      text21       005AE
__end_of___lbmod                     text12       00520
__end_of__initialization             cinit        0004E
__end_of_main                        maintext     00382
__end_of_printf                      text1        0055B
__end_of_putch                       text2        00609
__end_ofi1_ES_Timer_InitTimer        text29       0047C
__initialization                     cinit        0003A
__pbssBANK0                          bssBANK0     0004E
__pbssBANK1                          bssBANK1     000A0
__pbssCOMMON                         bssCOMMON    00079
__pcstackBANK0                       cstackBANK0  00020
__pcstackCOMMON                      cstackCOMMON 00070
__pintentry                          intentry     00004
__pmaintext                          maintext     00336
__pstringtext                        stringtext   00052
__ptext1                             text1        0053E
__ptext10                            text10       004E0
__ptext11                            text11       00204
__ptext12                            text12       00500
__ptext13                            text13       00520
__ptext14                            text14       00606
__ptext15                            text15       0010A
__ptext16                            text16       005EF
__ptext17                            text17       004B2
__ptext18                            text18       0040E
__ptext19                            text19       0047C
__ptext2                             text2        00608
__ptext20                            text20       002E4
__ptext21                            text21       0059C
__ptext22                            text22       003C8
__ptext23                            text23       00588
__ptext24                            text24       005F8
__ptext25                            text25       005AE
__ptext26                            text26       0055B
__ptext28                            text28       005BE
__ptext29                            text29       00445
__ptext3                             text3        00277
__ptext4                             text4        005CC
__ptext5                             text5        00191
__ptext6                             text6        005D9
__ptext7                             text7        005E4
__ptext8                             text8        00382
__ptext9                             text9        00573
__size_of_Check4Keystroke            (abs)        00000
__size_of_EOTResponse                (abs)        00000
__size_of_ES_CheckUserEvents         (abs)        00000
__size_of_ES_DeQueue                 (abs)        00000
__size_of_ES_EnQueueFIFO             (abs)        00000
__size_of_ES_GetMSBitSet             (abs)        00000
__size_of_ES_InitQueue               (abs)        00000
__size_of_ES_Initialize              (abs)        00000
__size_of_ES_PostToService           (abs)        00000
__size_of_ES_Run                     (abs)        00000
__size_of_ES_Timer_Init              (abs)        00000
__size_of_ES_Timer_InitTimer         (abs)        00000
__size_of_ES_Timer_Tick_Resp         (abs)        00000
__size_of_ISR                        (abs)        00000
__size_of_InitSPI                    (abs)        00000
__size_of_InitSPI_Service            (abs)        00000
__size_of_InitToggleService          (abs)        00000
__size_of_PostSPI_Service            (abs)        00000
__size_of_PostToggleService          (abs)        00000
__size_of_RunSPI_Service             (abs)        00000
__size_of_RunToggleService           (abs)        00000
__size_of__HW_Process_Pending_Ints   (abs)        00000
__size_of__HW_Timer_Init             (abs)        00000
__size_of___awmod                    (abs)        00000
__size_of___bmul                     (abs)        00000
__size_of___lbmod                    (abs)        00000
__size_of_main                       (abs)        00000
__size_of_printf                     (abs)        00000
__size_of_putch                      (abs)        00000
__size_ofi1_ES_Timer_InitTimer       (abs)        00000
_main                                maintext     00336
_printf                              text1        0053E
_putch                               text2        00608
btemp                                (abs)        0007E
clear_ram0                           clrtext      00600
end_of_initialization                cinit        0004E
i1ES_Timer_InitTimer@NewTime         cstackCOMMON 00070
i1ES_Timer_InitTimer@Num             cstackCOMMON 00076
i1_ES_Timer_InitTimer                text29       00445
int$flags                            (abs)        0007E
intlevel0                            functab      00000
intlevel1                            functab      00000
intlevel2                            functab      00000
intlevel3                            functab      00000
intlevel4                            functab      00000
intlevel5                            functab      00000
ltemp                                (abs)        0007E
ltemp0                               (abs)        0007E
ltemp1                               (abs)        00082
ltemp2                               (abs)        00086
ltemp3                               (abs)        00080
main@ErrorType                       cstackBANK0  0004D
printf@ap                            cstackBANK0  00025
printf@c                             cstackBANK0  00026
printf@f                             cstackBANK0  00020
reset_vec                            reset_vec    00000
stackhi                              (abs)        027EF
stacklo                              (abs)        0208E
start                                init         00038
start_initialization                 cinit        0003A
ttemp                                (abs)        0007E
ttemp0                               (abs)        0007E
ttemp1                               (abs)        00081
ttemp2                               (abs)        00084
ttemp3                               (abs)        00087
ttemp4                               (abs)        0007F
wtemp                                (abs)        0007E
wtemp0                               (abs)        0007E
wtemp1                               (abs)        00080
wtemp2                               (abs)        00082
wtemp3                               (abs)        00084
wtemp4                               (abs)        00086
wtemp5                               (abs)        00088
wtemp6                               (abs)        0007F


FUNCTION INFORMATION:

 *************** function _main *****************
 Defined at:
		line 24 in file "main.c"
 Parameters:    Size  Location     Type
		None
 Auto vars:     Size  Location     Type
  ErrorType       1   45[BANK0 ] enum E8473
 Return value:  Size  Location     Type
                  2  341[None  ] int 
 Registers used:
		wreg, fsr0l, fsr0h, fsr1l, fsr1h, status,2, status,0, pclath, cstack
 Tracked objects:
		On entry : 
		On exit  : 
		Unchanged: 
 Data sizes:     COMMON   BANK0   BANK1   BANK2   BANK3   BANK4   BANK5   BANK6   BANK7   BANK8   BANK9  BANK10  BANK11  BANK12  BANK13  BANK14  BANK15  BANK16  BANK17  BANK18  BANK19  BANK20  BANK21  BANK22  BANK23  BANK24  BANK25
      Params:         0       0       0       0       0       0       0       0       0       0       0       0       0       0       0       0       0       0       0       0       0       0       0       0       0       0       0
      Locals:         0       1       0       0       0       0       0       0       0       0       0       0       0       0       0       0       0       0       0       0       0       0       0       0       0       0       0
      Temps:          0       1       0       0       0       0       0       0       0       0       0       0       0       0       0       0       0       0       0       0       0       0       0       0       0       0       0
      Totals:         0       2       0       0       0       0       0       0       0       0       0       0       0       0       0       0       0       0       0       0       0       0       0       0       0       0       0
Total ram usage:        2 bytes
 Hardware stack levels required when called:   10
 This function calls:
		_ES_Initialize
		_ES_Run
		_printf
 This function is called by:
		Startup code after reset
 This function uses a non-reentrant model


 *************** function _printf *****************
 Defined at:
		line 464 in file "/Applications/microchip/xc8/v1.38/sources/common/doprnt.c"
 Parameters:    Size  Location     Type
  f               2    0[BANK0 ] PTR const unsigned char 
		 -> STR_4(15), STR_3(23), STR_2(24), STR_1(27), 
 Auto vars:     Size  Location     Type
  tmpval          4    0        struct .
  cp              2    0        PTR const unsigned char 
  len             2    0        unsigned int 
  val             2    0        unsigned int 
  c               1    6[BANK0 ] char 
  ap              1    5[BANK0 ] PTR void [1]
		 -> ?_printf(2), 
  flag            1    0        unsigned char 
  prec            1    0        char 
 Return value:  Size  Location     Type
                  2    0[BANK0 ] int 
 Registers used:
		wreg, fsr0l, fsr0h, status,2, status,0, pclath, cstack
 Tracked objects:
		On entry : 
		On exit  : 
		Unchanged: 
 Data sizes:     COMMON   BANK0   BANK1   BANK2   BANK3   BANK4   BANK5   BANK6   BANK7   BANK8   BANK9  BANK10  BANK11  BANK12  BANK13  BANK14  BANK15  BANK16  BANK17  BANK18  BANK19  BANK20  BANK21  BANK22  BANK23  BANK24  BANK25
      Params:         0       2       0       0       0       0       0       0       0       0       0       0       0       0       0       0       0       0       0       0       0       0       0       0       0       0       0
      Locals:         0       2       0       0       0       0       0       0       0       0       0       0       0       0       0       0       0       0       0       0       0       0       0       0       0       0       0
      Temps:          0       3       0       0       0       0       0       0       0       0       0       0       0       0       0       0       0       0       0       0       0       0       0       0       0       0       0
      Totals:         0       7       0       0       0       0       0       0       0       0       0       0       0       0       0       0       0       0       0       0       0       0       0       0       0       0       0
Total ram usage:        7 bytes
 Hardware stack levels used:    1
 Hardware stack levels required when called:    4
 This function calls:
		_putch
 This function is called by:
		_main
 This function uses a non-reentrant model


 *************** function _putch *****************
 Defined at:
		line 7 in file "/Applications/microchip/xc8/v1.38/sources/common/putch.c"
 Parameters:    Size  Location     Type
  c               1    wreg     unsigned char 
 Auto vars:     Size  Location     Type
  c               1    0[COMMON] unsigned char 
 Return value:  Size  Location     Type
                  1    wreg      void 
 Registers used:
		wreg
 Tracked objects:
		On entry : 
		On exit  : 
		Unchanged: 
 Data sizes:     COMMON   BANK0   BANK1   BANK2   BANK3   BANK4   BANK5   BANK6   BANK7   BANK8   BANK9  BANK10  BANK11  BANK12  BANK13  BANK14  BANK15  BANK16  BANK17  BANK18  BANK19  BANK20  BANK21  BANK22  BANK23  BANK24  BANK25
      Params:         0       0       0       0       0       0       0       0       0       0       0       0       0       0       0       0       0       0       0       0       0       0       0       0       0       0       0
      Locals:         0       0       0       0       0       0       0       0       0       0       0       0       0       0       0       0       0       0       0       0       0       0       0       0       0       0       0
      Temps:          0       0       0       0       0       0       0       0       0       0       0       0       0       0       0       0       0       0       0       0       0       0       0       0       0       0       0
      Totals:         0       0       0       0       0       0       0       0       0       0       0       0       0       0       0       0       0       0       0       0       0       0       0       0       0       0       0
Total ram usage:        0 bytes
 Hardware stack levels used:    1
 Hardware stack levels required when called:    3
 This function calls:
		Nothing
 This function is called by:
		_printf
 This function uses a non-reentrant model


 *************** function _ES_Run *****************
 Defined at:
		line 277 in file "ES_Framework.c"
 Parameters:    Size  Location     Type
		None
 Auto vars:     Size  Location     Type
  HighestPrior    1   40[BANK0 ] unsigned char 
 Return value:  Size  Location     Type
                  1    wreg      enum E1983
 Registers used:
		wreg, fsr0l, fsr0h, fsr1l, fsr1h, status,2, status,0, pclath, cstack
 Tracked objects:
		On entry : 
		On exit  : 
		Unchanged: 
 Data sizes:     COMMON   BANK0   BANK1   BANK2   BANK3   BANK4   BANK5   BANK6   BANK7   BANK8   BANK9  BANK10  BANK11  BANK12  BANK13  BANK14  BANK15  BANK16  BANK17  BANK18  BANK19  BANK20  BANK21  BANK22  BANK23  BANK24  BANK25
      Params:         0       0       0       0       0       0       0       0       0       0       0       0       0       0       0       0       0       0       0       0       0       0       0       0       0       0       0
      Locals:         0       1       0       0       0       0       0       0       0       0       0       0       0       0       0       0       0       0       0       0       0       0       0       0       0       0       0
      Temps:          0       4       0       0       0       0       0       0       0       0       0       0       0       0       0       0       0       0       0       0       0       0       0       0       0       0       0
      Totals:         0       5       0       0       0       0       0       0       0       0       0       0       0       0       0       0       0       0       0       0       0       0       0       0       0       0       0
Total ram usage:        5 bytes
 Hardware stack levels used:    1
 Hardware stack levels required when called:    9
 This function calls:
		_ES_CheckUserEvents
		_ES_DeQueue
		_ES_GetMSBitSet
		_RunSPI_Service
		_RunToggleService
		__HW_Process_Pending_Ints
 This function is called by:
		_main
 This function uses a non-reentrant model


 *************** function __HW_Process_Pending_Ints *****************
 Defined at:
		line 212 in file "ES_Port.c"
 Parameters:    Size  Location     Type
		None
 Auto vars:     Size  Location     Type
		None
 Return value:  Size  Location     Type
                  1    wreg      unsigned char 
 Registers used:
		wreg, fsr0l, fsr0h, fsr1l, fsr1h, status,2, status,0, pclath, cstack
 Tracked objects:
		On entry : 
		On exit  : 
		Unchanged: 
 Data sizes:     COMMON   BANK0   BANK1   BANK2   BANK3   BANK4   BANK5   BANK6   BANK7   BANK8   BANK9  BANK10  BANK11  BANK12  BANK13  BANK14  BANK15  BANK16  BANK17  BANK18  BANK19  BANK20  BANK21  BANK22  BANK23  BANK24  BANK25
      Params:         0       0       0       0       0       0       0       0       0       0       0       0       0       0       0       0       0       0       0       0       0       0       0       0       0       0       0
      Locals:         0       0       0       0       0       0       0       0       0       0       0       0       0       0       0       0       0       0       0       0       0       0       0       0       0       0       0
      Temps:          0       0       0       0       0       0       0       0       0       0       0       0       0       0       0       0       0       0       0       0       0       0       0       0       0       0       0
      Totals:         0       0       0       0       0       0       0       0       0       0       0       0       0       0       0       0       0       0       0       0       0       0       0       0       0       0       0
Total ram usage:        0 bytes
 Hardware stack levels used:    1
 Hardware stack levels required when called:    8
 This function calls:
		_ES_Timer_Tick_Resp
 This function is called by:
		_ES_Run
 This function uses a non-reentrant model


 *************** function _ES_Timer_Tick_Resp *****************
 Defined at:
		line 284 in file "ES_Timers.c"
 Parameters:    Size  Location     Type
		None
 Auto vars:     Size  Location     Type
		None
 Return value:  Size  Location     Type
                  1    wreg      void 
 Registers used:
		wreg, fsr0l, fsr0h, fsr1l, fsr1h, status,2, status,0, pclath, cstack
 Tracked objects:
		On entry : 
		On exit  : 
		Unchanged: 
 Data sizes:     COMMON   BANK0   BANK1   BANK2   BANK3   BANK4   BANK5   BANK6   BANK7   BANK8   BANK9  BANK10  BANK11  BANK12  BANK13  BANK14  BANK15  BANK16  BANK17  BANK18  BANK19  BANK20  BANK21  BANK22  BANK23  BANK24  BANK25
      Params:         0       0       0       0       0       0       0       0       0       0       0       0       0       0       0       0       0       0       0       0       0       0       0       0       0       0       0
      Locals:         0       0       0       0       0       0       0       0       0       0       0       0       0       0       0       0       0       0       0       0       0       0       0       0       0       0       0
      Temps:          0       4       0       0       0       0       0       0       0       0       0       0       0       0       0       0       0       0       0       0       0       0       0       0       0       0       0
      Totals:         0       4       0       0       0       0       0       0       0       0       0       0       0       0       0       0       0       0       0       0       0       0       0       0       0       0       0
Total ram usage:        4 bytes
 Hardware stack levels used:    1
 Hardware stack levels required when called:    7
 This function calls:
		Absolute function
		_ES_GetMSBitSet
		_PostSPI_Service
		_PostToggleService
 This function is called by:
		__HW_Process_Pending_Ints
 This function uses a non-reentrant model


 *************** function _PostSPI_Service *****************
 Defined at:
		line 68 in file "SPI_Service.c"
 Parameters:    Size  Location     Type
  ThisEvent       3   29[BANK0 ] struct ES_Event_t
 Auto vars:     Size  Location     Type
		None
 Return value:  Size  Location     Type
                  1    wreg      unsigned char 
 Registers used:
		wreg, fsr0l, fsr0h, fsr1l, fsr1h, status,2, status,0, pclath, cstack
 Tracked objects:
		On entry : 
		On exit  : 
		Unchanged: 
 Data sizes:     COMMON   BANK0   BANK1   BANK2   BANK3   BANK4   BANK5   BANK6   BANK7   BANK8   BANK9  BANK10  BANK11  BANK12  BANK13  BANK14  BANK15  BANK16  BANK17  BANK18  BANK19  BANK20  BANK21  BANK22  BANK23  BANK24  BANK25
      Params:         0       3       0       0       0       0       0       0       0       0       0       0       0       0       0       0       0       0       0       0       0       0       0       0       0       0       0
      Locals:         0       0       0       0       0       0       0       0       0       0       0       0       0       0       0       0       0       0       0       0       0       0       0       0       0       0       0
      Temps:          0       0       0       0       0       0       0       0       0       0       0       0       0       0       0       0       0       0       0       0       0       0       0       0       0       0       0
      Totals:         0       3       0       0       0       0       0       0       0       0       0       0       0       0       0       0       0       0       0       0       0       0       0       0       0       0       0
Total ram usage:        3 bytes
 Hardware stack levels used:    1
 Hardware stack levels required when called:    6
 This function calls:
		_ES_PostToService
 This function is called by:
		_ES_Timer_Tick_Resp
 This function uses a non-reentrant model


 *************** function _PostToggleService *****************
 Defined at:
		line 106 in file "ToggleService.c"
 Parameters:    Size  Location     Type
  ThisEvent       3   29[BANK0 ] struct ES_Event_t
 Auto vars:     Size  Location     Type
		None
 Return value:  Size  Location     Type
                  1    wreg      unsigned char 
 Registers used:
		wreg, fsr0l, fsr0h, fsr1l, fsr1h, status,2, status,0, pclath, cstack
 Tracked objects:
		On entry : 
		On exit  : 
		Unchanged: 
 Data sizes:     COMMON   BANK0   BANK1   BANK2   BANK3   BANK4   BANK5   BANK6   BANK7   BANK8   BANK9  BANK10  BANK11  BANK12  BANK13  BANK14  BANK15  BANK16  BANK17  BANK18  BANK19  BANK20  BANK21  BANK22  BANK23  BANK24  BANK25
      Params:         0       3       0       0       0       0       0       0       0       0       0       0       0       0       0       0       0       0       0       0       0       0       0       0       0       0       0
      Locals:         0       0       0       0       0       0       0       0       0       0       0       0       0       0       0       0       0       0       0       0       0       0       0       0       0       0       0
      Temps:          0       0       0       0       0       0       0       0       0       0       0       0       0       0       0       0       0       0       0       0       0       0       0       0       0       0       0
      Totals:         0       3       0       0       0       0       0       0       0       0       0       0       0       0       0       0       0       0       0       0       0       0       0       0       0       0       0
Total ram usage:        3 bytes
 Hardware stack levels used:    1
 Hardware stack levels required when called:    6
 This function calls:
		_ES_PostToService
 This function is called by:
		_ES_Timer_Tick_Resp
		_PostToList
 This function uses a non-reentrant model


 *************** function _ES_GetMSBitSet *****************
 Defined at:
		line 79 in file "ES_LookupTables.c"
 Parameters:    Size  Location     Type
  Val2Check       2    0[BANK0 ] unsigned int 
 Auto vars:     Size  Location     Type
  LoopCntr        1    8[BANK0 ] char 
  Nybble2Test     1    7[BANK0 ] unsigned char 
  ReturnVal       1    6[BANK0 ] unsigned char 
 Return value:  Size  Location     Type
                  1    wreg      unsigned char 
 Registers used:
		wreg, fsr0l, fsr0h, status,2, status,0, pclath
 Tracked objects:
		On entry : 
		On exit  : 
		Unchanged: 
 Data sizes:     COMMON   BANK0   BANK1   BANK2   BANK3   BANK4   BANK5   BANK6   BANK7   BANK8   BANK9  BANK10  BANK11  BANK12  BANK13  BANK14  BANK15  BANK16  BANK17  BANK18  BANK19  BANK20  BANK21  BANK22  BANK23  BANK24  BANK25
      Params:         0       2       0       0       0       0       0       0       0       0       0       0       0       0       0       0       0       0       0       0       0       0       0       0       0       0       0
      Locals:         0       3       0       0       0       0       0       0       0       0       0       0       0       0       0       0       0       0       0       0       0       0       0       0       0       0       0
      Temps:          0       4       0       0       0       0       0       0       0       0       0       0       0       0       0       0       0       0       0       0       0       0       0       0       0       0       0
      Totals:         0       9       0       0       0       0       0       0       0       0       0       0       0       0       0       0       0       0       0       0       0       0       0       0       0       0       0
Total ram usage:        9 bytes
 Hardware stack levels used:    1
 Hardware stack levels required when called:    3
 This function calls:
		Nothing
 This function is called by:
		_ES_Run
		_ES_Timer_Tick_Resp
 This function uses a non-reentrant model


 *************** function _RunSPI_Service *****************
 Defined at:
		line 84 in file "SPI_Service.c"
 Parameters:    Size  Location     Type
  ThisEvent       3    7[BANK0 ] struct ES_Event_t
 Auto vars:     Size  Location     Type
  ReturnEvent     3   10[BANK0 ] struct ES_Event_t
 Return value:  Size  Location     Type
                  3    7[BANK0 ] struct ES_Event_t
 Registers used:
		wreg, status,2, status,0
 Tracked objects:
		On entry : 
		On exit  : 
		Unchanged: 
 Data sizes:     COMMON   BANK0   BANK1   BANK2   BANK3   BANK4   BANK5   BANK6   BANK7   BANK8   BANK9  BANK10  BANK11  BANK12  BANK13  BANK14  BANK15  BANK16  BANK17  BANK18  BANK19  BANK20  BANK21  BANK22  BANK23  BANK24  BANK25
      Params:         0       3       0       0       0       0       0       0       0       0       0       0       0       0       0       0       0       0       0       0       0       0       0       0       0       0       0
      Locals:         0       3       0       0       0       0       0       0       0       0       0       0       0       0       0       0       0       0       0       0       0       0       0       0       0       0       0
      Temps:          0       0       0       0       0       0       0       0       0       0       0       0       0       0       0       0       0       0       0       0       0       0       0       0       0       0       0
      Totals:         0       6       0       0       0       0       0       0       0       0       0       0       0       0       0       0       0       0       0       0       0       0       0       0       0       0       0
Total ram usage:        6 bytes
 Hardware stack levels used:    1
 Hardware stack levels required when called:    3
 This function calls:
		Nothing
 This function is called by:
		_ES_Run
 This function uses a non-reentrant model


 *************** function _RunToggleService *****************
 Defined at:
		line 128 in file "ToggleService.c"
 Parameters:    Size  Location     Type
  ThisEvent       3    7[BANK0 ] struct ES_Event_t
 Auto vars:     Size  Location     Type
  ReturnEvent     3   10[BANK0 ] struct ES_Event_t
 Return value:  Size  Location     Type
                  3    7[BANK0 ] struct ES_Event_t
 Registers used:
		wreg, fsr0l, fsr0h, fsr1l, fsr1h, status,2, status,0, pclath, cstack
 Tracked objects:
		On entry : 
		On exit  : 
		Unchanged: 
 Data sizes:     COMMON   BANK0   BANK1   BANK2   BANK3   BANK4   BANK5   BANK6   BANK7   BANK8   BANK9  BANK10  BANK11  BANK12  BANK13  BANK14  BANK15  BANK16  BANK17  BANK18  BANK19  BANK20  BANK21  BANK22  BANK23  BANK24  BANK25
      Params:         0       3       0       0       0       0       0       0       0       0       0       0       0       0       0       0       0       0       0       0       0       0       0       0       0       0       0
      Locals:         0       3       0       0       0       0       0       0       0       0       0       0       0       0       0       0       0       0       0       0       0       0       0       0       0       0       0
      Temps:          0       0       0       0       0       0       0       0       0       0       0       0       0       0       0       0       0       0       0       0       0       0       0       0       0       0       0
      Totals:         0       6       0       0       0       0       0       0       0       0       0       0       0       0       0       0       0       0       0       0       0       0       0       0       0       0       0
Total ram usage:        6 bytes
 Hardware stack levels used:    1
 Hardware stack levels required when called:    4
 This function calls:
		_ES_Timer_InitTimer
 This function is called by:
		_ES_Run
 This function uses a non-reentrant model


 *************** function _ES_DeQueue *****************
 Defined at:
		line 164 in file "ES_Queue.c"
 Parameters:    Size  Location     Type
  pBlock          1    wreg     PTR struct ES_Event_t
		 -> Queue1(12), Queue0(18), 
  pReturnEvent    1   11[BANK0 ] PTR struct ES_Event_t
		 -> ES_Run@ThisEvent(3), ES_RecallEvents@RecalledEvent(3), 
 Auto vars:     Size  Location     Type
  pBlock          1   19[BANK0 ] PTR struct ES_Event_t
		 -> Queue1(12), Queue0(18), 
  pThisQueue      1   20[BANK0 ] PTR struct .
		 -> Queue1(12), Queue0(18), 
  NumLeft         1   18[BANK0 ] unsigned char 
  SaveCrit        1   17[BANK0 ] unsigned char 
 Return value:  Size  Location     Type
                  1    wreg      unsigned char 
 Registers used:
		wreg, fsr0l, fsr0h, fsr1l, fsr1h, status,2, status,0, pclath, cstack
 Tracked objects:
		On entry : 
		On exit  : 
		Unchanged: 
 Data sizes:     COMMON   BANK0   BANK1   BANK2   BANK3   BANK4   BANK5   BANK6   BANK7   BANK8   BANK9  BANK10  BANK11  BANK12  BANK13  BANK14  BANK15  BANK16  BANK17  BANK18  BANK19  BANK20  BANK21  BANK22  BANK23  BANK24  BANK25
      Params:         0       1       0       0       0       0       0       0       0       0       0       0       0       0       0       0       0       0       0       0       0       0       0       0       0       0       0
      Locals:         0       4       0       0       0       0       0       0       0       0       0       0       0       0       0       0       0       0       0       0       0       0       0       0       0       0       0
      Temps:          0       5       0       0       0       0       0       0       0       0       0       0       0       0       0       0       0       0       0       0       0       0       0       0       0       0       0
      Totals:         0      10       0       0       0       0       0       0       0       0       0       0       0       0       0       0       0       0       0       0       0       0       0       0       0       0       0
Total ram usage:       10 bytes
 Hardware stack levels used:    1
 Hardware stack levels required when called:    4
 This function calls:
		___bmul
		___lbmod
 This function is called by:
		_ES_Run
		_ES_RecallEvents
 This function uses a non-reentrant model


 *************** function ___lbmod *****************
 Defined at:
		line 4 in file "/Applications/microchip/xc8/v1.38/sources/common/lbmod.c"
 Parameters:    Size  Location     Type
  dividend        1    wreg     unsigned char 
  divisor         1    0[BANK0 ] unsigned char 
 Auto vars:     Size  Location     Type
  dividend        1    3[BANK0 ] unsigned char 
  rem             1    5[BANK0 ] unsigned char 
  counter         1    4[BANK0 ] unsigned char 
 Return value:  Size  Location     Type
                  1    wreg      unsigned char 
 Registers used:
		wreg, status,2, status,0
 Tracked objects:
		On entry : 
		On exit  : 
		Unchanged: 
 Data sizes:     COMMON   BANK0   BANK1   BANK2   BANK3   BANK4   BANK5   BANK6   BANK7   BANK8   BANK9  BANK10  BANK11  BANK12  BANK13  BANK14  BANK15  BANK16  BANK17  BANK18  BANK19  BANK20  BANK21  BANK22  BANK23  BANK24  BANK25
      Params:         0       1       0       0       0       0       0       0       0       0       0       0       0       0       0       0       0       0       0       0       0       0       0       0       0       0       0
      Locals:         0       3       0       0       0       0       0       0       0       0       0       0       0       0       0       0       0       0       0       0       0       0       0       0       0       0       0
      Temps:          0       2       0       0       0       0       0       0       0       0       0       0       0       0       0       0       0       0       0       0       0       0       0       0       0       0       0
      Totals:         0       6       0       0       0       0       0       0       0       0       0       0       0       0       0       0       0       0       0       0       0       0       0       0       0       0       0
Total ram usage:        6 bytes
 Hardware stack levels used:    1
 Hardware stack levels required when called:    3
 This function calls:
		Nothing
 This function is called by:
		_ES_DeQueue
 This function uses a non-reentrant model


 *************** function _ES_CheckUserEvents *****************
 Defined at:
		line 46 in file "ES_CheckEvents.c"
 Parameters:    Size  Location     Type
		None
 Auto vars:     Size  Location     Type
  i               1    2[BANK0 ] unsigned char 
 Return value:  Size  Location     Type
                  1    wreg      unsigned char 
 Registers used:
		wreg, fsr0l, fsr0h, status,2, status,0, pclath, cstack
 Tracked objects:
		On entry : 
		On exit  : 
		Unchanged: 
 Data sizes:     COMMON   BANK0   BANK1   BANK2   BANK3   BANK4   BANK5   BANK6   BANK7   BANK8   BANK9  BANK10  BANK11  BANK12  BANK13  BANK14  BANK15  BANK16  BANK17  BANK18  BANK19  BANK20  BANK21  BANK22  BANK23  BANK24  BANK25
      Params:         0       0       0       0       0       0       0       0       0       0       0       0       0       0       0       0       0       0       0       0       0       0       0       0       0       0       0
      Locals:         0       1       0       0       0       0       0       0       0       0       0       0       0       0       0       0       0       0       0       0       0       0       0       0       0       0       0
      Temps:          0       2       0       0       0       0       0       0       0       0       0       0       0       0       0       0       0       0       0       0       0       0       0       0       0       0       0
      Totals:         0       3       0       0       0       0       0       0       0       0       0       0       0       0       0       0       0       0       0       0       0       0       0       0       0       0       0
Total ram usage:        3 bytes
 Hardware stack levels used:    1
 Hardware stack levels required when called:    4
 This function calls:
		_Check4Keystroke
 This function is called by:
		_ES_Run
 This function uses a non-reentrant model


 *************** function _Check4Keystroke *****************
 Defined at:
		line 108 in file "EventCheckers.c"
 Parameters:    Size  Location     Type
		None
 Auto vars:     Size  Location     Type
		None
 Return value:  Size  Location     Type
                  1    wreg      unsigned char 
 Registers used:
		wreg
 Tracked objects:
		On entry : 
		On exit  : 
		Unchanged: 
 Data sizes:     COMMON   BANK0   BANK1   BANK2   BANK3   BANK4   BANK5   BANK6   BANK7   BANK8   BANK9  BANK10  BANK11  BANK12  BANK13  BANK14  BANK15  BANK16  BANK17  BANK18  BANK19  BANK20  BANK21  BANK22  BANK23  BANK24  BANK25
      Params:         0       0       0       0       0       0       0       0       0       0       0       0       0       0       0       0       0       0       0       0       0       0       0       0       0       0       0
      Locals:         0       0       0       0       0       0       0       0       0       0       0       0       0       0       0       0       0       0       0       0       0       0       0       0       0       0       0
      Temps:          0       0       0       0       0       0       0       0       0       0       0       0       0       0       0       0       0       0       0       0       0       0       0       0       0       0       0
      Totals:         0       0       0       0       0       0       0       0       0       0       0       0       0       0       0       0       0       0       0       0       0       0       0       0       0       0       0
Total ram usage:        0 bytes
 Hardware stack levels used:    1
 Hardware stack levels required when called:    3
 This function calls:
		Nothing
 This function is called by:
		_ES_CheckUserEvents
 This function uses a non-reentrant model


 *************** function _ES_Initialize *****************
 Defined at:
		line 242 in file "ES_Framework.c"
 Parameters:    Size  Location     Type
  NewRate         2   34[BANK0 ] enum E1912
 Auto vars:     Size  Location     Type
  i               1   43[BANK0 ] unsigned char 
 Return value:  Size  Location     Type
                  1    wreg      enum E1983
 Registers used:
		wreg, fsr0l, fsr0h, fsr1l, fsr1h, status,2, status,0, pclath, cstack
 Tracked objects:
		On entry : 
		On exit  : 
		Unchanged: 
 Data sizes:     COMMON   BANK0   BANK1   BANK2   BANK3   BANK4   BANK5   BANK6   BANK7   BANK8   BANK9  BANK10  BANK11  BANK12  BANK13  BANK14  BANK15  BANK16  BANK17  BANK18  BANK19  BANK20  BANK21  BANK22  BANK23  BANK24  BANK25
      Params:         0       2       0       0       0       0       0       0       0       0       0       0       0       0       0       0       0       0       0       0       0       0       0       0       0       0       0
      Locals:         0       1       0       0       0       0       0       0       0       0       0       0       0       0       0       0       0       0       0       0       0       0       0       0       0       0       0
      Temps:          0       7       0       0       0       0       0       0       0       0       0       0       0       0       0       0       0       0       0       0       0       0       0       0       0       0       0
      Totals:         0      10       0       0       0       0       0       0       0       0       0       0       0       0       0       0       0       0       0       0       0       0       0       0       0       0       0
Total ram usage:       10 bytes
 Hardware stack levels used:    1
 Hardware stack levels required when called:    7
 This function calls:
		_ES_InitQueue
		_ES_Timer_Init
		_InitSPI_Service
		_InitToggleService
 This function is called by:
		_main
 This function uses a non-reentrant model


 *************** function _InitSPI_Service *****************
 Defined at:
		line 47 in file "SPI_Service.c"
 Parameters:    Size  Location     Type
  Priority        1   29[BANK0 ] unsigned char 
 Auto vars:     Size  Location     Type
		None
 Return value:  Size  Location     Type
                  1    wreg      unsigned char 
 Registers used:
		wreg, status,2, status,0, pclath, cstack
 Tracked objects:
		On entry : 
		On exit  : 
		Unchanged: 
 Data sizes:     COMMON   BANK0   BANK1   BANK2   BANK3   BANK4   BANK5   BANK6   BANK7   BANK8   BANK9  BANK10  BANK11  BANK12  BANK13  BANK14  BANK15  BANK16  BANK17  BANK18  BANK19  BANK20  BANK21  BANK22  BANK23  BANK24  BANK25
      Params:         0       1       0       0       0       0       0       0       0       0       0       0       0       0       0       0       0       0       0       0       0       0       0       0       0       0       0
      Locals:         0       0       0       0       0       0       0       0       0       0       0       0       0       0       0       0       0       0       0       0       0       0       0       0       0       0       0
      Temps:          0       1       0       0       0       0       0       0       0       0       0       0       0       0       0       0       0       0       0       0       0       0       0       0       0       0       0
      Totals:         0       2       0       0       0       0       0       0       0       0       0       0       0       0       0       0       0       0       0       0       0       0       0       0       0       0       0
Total ram usage:        2 bytes
 Hardware stack levels used:    1
 Hardware stack levels required when called:    4
 This function calls:
		_InitSPI
 This function is called by:
		_ES_Initialize
[...]
  multiplier      1    wreg     unsigned char 
  multiplicand    1    7[BANK0 ] unsigned char 
 Auto vars:     Size  Location     Type
  multiplier      1   10[BANK0 ] unsigned char 
  product         1    9[BANK0 ] unsigned char 
 Return value:  Size  Location     Type
                  1    wreg      unsigned char 
 Registers used:
		wreg, status,2, status,0
 Tracked objects:
		On entry : 
		On exit  : 
		Unchanged: 
 Data sizes:     COMMON   BANK0   BANK1   BANK2   BANK3   BANK4   BANK5   BANK6   BANK7   BANK8   BANK9  BANK10  BANK11  BANK12  BANK13  BANK14  BANK15  BANK16  BANK17  BANK18  BANK19  BANK20  BANK21  BANK22  BANK23  BANK24  BANK25
      Params:         0       1       0       0       0       0       0       0       0       0       0       0       0       0       0       0       0       0       0       0       0       0       0       0       0       0       0
      Locals:         0       2       0       0       0       0       0       0       0       0       0       0       0       0       0       0       0       0       0       0       0       0       0       0       0       0       0
      Temps:          0       1       0       0       0       0       0       0       0       0       0       0       0       0       0       0       0       0       0       0       0       0       0       0       0       0       0
      Totals:         0       4       0       0       0       0       0       0       0       0       0       0       0       0       0       0       0       0       0       0       0       0       0       0       0       0       0
Total ram usage:        4 bytes
 Hardware stack levels used:    1
 Hardware stack levels required when called:    3
 This function calls:
		Nothing
 This function is called by:
		_ES_EnQueueFIFO
		_ES_DeQueue
		_ES_EnQueueLIFO
 This function uses a non-reentrant model


 *************** function ___awmod *****************
 Defined at:
		line 6 in file "/Applications/microchip/xc8/v1.38/sources/common/awmod.c"
 Parameters:    Size  Location     Type
  divisor         2    0[BANK0 ] int 
  dividend        2    2[BANK0 ] int 
 Auto vars:     Size  Location     Type
  sign            1    6[BANK0 ] unsigned char 
  counter         1    5[BANK0 ] unsigned char 
 Return value:  Size  Location     Type
                  2    0[BANK0 ] int 
 Registers used:
		wreg, status,2, status,0
 Tracked objects:
		On entry : 
		On exit  : 
		Unchanged: 
 Data sizes:     COMMON   BANK0   BANK1   BANK2   BANK3   BANK4   BANK5   BANK6   BANK7   BANK8   BANK9  BANK10  BANK11  BANK12  BANK13  BANK14  BANK15  BANK16  BANK17  BANK18  BANK19  BANK20  BANK21  BANK22  BANK23  BANK24  BANK25
      Params:         0       4       0       0       0       0       0       0       0       0       0       0       0       0       0       0       0       0       0       0       0       0       0       0       0       0       0
      Locals:         0       2       0       0       0       0       0       0       0       0       0       0       0       0       0       0       0       0       0       0       0       0       0       0       0       0       0
      Temps:          0       1       0       0       0       0       0       0       0       0       0       0       0       0       0       0       0       0       0       0       0       0       0       0       0       0       0
      Totals:         0       7       0       0       0       0       0       0       0       0       0       0       0       0       0       0       0       0       0       0       0       0       0       0       0       0       0
Total ram usage:        7 bytes
 Hardware stack levels used:    1
 Hardware stack levels required when called:    3
 This function calls:
		Nothing
 This function is called by:
		_ES_EnQueueFIFO
 This function uses a non-reentrant model


 *************** function _InitSPI *****************
 Defined at:
		line 109 in file "SPI_Service.c"
 Parameters:    Size  Location     Type
		None
 Auto vars:     Size  Location     Type
		None
 Return value:  Size  Location     Type
                  1    wreg      void 
 Registers used:
		wreg, status,2
 Tracked objects:
		On entry : 
		On exit  : 
		Unchanged: 
 Data sizes:     COMMON   BANK0   BANK1   BANK2   BANK3   BANK4   BANK5   BANK6   BANK7   BANK8   BANK9  BANK10  BANK11  BANK12  BANK13  BANK14  BANK15  BANK16  BANK17  BANK18  BANK19  BANK20  BANK21  BANK22  BANK23  BANK24  BANK25
      Params:         0       0       0       0       0       0       0       0       0       0       0       0       0       0       0       0       0       0       0       0       0       0       0       0       0       0       0
      Locals:         0       0       0       0       0       0       0       0       0       0       0       0       0       0       0       0       0       0       0       0       0       0       0       0       0       0       0
      Temps:          0       0       0       0       0       0       0       0       0       0       0       0       0       0       0       0       0       0       0       0       0       0       0       0       0       0       0
      Totals:         0       0       0       0       0       0       0       0       0       0       0       0       0       0       0       0       0       0       0       0       0       0       0       0       0       0       0
Total ram usage:        0 bytes
 Hardware stack levels used:    1
 Hardware stack levels required when called:    3
 This function calls:
		Nothing
 This function is called by:
		_InitSPI_Service
 This function uses a non-reentrant model


 *************** function _ES_Timer_Init *****************
 Defined at:
		line 130 in file "ES_Timers.c"
 Parameters:    Size  Location     Type
  Rate            2    2[BANK0 ] enum E1912
 Auto vars:     Size  Location     Type
		None
 Return value:  Size  Location     Type
                  1    wreg      void 
 Registers used:
		wreg, status,2, status,0, pclath, cstack
 Tracked objects:
		On entry : 
		On exit  : 
		Unchanged: 
 Data sizes:     COMMON   BANK0   BANK1   BANK2   BANK3   BANK4   BANK5   BANK6   BANK7   BANK8   BANK9  BANK10  BANK11  BANK12  BANK13  BANK14  BANK15  BANK16  BANK17  BANK18  BANK19  BANK20  BANK21  BANK22  BANK23  BANK24  BANK25
      Params:         0       2       0       0       0       0       0       0       0       0       0       0       0       0       0       0       0       0       0       0       0       0       0       0       0       0       0
      Locals:         0       0       0       0       0       0       0       0       0       0       0       0       0       0       0       0       0       0       0       0       0       0       0       0       0       0       0
      Temps:          0       0       0       0       0       0       0       0       0       0       0       0       0       0       0       0       0       0       0       0       0       0       0       0       0       0       0
      Totals:         0       2       0       0       0       0       0       0       0       0       0       0       0       0       0       0       0       0       0       0       0       0       0       0       0       0       0
Total ram usage:        2 bytes
 Hardware stack levels used:    1
 Hardware stack levels required when called:    4
 This function calls:
		__HW_Timer_Init
 This function is called by:
		_ES_Initialize
 This function uses a non-reentrant model


 *************** function __HW_Timer_Init *****************
 Defined at:
		line 76 in file "ES_Port.c"
 Parameters:    Size  Location     Type
  Rate            2    0[BANK0 ] enum E1896
 Auto vars:     Size  Location     Type
		None
 Return value:  Size  Location     Type
                  1    wreg      void 
 Registers used:
		wreg, status,2
 Tracked objects:
		On entry : 
		On exit  : 
		Unchanged: 
 Data sizes:     COMMON   BANK0   BANK1   BANK2   BANK3   BANK4   BANK5   BANK6   BANK7   BANK8   BANK9  BANK10  BANK11  BANK12  BANK13  BANK14  BANK15  BANK16  BANK17  BANK18  BANK19  BANK20  BANK21  BANK22  BANK23  BANK24  BANK25
      Params:         0       2       0       0       0       0       0       0       0       0       0       0       0       0       0       0       0       0       0       0       0       0       0       0       0       0       0
      Locals:         0       0       0       0       0       0       0       0       0       0       0       0       0       0       0       0       0       0       0       0       0       0       0       0       0       0       0
      Temps:          0       0       0       0       0       0       0       0       0       0       0       0       0       0       0       0       0       0       0       0       0       0       0       0       0       0       0
      Totals:         0       2       0       0       0       0       0       0       0       0       0       0       0       0       0       0       0       0       0       0       0       0       0       0       0       0       0
Total ram usage:        2 bytes
 Hardware stack levels used:    1
 Hardware stack levels required when called:    3
 This function calls:
		Nothing
 This function is called by:
		_ES_Timer_Init
 This function uses a non-reentrant model


 *************** function _ES_InitQueue *****************
 Defined at:
		line 58 in file "ES_Queue.c"
 Parameters:    Size  Location     Type
  pBlock          1    wreg     PTR struct ES_Event_t
		 -> Queue1(12), Queue0(18), 
  BlockSize       1    0[BANK0 ] unsigned char 
 Auto vars:     Size  Location     Type
  pBlock          1    2[BANK0 ] PTR struct ES_Event_t
		 -> Queue1(12), Queue0(18), 
  pThisQueue      1    3[BANK0 ] PTR struct .
		 -> Queue1(12), Queue0(18), 
 Return value:  Size  Location     Type
                  1    wreg      unsigned char 
 Registers used:
		wreg, fsr1l, fsr1h, status,2, status,0
 Tracked objects:
		On entry : 
		On exit  : 
		Unchanged: 
 Data sizes:     COMMON   BANK0   BANK1   BANK2   BANK3   BANK4   BANK5   BANK6   BANK7   BANK8   BANK9  BANK10  BANK11  BANK12  BANK13  BANK14  BANK15  BANK16  BANK17  BANK18  BANK19  BANK20  BANK21  BANK22  BANK23  BANK24  BANK25
      Params:         0       1       0       0       0       0       0       0       0       0       0       0       0       0       0       0       0       0       0       0       0       0       0       0       0       0       0
      Locals:         0       2       0       0       0       0       0       0       0       0       0       0       0       0       0       0       0       0       0       0       0       0       0       0       0       0       0
      Temps:          0       1       0       0       0       0       0       0       0       0       0       0       0       0       0       0       0       0       0       0       0       0       0       0       0       0       0
      Totals:         0       4       0       0       0       0       0       0       0       0       0       0       0       0       0       0       0       0       0       0       0       0       0       0       0       0       0
Total ram usage:        4 bytes
 Hardware stack levels used:    1
 Hardware stack levels required when called:    3
 This function calls:
		Nothing
 This function is called by:
		_ES_Initialize
 This function uses a non-reentrant model


 *************** function _ISR *****************
 Defined at:
		line 116 in file "ES_Port.c"
 Parameters:    Size  Location     Type
		None
 Auto vars:     Size  Location     Type
		None
 Return value:  Size  Location     Type
                  1    wreg      void 
 Registers used:
		wreg, fsr0l, fsr0h, fsr1l, fsr1h, status,2, status,0, pclath, cstack
 Tracked objects:
		On entry : 
		On exit  : 
		Unchanged: 
 Data sizes:     COMMON   BANK0   BANK1   BANK2   BANK3   BANK4   BANK5   BANK6   BANK7   BANK8   BANK9  BANK10  BANK11  BANK12  BANK13  BANK14  BANK15  BANK16  BANK17  BANK18  BANK19  BANK20  BANK21  BANK22  BANK23  BANK24  BANK25
      Params:         0       0       0       0       0       0       0       0       0       0       0       0       0       0       0       0       0       0       0       0       0       0       0       0       0       0       0
      Locals:         0       0       0       0       0       0       0       0       0       0       0       0       0       0       0       0       0       0       0       0       0       0       0       0       0       0       0
      Temps:          2       0       0       0       0       0       0       0       0       0       0       0       0       0       0       0       0       0       0       0       0       0       0       0       0       0       0
      Totals:         2       0       0       0       0       0       0       0       0       0       0       0       0       0       0       0       0       0       0       0       0       0       0       0       0       0       0
Total ram usage:        2 bytes
 Hardware stack levels used:    1
 Hardware stack levels required when called:    2
 This function calls:
		_EOTResponse
 This function is called by:
		Interrupt level 1
 This function uses a non-reentrant model


 *************** function _EOTResponse *****************
 Defined at:
		line 97 in file "SPI_Service.c"
 Parameters:    Size  Location     Type
		None
 Auto vars:     Size  Location     Type
		None
 Return value:  Size  Location     Type
                  1    wreg      void 
 Registers used:
		wreg, fsr0l, fsr0h, fsr1l, fsr1h, status,2, status,0, pclath, cstack
 Tracked objects:
		On entry : 
		On exit  : 
		Unchanged: 
 Data sizes:     COMMON   BANK0   BANK1   BANK2   BANK3   BANK4   BANK5   BANK6   BANK7   BANK8   BANK9  BANK10  BANK11  BANK12  BANK13  BANK14  BANK15  BANK16  BANK17  BANK18  BANK19  BANK20  BANK21  BANK22  BANK23  BANK24  BANK25
      Params:         0       0       0       0       0       0       0       0       0       0       0       0       0       0       0       0       0       0       0       0       0       0       0       0       0       0       0
      Locals:         0       0       0       0       0       0       0       0       0       0       0       0       0       0       0       0       0       0       0       0       0       0       0       0       0       0       0
      Temps:          0       0       0       0       0       0       0       0       0       0       0       0       0       0       0       0       0       0       0       0       0       0       0       0       0       0       0
      Totals:         0       0       0       0       0       0       0       0       0       0       0       0       0       0       0       0       0       0       0       0       0       0       0       0       0       0       0
Total ram usage:        0 bytes
 Hardware stack levels used:    1
 Hardware stack levels required when called:    1
 This function calls:
		i1_ES_Timer_InitTimer
 This function is called by:
		_ISR
 This function uses a non-reentrant model


 *************** function i1_ES_Timer_InitTimer *****************
 Defined at:
		line 229 in file "ES_Timers.c"
 Parameters:    Size  Location     Type
  Num             1    wreg     unsigned char 
  NewTime         2    0[COMMON] unsigned int 
 Auto vars:     Size  Location     Type
  Num             1    6[COMMON] unsigned char 
 Return value:  Size  Location     Type
                  1    wreg      enum E1961
 Registers used:
		wreg, fsr0l, fsr0h, fsr1l, fsr1h, status,2, status,0, pclath
 Tracked objects:
		On entry : 
		On exit  : 
		Unchanged: 
 Data sizes:     COMMON   BANK0   BANK1   BANK2   BANK3   BANK4   BANK5   BANK6   BANK7   BANK8   BANK9  BANK10  BANK11  BANK12  BANK13  BANK14  BANK15  BANK16  BANK17  BANK18  BANK19  BANK20  BANK21  BANK22  BANK23  BANK24  BANK25
      Params:         2       0       0       0       0       0       0       0       0       0       0       0       0       0       0       0       0       0       0       0       0       0       0       0       0       0       0
      Locals:         1       0       0       0       0       0       0       0       0       0       0       0       0       0       0       0       0       0       0       0       0       0       0       0       0       0       0
      Temps:          4       0       0       0       0       0       0       0       0       0       0       0       0       0       0       0       0       0       0       0       0       0       0       0       0       0       0
      Totals:         7       0       0       0       0       0       0       0       0       0       0       0       0       0       0       0       0       0       0       0       0       0       0       0       0       0       0
Total ram usage:        7 bytes
 Hardware stack levels used:    1
 This function calls:
		Nothing
 This function is called by:
		_EOTResponse
 This function uses a non-reentrant model



MODULE INFORMATION

Module		Function		Class		Link	Load	Size
ES_Queue.c
		_ES_EnQueueFIFO		CODE           	02E4	0000	83
		_ES_DeQueue    		CODE           	0204	0000	116
		_ES_InitQueue  		CODE           	055B	0000	25

ES_Queue.c estimated size: 224

ES_CheckEvents.c
		_ES_CheckUserEvents		CODE           	0520	0000	31

ES_CheckEvents.c estimated size: 31

/Applications/microchip/xc8/v1.38/sources/common/lbmod.c
		___lbmod       		CODE           	0500	0000	33

/Applications/microchip/xc8/v1.38/sources/common/lbmod.c estimated size: 33

ES_LookupTables.c
		_ES_GetMSBitSet		CODE           	0382	0000	71

ES_LookupTables.c estimated size: 71

/Applications/microchip/xc8/v1.38/sources/common/Umul8.c
		___bmul        		CODE           	059C	0000	19

/Applications/microchip/xc8/v1.38/sources/common/Umul8.c estimated size: 19

EventCheckers.c
		_Check4Keystroke		CODE           	0606	0000	3

EventCheckers.c estimated size: 3

ES_Framework.c
		_ES_PostToService		CODE           	047C	0000	55
		_ES_Run        		CODE           	0277	0000	110
		_ES_Initialize 		CODE           	010A	0000	136

ES_Framework.c estimated size: 301

ToggleService.c
		_InitToggleService		CODE           	04B2	0000	47
		_RunToggleService		CODE           	04E0	0000	33
		_PostToggleService		CODE           	05E4	0000	12

ToggleService.c estimated size: 92

shared
		_BitNum2SetMask		STRCODE        	0052	0000	33
		_DistList00    		STRCODE        	00AF	0000	3
		_ES_EventList  		STRCODE        	00AD	0000	3
		_Nybble2MSBitNum		STRCODE        	0092	0000	16
		_EventQueues   		STRCODE        	00A9	0000	5
		__initialization		CODE           	003A	0000	21
		_Timer2PostFunc		STRCODE        	0072	0000	33
		_ServDescList  		STRCODE        	00A1	0000	9
		i1_ES_Timer_InitTimer		CODE           	0445	0000	56

shared estimated size: 179

ES_Port.c
		_ISR           		CODE           	0004	0000	53
		__HW_Process_Pending_Ints		CODE           	05CC	0000	14
		__HW_Timer_Init		CODE           	05AE	0000	17

ES_Port.c estimated size: 84

/Applications/microchip/xc8/v1.38/sources/common/awmod.c
		___awmod       		CODE           	03C8	0000	71

/Applications/microchip/xc8/v1.38/sources/common/awmod.c estimated size: 71

/Applications/microchip/xc8/v1.38/sources/common/putch.c
		_putch         		CODE           	0608	0000	2

/Applications/microchip/xc8/v1.38/sources/common/putch.c estimated size: 2

SPI_Service.c
		_EOTResponse   		CODE           	05BE	0000	15
		_InitSPI_Service		CODE           	05EF	0000	10
		_InitSPI       		CODE           	0588	0000	21
		_PostSPI_Service		CODE           	05D9	0000	12
		_RunSPI_Service		CODE           	0573	0000	22

SPI_Service.c estimated size: 80

ES_Timers.c
		_ES_Timer_Init 		CODE           	05F8	0000	9
		_ES_Timer_InitTimer		CODE           	040E	0000	56
		_ES_Timer_Tick_Resp		CODE           	0191	0000	116

ES_Timers.c estimated size: 181

main.c
		_main          		CODE           	0336	0000	77

main.c estimated size: 77

/Applications/microchip/xc8/v1.38/sources/common/doprnt.c
		_printf        		CODE           	053E	0000	30

/Applications/microchip/xc8/v1.38/sources/common/doprnt.c estimated size: 30

